Archive member included to satisfy reference by file (symbol)

c:/program files (x86)/atmel/studio/7.0/toolchain/arm/arm-gnu-toolchain/bin/../lib/gcc/arm-none-eabi/5.3.1/../../../../arm-none-eabi/lib/armv7-m\libc.a(lib_a-exit.o)
                              c:/program files (x86)/atmel/studio/7.0/toolchain/arm/arm-gnu-toolchain/bin/../lib/gcc/arm-none-eabi/5.3.1/../../../../arm-none-eabi/lib/armv7-m/crt0.o (exit)
c:/program files (x86)/atmel/studio/7.0/toolchain/arm/arm-gnu-toolchain/bin/../lib/gcc/arm-none-eabi/5.3.1/../../../../arm-none-eabi/lib/armv7-m\libc.a(lib_a-impure.o)
                              c:/program files (x86)/atmel/studio/7.0/toolchain/arm/arm-gnu-toolchain/bin/../lib/gcc/arm-none-eabi/5.3.1/../../../../arm-none-eabi/lib/armv7-m\libc.a(lib_a-exit.o) (_global_impure_ptr)
c:/program files (x86)/atmel/studio/7.0/toolchain/arm/arm-gnu-toolchain/bin/../lib/gcc/arm-none-eabi/5.3.1/../../../../arm-none-eabi/lib/armv7-m\libc.a(lib_a-init.o)
                              c:/program files (x86)/atmel/studio/7.0/toolchain/arm/arm-gnu-toolchain/bin/../lib/gcc/arm-none-eabi/5.3.1/../../../../arm-none-eabi/lib/armv7-m/crt0.o (__libc_init_array)
c:/program files (x86)/atmel/studio/7.0/toolchain/arm/arm-gnu-toolchain/bin/../lib/gcc/arm-none-eabi/5.3.1/../../../../arm-none-eabi/lib/armv7-m\libc.a(lib_a-iprintf.o)
                              src/ppm_out.o (iprintf)
c:/program files (x86)/atmel/studio/7.0/toolchain/arm/arm-gnu-toolchain/bin/../lib/gcc/arm-none-eabi/5.3.1/../../../../arm-none-eabi/lib/armv7-m\libc.a(lib_a-memset.o)
                              c:/program files (x86)/atmel/studio/7.0/toolchain/arm/arm-gnu-toolchain/bin/../lib/gcc/arm-none-eabi/5.3.1/../../../../arm-none-eabi/lib/armv7-m/crt0.o (memset)
c:/program files (x86)/atmel/studio/7.0/toolchain/arm/arm-gnu-toolchain/bin/../lib/gcc/arm-none-eabi/5.3.1/../../../../arm-none-eabi/lib/armv7-m\libc.a(lib_a-setbuf.o)
                              src/ppm_out.o (setbuf)
c:/program files (x86)/atmel/studio/7.0/toolchain/arm/arm-gnu-toolchain/bin/../lib/gcc/arm-none-eabi/5.3.1/../../../../arm-none-eabi/lib/armv7-m\libc.a(lib_a-setvbuf.o)
                              c:/program files (x86)/atmel/studio/7.0/toolchain/arm/arm-gnu-toolchain/bin/../lib/gcc/arm-none-eabi/5.3.1/../../../../arm-none-eabi/lib/armv7-m\libc.a(lib_a-setbuf.o) (setvbuf)
c:/program files (x86)/atmel/studio/7.0/toolchain/arm/arm-gnu-toolchain/bin/../lib/gcc/arm-none-eabi/5.3.1/../../../../arm-none-eabi/lib/armv7-m\libc.a(lib_a-vfiprintf.o)
                              c:/program files (x86)/atmel/studio/7.0/toolchain/arm/arm-gnu-toolchain/bin/../lib/gcc/arm-none-eabi/5.3.1/../../../../arm-none-eabi/lib/armv7-m\libc.a(lib_a-iprintf.o) (_vfiprintf_r)
c:/program files (x86)/atmel/studio/7.0/toolchain/arm/arm-gnu-toolchain/bin/../lib/gcc/arm-none-eabi/5.3.1/../../../../arm-none-eabi/lib/armv7-m\libc.a(lib_a-wsetup.o)
                              c:/program files (x86)/atmel/studio/7.0/toolchain/arm/arm-gnu-toolchain/bin/../lib/gcc/arm-none-eabi/5.3.1/../../../../arm-none-eabi/lib/armv7-m\libc.a(lib_a-vfiprintf.o) (__swsetup_r)
c:/program files (x86)/atmel/studio/7.0/toolchain/arm/arm-gnu-toolchain/bin/../lib/gcc/arm-none-eabi/5.3.1/../../../../arm-none-eabi/lib/armv7-m\libc.a(lib_a-__call_atexit.o)
                              c:/program files (x86)/atmel/studio/7.0/toolchain/arm/arm-gnu-toolchain/bin/../lib/gcc/arm-none-eabi/5.3.1/../../../../arm-none-eabi/lib/armv7-m\libc.a(lib_a-exit.o) (__call_exitprocs)
c:/program files (x86)/atmel/studio/7.0/toolchain/arm/arm-gnu-toolchain/bin/../lib/gcc/arm-none-eabi/5.3.1/../../../../arm-none-eabi/lib/armv7-m\libc.a(lib_a-atexit.o)
                              c:/program files (x86)/atmel/studio/7.0/toolchain/arm/arm-gnu-toolchain/bin/../lib/gcc/arm-none-eabi/5.3.1/../../../../arm-none-eabi/lib/armv7-m\libc.a(lib_a-__call_atexit.o) (atexit)
c:/program files (x86)/atmel/studio/7.0/toolchain/arm/arm-gnu-toolchain/bin/../lib/gcc/arm-none-eabi/5.3.1/../../../../arm-none-eabi/lib/armv7-m\libc.a(lib_a-fflush.o)
                              c:/program files (x86)/atmel/studio/7.0/toolchain/arm/arm-gnu-toolchain/bin/../lib/gcc/arm-none-eabi/5.3.1/../../../../arm-none-eabi/lib/armv7-m\libc.a(lib_a-setvbuf.o) (_fflush_r)
c:/program files (x86)/atmel/studio/7.0/toolchain/arm/arm-gnu-toolchain/bin/../lib/gcc/arm-none-eabi/5.3.1/../../../../arm-none-eabi/lib/armv7-m\libc.a(lib_a-findfp.o)
                              c:/program files (x86)/atmel/studio/7.0/toolchain/arm/arm-gnu-toolchain/bin/../lib/gcc/arm-none-eabi/5.3.1/../../../../arm-none-eabi/lib/armv7-m\libc.a(lib_a-setvbuf.o) (__sinit)
c:/program files (x86)/atmel/studio/7.0/toolchain/arm/arm-gnu-toolchain/bin/../lib/gcc/arm-none-eabi/5.3.1/../../../../arm-none-eabi/lib/armv7-m\libc.a(lib_a-fini.o)
[...]
Memory Configuration

Name             Origin             Length             Attributes
rom              0x00080000         0x00080000         xr
sram0            0x20000000         0x00010000         xrw
sram1            0x20080000         0x00008000         xrw
ram              0x20070000         0x00018000         xrw
*default*        0x00000000         0xffffffff

Linker script and memory map

LOAD c:/program files (x86)/atmel/studio/7.0/toolchain/arm/arm-gnu-toolchain/bin/../lib/gcc/arm-none-eabi/5.3.1/armv7-m/crti.o
LOAD c:/program files (x86)/atmel/studio/7.0/toolchain/arm/arm-gnu-toolchain/bin/../lib/gcc/arm-none-eabi/5.3.1/armv7-m/crtbegin.o
LOAD c:/program files (x86)/atmel/studio/7.0/toolchain/arm/arm-gnu-toolchain/bin/../lib/gcc/arm-none-eabi/5.3.1/../../../../arm-none-eabi/lib/armv7-m/crt0.o
LOAD src/ASF/common/services/delay/sam/cycle_counter.o
LOAD src/ASF/common/services/clock/sam3x/sysclk.o
LOAD src/ASF/common/services/serial/usart_serial.o
LOAD src/ASF/common/utils/interrupt/interrupt_sam_nvic.o
LOAD src/ASF/common/utils/stdio/read.o
LOAD src/ASF/common/utils/stdio/write.o
LOAD src/ASF/sam/boards/arduino_due_x/init.o
LOAD src/ASF/sam/drivers/pio/pio.o
LOAD src/ASF/sam/drivers/pio/pio_handler.o
LOAD src/ASF/sam/drivers/pmc/pmc.o
LOAD src/ASF/sam/drivers/pmc/sleep.o
LOAD src/ASF/sam/drivers/tc/tc.o
LOAD src/ASF/sam/drivers/uart/uart.o
LOAD src/ASF/sam/drivers/usart/usart.o
LOAD src/ASF/sam/utils/cmsis/sam3x/source/templates/exceptions.o
LOAD src/ASF/sam/utils/cmsis/sam3x/source/templates/gcc/startup_sam3x.o
LOAD src/ASF/sam/utils/cmsis/sam3x/source/templates/system_sam3x.o
LOAD src/ASF/sam/utils/syscalls/gcc/syscalls.o
LOAD src/ppm_out.o
START GROUP
LOAD ../src/ASF/thirdparty/CMSIS/Lib/GCC\libarm_cortexM3l_math.a
LOAD c:/program files (x86)/atmel/studio/7.0/toolchain/arm/arm-gnu-toolchain/bin/../lib/gcc/arm-none-eabi/5.3.1/../../../../arm-none-eabi/lib/armv7-m\libm.a
END GROUP
START GROUP
LOAD c:/program files (x86)/atmel/studio/7.0/toolchain/arm/arm-gnu-toolchain/bin/../lib/gcc/arm-none-eabi/5.3.1/armv7-m\libgcc.a
LOAD c:/program files (x86)/atmel/studio/7.0/toolchain/arm/arm-gnu-toolchain/bin/../lib/gcc/arm-none-eabi/5.3.1/../../../../arm-none-eabi/lib/armv7-m\libc.a
END GROUP
LOAD c:/program files (x86)/atmel/studio/7.0/toolchain/arm/arm-gnu-toolchain/bin/../lib/gcc/arm-none-eabi/5.3.1/armv7-m/crtend.o
LOAD c:/program files (x86)/atmel/studio/7.0/toolchain/arm/arm-gnu-toolchain/bin/../lib/gcc/arm-none-eabi/5.3.1/armv7-m/crtn.o
                0x00002000                __stack_size__ = DEFINED (__stack_size__)?__stack_size__:0x2000
                0x20087ffc                __ram_end__ = ((ORIGIN (ram) + LENGTH (ram)) - 0x4)

.text           0x00080000     0x3c60
                0x00080000                . = ALIGN (0x4)
                0x00080000                _sfixed = .
 *(.vectors .vectors.*)
 .vectors       0x00080000       0xf4 src/ASF/sam/utils/cmsis/sam3x/source/templates/gcc/startup_sam3x.o
                0x00080000                exception_table
 *(.text .text.* .gnu.linkonce.t.*)
 .text          0x000800f4       0x5c c:/program files (x86)/atmel/studio/7.0/toolchain/arm/arm-gnu-toolchain/bin/../lib/gcc/arm-none-eabi/5.3.1/armv7-m/crtbegin.o
 .text.sysclk_init
                0x00080150       0x64 src/ASF/common/services/clock/sam3x/sysclk.o
                0x00080150                sysclk_init
 .text._read    0x000801b4       0x3c src/ASF/common/utils/stdio/read.o
                0x000801b4                _read
 .text._write   0x000801f0       0x50 src/ASF/common/utils/stdio/write.o
                0x000801f0                _write
 .text.board_init
                0x00080240       0x70 src/ASF/sam/boards/arduino_due_x/init.o
                0x00080240                board_init
 .text.pio_set_peripheral
                0x000802b0       0x40 src/ASF/sam/drivers/pio/pio.o
                0x000802b0                pio_set_peripheral
 .text.pio_set_input
                0x000802f0       0x34 src/ASF/sam/drivers/pio/pio.o
                0x000802f0                pio_set_input
 .text.pio_set_output
                0x00080324       0x28 src/ASF/sam/drivers/pio/pio.o
                0x00080324                pio_set_output
 .text.pio_get_interrupt_status
                0x0008034c        0x4 src/ASF/sam/drivers/pio/pio.o
                0x0008034c                pio_get_interrupt_status
 .text.pio_get_interrupt_mask
                0x00080350        0x4 src/ASF/sam/drivers/pio/pio.o
                0x00080350                pio_get_interrupt_mask
 .text.pio_configure_pin
                0x00080354       0xd4 src/ASF/sam/drivers/pio/pio.o
                0x00080354                pio_configure_pin
 .text.pio_configure_pin_group
                0x00080428       0xa0 src/ASF/sam/drivers/pio/pio.o
                0x00080428                pio_configure_pin_group
 .text.pio_handler_process
                0x000804c8       0x50 src/ASF/sam/drivers/pio/pio_handler.o
                0x000804c8                pio_handler_process
 .text.PIOA_Handler
                0x00080518       0x14 src/ASF/sam/drivers/pio/pio_handler.o
                0x00080518                PIOA_Handler
 .text.PIOB_Handler
                0x0008052c       0x14 src/ASF/sam/drivers/pio/pio_handler.o
                0x0008052c                PIOB_Handler
 .text.PIOC_Handler
                0x00080540       0x14 src/ASF/sam/drivers/pio/pio_handler.o
                0x00080540                PIOC_Handler
 .text.PIOD_Handler
                0x00080554       0x14 src/ASF/sam/drivers/pio/pio_handler.o
                0x00080554                PIOD_Handler
 .text.pmc_switch_mck_to_pllack
                0x00080568       0x68 src/ASF/sam/drivers/pmc/pmc.o
                0x00080568                pmc_switch_mck_to_pllack
 .text.pmc_switch_mainck_to_xtal
                0x000805d0       0x54 src/ASF/sam/drivers/pmc/pmc.o
                0x000805d0                pmc_switch_mainck_to_xtal
 .text.pmc_osc_is_ready_mainck
                0x00080624       0x10 src/ASF/sam/drivers/pmc/pmc.o
                0x00080624                pmc_osc_is_ready_mainck
 .text.pmc_disable_pllack
                0x00080634       0x10 src/ASF/sam/drivers/pmc/pmc.o
                0x00080634                pmc_disable_pllack
 .text.pmc_is_locked_pllack
                0x00080644       0x10 src/ASF/sam/drivers/pmc/pmc.o
                0x00080644                pmc_is_locked_pllack
 .text.pmc_enable_periph_clk
                0x00080654       0x54 src/ASF/sam/drivers/pmc/pmc.o
                0x00080654                pmc_enable_periph_clk
 .text.tc_init  0x000806a8       0x18 src/ASF/sam/drivers/tc/tc.o
                0x000806a8                tc_init
 .text.tc_start
                0x000806c0        0x8 src/ASF/sam/drivers/tc/tc.o
                0x000806c0                tc_start
 .text.tc_write_ra
                0x000806c8        0x8 src/ASF/sam/drivers/tc/tc.o
                0x000806c8                tc_write_ra
 .text.tc_write_rc
                0x000806d0        0x8 src/ASF/sam/drivers/tc/tc.o
                0x000806d0                tc_write_rc
 .text.tc_enable_interrupt
                0x000806d8        0x8 src/ASF/sam/drivers/tc/tc.o
                0x000806d8                tc_enable_interrupt
 .text.tc_get_status
                0x000806e0        0x8 src/ASF/sam/drivers/tc/tc.o
                0x000806e0                tc_get_status
 .text.uart_init
                0x000806e8       0x38 src/ASF/sam/drivers/uart/uart.o
                0x000806e8                uart_init
 .text.uart_write
                0x00080720       0x10 src/ASF/sam/drivers/uart/uart.o
                0x00080720                uart_write
 .text.uart_read
                0x00080730       0x14 src/ASF/sam/drivers/uart/uart.o
                0x00080730                uart_read
 .text.usart_write
                0x00080744       0x14 src/ASF/sam/drivers/usart/usart.o
                0x00080744                usart_write
 .text.usart_read
                0x00080758       0x18 src/ASF/sam/drivers/usart/usart.o
                0x00080758                usart_read
 .text.Dummy_Handler
                0x00080770        0x4 src/ASF/sam/utils/cmsis/sam3x/source/templates/exceptions.o
                0x00080770                DACC_Handler
                0x00080770                DebugMon_Handler
                0x00080770                DMAC_Handler
                0x00080770                TRNG_Handler
                0x00080770                HardFault_Handler
                0x00080770                TC2_Handler
                0x00080770                SysTick_Handler
                0x00080770                USART3_Handler
                0x00080770                TWI1_Handler
                0x00080770                PendSV_Handler
                0x00080770                NMI_Handler
                0x00080770                TC7_Handler
                0x00080770                ADC_Handler
                0x00080770                SMC_Handler
                0x00080770                USART0_Handler
                0x00080770                RTT_Handler
                0x00080770                EFC1_Handler
                0x00080770                RTC_Handler
                0x00080770                UsageFault_Handler
                0x00080770                TC6_Handler
                0x00080770                WDT_Handler
                0x00080770                CAN0_Handler
                0x00080770                TC4_Handler
                0x00080770                HSMCI_Handler
                0x00080770                TC3_Handler
                0x00080770                Dummy_Handler
                0x00080770                TWI0_Handler
                0x00080770                USART1_Handler
                0x00080770                SSC_Handler
                0x00080770                EFC0_Handler
                0x00080770                PMC_Handler
                0x00080770                PWM_Handler
                0x00080770                CAN1_Handler
                0x00080770                MemManage_Handler
                0x00080770                SUPC_Handler
                0x00080770                SVC_Handler
                0x00080770                TC8_Handler
                0x00080770                USART2_Handler
                0x00080770                EMAC_Handler
                0x00080770                UART_Handler
                0x00080770                BusFault_Handler
                0x00080770                RSTC_Handler
                0x00080770                TC0_Handler
                0x00080770                TC5_Handler
                0x00080770                UOTGHS_Handler
                0x00080770                SPI0_Handler
 .text.Reset_Handler
                0x00080774       0xac src/ASF/sam/utils/cmsis/sam3x/source/templates/gcc/startup_sam3x.o
                0x00080774                Reset_Handler
 .text.SystemCoreClockUpdate
                0x00080820      0x11c src/ASF/sam/utils/cmsis/sam3x/source/templates/system_sam3x.o
                0x00080820                SystemCoreClockUpdate
 .text._sbrk    0x0008093c       0x34 src/ASF/sam/utils/syscalls/gcc/syscalls.o
                0x0008093c                _sbrk
 .text._close   0x00080970        0x8 src/ASF/sam/utils/syscalls/gcc/syscalls.o
                0x00080970                _close
 .text._fstat   0x00080978        0xc src/ASF/sam/utils/syscalls/gcc/syscalls.o
                0x00080978                _fstat
 .text._isatty  0x00080984        0x4 src/ASF/sam/utils/syscalls/gcc/syscalls.o
                0x00080984                _isatty
 .text._lseek   0x00080988        0x4 src/ASF/sam/utils/syscalls/gcc/syscalls.o
                0x00080988                _lseek
 .text.usart_serial_getchar
                0x0008098c       0xa8 src/ppm_out.o
 .text.usart_serial_putchar
                0x00080a34       0x9c src/ppm_out.o
 .text.TC1_Handler
                0x00080ad0       0x74 src/ppm_out.o
                0x00080ad0                TC1_Handler
 .text.main     0x00080b44      0x168 src/ppm_out.o
                0x00080b44                main
 .text.__libc_init_array
                0x00080cac       0x50 c:/program files (x86)/atmel/studio/7.0/toolchain/arm/arm-gnu-toolchain/bin/../lib/gcc/arm-none-eabi/5.3.1/../../../../arm-none-eabi/lib/armv7-m\libc.a(lib_a-init.o)
                0x00080cac                __libc_init_array
 .text.iprintf  0x00080cfc       0x28 c:/program files (x86)/atmel/studio/7.0/toolchain/arm/arm-gnu-toolchain/bin/../lib/gcc/arm-none-eabi/5.3.1/../../../../arm-none-eabi/lib/armv7-m\libc.a(lib_a-iprintf.o)
                0x00080cfc                iprintf
 .text.memset   0x00080d24       0x9c c:/program files (x86)/atmel/studio/7.0/toolchain/arm/arm-gnu-toolchain/bin/../lib/gcc/arm-none-eabi/5.3.1/../../../../arm-none-eabi/lib/armv7-m\libc.a(lib_a-memset.o)
                0x00080d24                memset
 .text.setbuf   0x00080dc0       0x10 c:/program files (x86)/atmel/studio/7.0/toolchain/arm/arm-gnu-toolchain/bin/../lib/gcc/arm-none-eabi/5.3.1/../../../../arm-none-eabi/lib/armv7-m\libc.a(lib_a-setbuf.o)
                0x00080dc0                setbuf
 .text.setvbuf  0x00080dd0      0x150 c:/program files (x86)/atmel/studio/7.0/toolchain/arm/arm-gnu-toolchain/bin/../lib/gcc/arm-none-eabi/5.3.1/../../../../arm-none-eabi/lib/armv7-m\libc.a(lib_a-setvbuf.o)
                0x00080dd0                setvbuf
 .text.__sprint_r.part.0
                0x00080f20       0x78 c:/program files (x86)/atmel/studio/7.0/toolchain/arm/arm-gnu-toolchain/bin/../lib/gcc/arm-none-eabi/5.3.1/../../../../arm-none-eabi/lib/armv7-m\libc.a(lib_a-vfiprintf.o)
 .text._vfiprintf_r
                0x00080f98      0xde8 c:/program files (x86)/atmel/studio/7.0/toolchain/arm/arm-gnu-toolchain/bin/../lib/gcc/arm-none-eabi/5.3.1/../../../../arm-none-eabi/lib/armv7-m\libc.a(lib_a-vfiprintf.o)
                0x00080f98                _vfiprintf_r
 .text.__sbprintf
                0x00081d80       0x6c c:/program files (x86)/atmel/studio/7.0/toolchain/arm/arm-gnu-toolchain/bin/../lib/gcc/arm-none-eabi/5.3.1/../../../../arm-none-eabi/lib/armv7-m\libc.a(lib_a-vfiprintf.o)
 .text.__swsetup_r
                0x00081dec       0xc8 c:/program files (x86)/atmel/studio/7.0/toolchain/arm/arm-gnu-toolchain/bin/../lib/gcc/arm-none-eabi/5.3.1/../../../../arm-none-eabi/lib/armv7-m\libc.a(lib_a-wsetup.o)
                0x00081dec                __swsetup_r
 .text.startup.register_fini
                0x00081eb4       0x14 c:/program files (x86)/atmel/studio/7.0/toolchain/arm/arm-gnu-toolchain/bin/../lib/gcc/arm-none-eabi/5.3.1/../../../../arm-none-eabi/lib/armv7-m\libc.a(lib_a-__call_atexit.o)
 .text.atexit   0x00081ec8        0xc c:/program files (x86)/atmel/studio/7.0/toolchain/arm/arm-gnu-toolchain/bin/../lib/gcc/arm-none-eabi/5.3.1/../../../../arm-none-eabi/lib/armv7-m\libc.a(lib_a-atexit.o)
                0x00081ec8                atexit
 .text.__sflush_r
                0x00081ed4      0x148 c:/program files (x86)/atmel/studio/7.0/toolchain/arm/arm-gnu-toolchain/bin/../lib/gcc/arm-none-eabi/5.3.1/../../../../arm-none-eabi/lib/armv7-m\libc.a(lib_a-fflush.o)
                0x00081ed4                __sflush_r
 .text._fflush_r
                0x0008201c       0x2c c:/program files (x86)/atmel/studio/7.0/toolchain/arm/arm-gnu-toolchain/bin/../lib/gcc/arm-none-eabi/5.3.1/../../../../arm-none-eabi/lib/armv7-m\libc.a(lib_a-fflush.o)
                0x0008201c                _fflush_r
 .text._cleanup_r
                0x00082048        0xc c:/program files (x86)/atmel/studio/7.0/toolchain/arm/arm-gnu-toolchain/bin/../lib/gcc/arm-none-eabi/5.3.1/../../../../arm-none-eabi/lib/armv7-m\libc.a(lib_a-findfp.o)
                0x00082048                _cleanup_r
 .text.__sinit.part.1
                0x00082054       0xf0 c:/program files (x86)/atmel/studio/7.0/toolchain/arm/arm-gnu-toolchain/bin/../lib/gcc/arm-none-eabi/5.3.1/../../../../arm-none-eabi/lib/armv7-m\libc.a(lib_a-findfp.o)
 .text.__sinit  0x00082144        0xc c:/program files (x86)/atmel/studio/7.0/toolchain/arm/arm-gnu-toolchain/bin/../lib/gcc/arm-none-eabi/5.3.1/../../../../arm-none-eabi/lib/armv7-m\libc.a(lib_a-findfp.o)
                0x00082144                __sinit
 .text.__sfp_lock_acquire
                0x00082150        0x4 c:/program files (x86)/atmel/studio/7.0/toolchain/arm/arm-gnu-toolchain/bin/../lib/gcc/arm-none-eabi/5.3.1/../../../../arm-none-eabi/lib/armv7-m\libc.a(lib_a-findfp.o)
                0x00082150                __sfp_lock_acquire
 .text.__sfp_lock_release
                0x00082154        0x4 c:/program files (x86)/atmel/studio/7.0/toolchain/arm/arm-gnu-toolchain/bin/../lib/gcc/arm-none-eabi/5.3.1/../../../../arm-none-eabi/lib/armv7-m\libc.a(lib_a-findfp.o)
                0x00082154                __sfp_lock_release
 .text.__libc_fini_array
                0x00082158       0x28 c:/program files (x86)/atmel/studio/7.0/toolchain/arm/arm-gnu-toolchain/bin/../lib/gcc/arm-none-eabi/5.3.1/../../../../arm-none-eabi/lib/armv7-m\libc.a(lib_a-fini.o)
                0x00082158                __libc_fini_array
 .text.__fputwc
                0x00082180       0x94 c:/program files (x86)/atmel/studio/7.0/toolchain/arm/arm-gnu-toolchain/bin/../lib/gcc/arm-none-eabi/5.3.1/../../../../arm-none-eabi/lib/armv7-m\libc.a(lib_a-fputwc.o)
                0x00082180                __fputwc
 .text._fputwc_r
                0x00082214       0x24 c:/program files (x86)/atmel/studio/7.0/toolchain/arm/arm-gnu-toolchain/bin/../lib/gcc/arm-none-eabi/5.3.1/../../../../arm-none-eabi/lib/armv7-m\libc.a(lib_a-fputwc.o)
                0x00082214                _fputwc_r
 .text._malloc_trim_r
                0x00082238       0x9c c:/program files (x86)/atmel/studio/7.0/toolchain/arm/arm-gnu-toolchain/bin/../lib/gcc/arm-none-eabi/5.3.1/../../../../arm-none-eabi/lib/armv7-m\libc.a(lib_a-freer.o)
                0x00082238                _malloc_trim_r
 .text._free_r  0x000822d4      0x1d0 c:/program files (x86)/atmel/studio/7.0/toolchain/arm/arm-gnu-toolchain/bin/../lib/gcc/arm-none-eabi/5.3.1/../../../../arm-none-eabi/lib/armv7-m\libc.a(lib_a-freer.o)
                0x000822d4                _free_r
 .text.__sfvwrite_r
                0x000824a4      0x308 c:/program files (x86)/atmel/studio/7.0/toolchain/arm/arm-gnu-toolchain/bin/../lib/gcc/arm-none-eabi/5.3.1/../../../../arm-none-eabi/lib/armv7-m\libc.a(lib_a-fvwrite.o)
                0x000824a4                __sfvwrite_r
 .text._fwalk_reent
                0x000827ac       0x50 c:/program files (x86)/atmel/studio/7.0/toolchain/arm/arm-gnu-toolchain/bin/../lib/gcc/arm-none-eabi/5.3.1/../../../../arm-none-eabi/lib/armv7-m\libc.a(lib_a-fwalk.o)
                0x000827ac                _fwalk_reent
 .text.__locale_charset
                0x000827fc        0x8 c:/program files (x86)/atmel/studio/7.0/toolchain/arm/arm-gnu-toolchain/bin/../lib/gcc/arm-none-eabi/5.3.1/../../../../arm-none-eabi/lib/armv7-m\libc.a(lib_a-locale.o)
                0x000827fc                __locale_charset
 .text.__locale_mb_cur_max
                0x00082804        0xc c:/program files (x86)/atmel/studio/7.0/toolchain/arm/arm-gnu-toolchain/bin/../lib/gcc/arm-none-eabi/5.3.1/../../../../arm-none-eabi/lib/armv7-m\libc.a(lib_a-locale.o)
                0x00082804                __locale_mb_cur_max
 .text.__swhatbuf_r
                0x00082810       0x60 c:/program files (x86)/atmel/studio/7.0/toolchain/arm/arm-gnu-toolchain/bin/../lib/gcc/arm-none-eabi/5.3.1/../../../../arm-none-eabi/lib/armv7-m\libc.a(lib_a-makebuf.o)
                0x00082810                __swhatbuf_r
 .text.__smakebuf_r
                0x00082870       0x88 c:/program files (x86)/atmel/studio/7.0/toolchain/arm/arm-gnu-toolchain/bin/../lib/gcc/arm-none-eabi/5.3.1/../../../../arm-none-eabi/lib/armv7-m\libc.a(lib_a-makebuf.o)
                0x00082870                __smakebuf_r
 .text.malloc   0x000828f8       0x10 c:/program files (x86)/atmel/studio/7.0/toolchain/arm/arm-gnu-toolchain/bin/../lib/gcc/arm-none-eabi/5.3.1/../../../../arm-none-eabi/lib/armv7-m\libc.a(lib_a-malloc.o)
                0x000828f8                malloc
 .text._malloc_r
                0x00082908      0x558 c:/program files (x86)/atmel/studio/7.0/toolchain/arm/arm-gnu-toolchain/bin/../lib/gcc/arm-none-eabi/5.3.1/../../../../arm-none-eabi/lib/armv7-m\libc.a(lib_a-mallocr.o)
                0x00082908                _malloc_r
 .text.memchr   0x00082e60       0x8c c:/program files (x86)/atmel/studio/7.0/toolchain/arm/arm-gnu-toolchain/bin/../lib/gcc/arm-none-eabi/5.3.1/../../../../arm-none-eabi/lib/armv7-m\libc.a(lib_a-memchr-stub.o)
                0x00082e60                memchr
 .text          0x00082eec       0xec c:/program files (x86)/atmel/studio/7.0/toolchain/arm/arm-gnu-toolchain/bin/../lib/gcc/arm-none-eabi/5.3.1/../../../../arm-none-eabi/lib/armv7-m\libc.a(lib_a-memcpy.o)
                0x00082eec                memcpy
 .text.memmove  0x00082fd8       0xc8 c:/program files (x86)/atmel/studio/7.0/toolchain/arm/arm-gnu-toolchain/bin/../lib/gcc/arm-none-eabi/5.3.1/../../../../arm-none-eabi/lib/armv7-m\libc.a(lib_a-memmove.o)
                0x00082fd8                memmove
 .text.__malloc_lock
                0x000830a0        0x4 c:/program files (x86)/atmel/studio/7.0/toolchain/arm/arm-gnu-toolchain/bin/../lib/gcc/arm-none-eabi/5.3.1/../../../../arm-none-eabi/lib/armv7-m\libc.a(lib_a-mlock.o)
                0x000830a0                __malloc_lock
 .text.__malloc_unlock
                0x000830a4        0x4 c:/program files (x86)/atmel/studio/7.0/toolchain/arm/arm-gnu-toolchain/bin/../lib/gcc/arm-none-eabi/5.3.1/../../../../arm-none-eabi/lib/armv7-m\libc.a(lib_a-mlock.o)
                0x000830a4                __malloc_unlock
 .text._realloc_r
                0x000830a8      0x3d4 c:/program files (x86)/atmel/studio/7.0/toolchain/arm/arm-gnu-toolchain/bin/../lib/gcc/arm-none-eabi/5.3.1/../../../../arm-none-eabi/lib/armv7-m\libc.a(lib_a-reallocr.o)
                0x000830a8                _realloc_r
 .text._sbrk_r  0x0008347c       0x24 c:/program files (x86)/atmel/studio/7.0/toolchain/arm/arm-gnu-toolchain/bin/../lib/gcc/arm-none-eabi/5.3.1/../../../../arm-none-eabi/lib/armv7-m\libc.a(lib_a-sbrkr.o)
                0x0008347c                _sbrk_r
 .text.__sread  0x000834a0       0x24 c:/program files (x86)/atmel/studio/7.0/toolchain/arm/arm-gnu-toolchain/bin/../lib/gcc/arm-none-eabi/5.3.1/../../../../arm-none-eabi/lib/armv7-m\libc.a(lib_a-stdio.o)
                0x000834a0                __sread
 .text.__swrite
                0x000834c4       0x3c c:/program files (x86)/atmel/studio/7.0/toolchain/arm/arm-gnu-toolchain/bin/../lib/gcc/arm-none-eabi/5.3.1/../../../../arm-none-eabi/lib/armv7-m\libc.a(lib_a-stdio.o)
                0x000834c4                __swrite
 .text.__sseek  0x00083500       0x20 c:/program files (x86)/atmel/studio/7.0/toolchain/arm/arm-gnu-toolchain/bin/../lib/gcc/arm-none-eabi/5.3.1/../../../../arm-none-eabi/lib/armv7-m\libc.a(lib_a-stdio.o)
                0x00083500                __sseek
 .text.__sclose
                0x00083520        0x8 c:/program files (x86)/atmel/studio/7.0/toolchain/arm/arm-gnu-toolchain/bin/../lib/gcc/arm-none-eabi/5.3.1/../../../../arm-none-eabi/lib/armv7-m\libc.a(lib_a-stdio.o)
                0x00083520                __sclose
 .text.strlen   0x00083528       0x5c c:/program files (x86)/atmel/studio/7.0/toolchain/arm/arm-gnu-toolchain/bin/../lib/gcc/arm-none-eabi/5.3.1/../../../../arm-none-eabi/lib/armv7-m\libc.a(lib_a-strlen-stub.o)
                0x00083528                strlen
 .text.__swbuf_r
                0x00083584       0xac c:/program files (x86)/atmel/studio/7.0/toolchain/arm/arm-gnu-toolchain/bin/../lib/gcc/arm-none-eabi/5.3.1/../../../../arm-none-eabi/lib/armv7-m\libc.a(lib_a-wbuf.o)
                0x00083584                __swbuf_r
 .text._wcrtomb_r
                0x00083630       0x54 c:/program files (x86)/atmel/studio/7.0/toolchain/arm/arm-gnu-toolchain/bin/../lib/gcc/arm-none-eabi/5.3.1/../../../../arm-none-eabi/lib/armv7-m\libc.a(lib_a-wcrtomb.o)
                0x00083630                _wcrtomb_r
 .text.__ascii_wctomb
                0x00083684       0x1c c:/program files (x86)/atmel/studio/7.0/toolchain/arm/arm-gnu-toolchain/bin/../lib/gcc/arm-none-eabi/5.3.1/../../../../arm-none-eabi/lib/armv7-m\libc.a(lib_a-wctomb_r.o)
                0x00083684                __ascii_wctomb
 .text._write_r
                0x000836a0       0x2c c:/program files (x86)/atmel/studio/7.0/toolchain/arm/arm-gnu-toolchain/bin/../lib/gcc/arm-none-eabi/5.3.1/../../../../arm-none-eabi/lib/armv7-m\libc.a(lib_a-writer.o)
                0x000836a0                _write_r
 .text.__register_exitproc
                0x000836cc       0xa4 c:/program files (x86)/atmel/studio/7.0/toolchain/arm/arm-gnu-toolchain/bin/../lib/gcc/arm-none-eabi/5.3.1/../../../../arm-none-eabi/lib/armv7-m\libc.a(lib_a-__atexit.o)
                0x000836cc                __register_exitproc
 .text._close_r
                0x00083770       0x24 c:/program files (x86)/atmel/studio/7.0/toolchain/arm/arm-gnu-toolchain/bin/../lib/gcc/arm-none-eabi/5.3.1/../../../../arm-none-eabi/lib/armv7-m\libc.a(lib_a-closer.o)
                0x00083770                _close_r
 .text._fclose_r
                0x00083794       0x84 c:/program files (x86)/atmel/studio/7.0/toolchain/arm/arm-gnu-toolchain/bin/../lib/gcc/arm-none-eabi/5.3.1/../../../../arm-none-eabi/lib/armv7-m\libc.a(lib_a-fclose.o)
                0x00083794                _fclose_r
 .text._fstat_r
                0x00083818       0x28 c:/program files (x86)/atmel/studio/7.0/toolchain/arm/arm-gnu-toolchain/bin/../lib/gcc/arm-none-eabi/5.3.1/../../../../arm-none-eabi/lib/armv7-m\libc.a(lib_a-fstatr.o)
                0x00083818                _fstat_r
 .text._isatty_r
                0x00083840       0x24 c:/program files (x86)/atmel/studio/7.0/toolchain/arm/arm-gnu-toolchain/bin/../lib/gcc/arm-none-eabi/5.3.1/../../../../arm-none-eabi/lib/armv7-m\libc.a(lib_a-isattyr.o)
                0x00083840                _isatty_r
 .text._lseek_r
                0x00083864       0x2c c:/program files (x86)/atmel/studio/7.0/toolchain/arm/arm-gnu-toolchain/bin/../lib/gcc/arm-none-eabi/5.3.1/../../../../arm-none-eabi/lib/armv7-m\libc.a(lib_a-lseekr.o)
                0x00083864                _lseek_r
 .text._read_r  0x00083890       0x2c c:/program files (x86)/atmel/studio/7.0/toolchain/arm/arm-gnu-toolchain/bin/../lib/gcc/arm-none-eabi/5.3.1/../../../../arm-none-eabi/lib/armv7-m\libc.a(lib_a-readr.o)
                0x00083890                _read_r
 .text          0x000838bc       0x30 c:/program files (x86)/atmel/studio/7.0/toolchain/arm/arm-gnu-toolchain/bin/../lib/gcc/arm-none-eabi/5.3.1/armv7-m\libgcc.a(_aeabi_uldivmod.o)
                0x000838bc                __aeabi_uldivmod
 .text          0x000838ec      0x2ec c:/program files (x86)/atmel/studio/7.0/toolchain/arm/arm-gnu-toolchain/bin/../lib/gcc/arm-none-eabi/5.3.1/armv7-m\libgcc.a(_udivmoddi4.o)
                0x000838ec                __udivmoddi4
 .text          0x00083bd8        0x4 c:/program files (x86)/atmel/studio/7.0/toolchain/arm/arm-gnu-toolchain/bin/../lib/gcc/arm-none-eabi/5.3.1/armv7-m\libgcc.a(_dvmd_tls.o)
                0x00083bd8                __aeabi_idiv0
                0x00083bd8                __aeabi_ldiv0
 *(.glue_7t)
 .glue_7t       0x00083bdc        0x0 linker stubs
 *(.glue_7)
 .glue_7        0x00083bdc        0x0 linker stubs
 *(.rodata .rodata* .gnu.linkonce.r.*)
 .rodata.str1.4
                0x00083bdc        0x7 src/ppm_out.o
 *fill*         0x00083be3        0x1 
 .rodata.str1.4
                0x00083be4        0x2 c:/program files (x86)/atmel/studio/7.0/toolchain/arm/arm-gnu-toolchain/bin/../lib/gcc/arm-none-eabi/5.3.1/../../../../arm-none-eabi/lib/armv7-m\libc.a(lib_a-impure.o)
 *fill*         0x00083be6        0x2 
 .rodata._global_impure_ptr
                0x00083be8        0x4 c:/program files (x86)/atmel/studio/7.0/toolchain/arm/arm-gnu-toolchain/bin/../lib/gcc/arm-none-eabi/5.3.1/../../../../arm-none-eabi/lib/armv7-m\libc.a(lib_a-impure.o)
                0x00083be8                _global_impure_ptr
 .rodata.zeroes.6993
                0x00083bec       0x10 c:/program files (x86)/atmel/studio/7.0/toolchain/arm/arm-gnu-toolchain/bin/../lib/gcc/arm-none-eabi/5.3.1/../../../../arm-none-eabi/lib/armv7-m\libc.a(lib_a-vfiprintf.o)
 .rodata.str1.4
                0x00083bfc       0x30 c:/program files (x86)/atmel/studio/7.0/toolchain/arm/arm-gnu-toolchain/bin/../lib/gcc/arm-none-eabi/5.3.1/../../../../arm-none-eabi/lib/armv7-m\libc.a(lib_a-vfiprintf.o)
                                 0x2f (size before relaxing)
 .rodata.blanks.6992
                0x00083c2c       0x10 c:/program files (x86)/atmel/studio/7.0/toolchain/arm/arm-gnu-toolchain/bin/../lib/gcc/arm-none-eabi/5.3.1/../../../../arm-none-eabi/lib/armv7-m\libc.a(lib_a-vfiprintf.o)
 *(.ARM.extab* .gnu.linkonce.armextab.*)
                0x00083c3c                . = ALIGN (0x4)
 *(.init)
 .init          0x00083c3c        0x4 c:/program files (x86)/atmel/studio/7.0/toolchain/arm/arm-gnu-toolchain/bin/../lib/gcc/arm-none-eabi/5.3.1/armv7-m/crti.o
                0x00083c3c                _init
 .init          0x00083c40        0x8 c:/program files (x86)/atmel/studio/7.0/toolchain/arm/arm-gnu-toolchain/bin/../lib/gcc/arm-none-eabi/5.3.1/armv7-m/crtn.o
                0x00083c48                . = ALIGN (0x4)
                0x00083c48                __preinit_array_start = .
 *(.preinit_array)
                0x00083c48                __preinit_array_end = .
                0x00083c48                . = ALIGN (0x4)
                0x00083c48                __init_array_start = .
 *(SORT(.init_array.*))
 .init_array.00000
                0x00083c48        0x4 c:/program files (x86)/atmel/studio/7.0/toolchain/arm/arm-gnu-toolchain/bin/../lib/gcc/arm-none-eabi/5.3.1/../../../../arm-none-eabi/lib/armv7-m\libc.a(lib_a-__call_atexit.o)
 *(.init_array)
 .init_array    0x00083c4c        0x4 c:/program files (x86)/atmel/studio/7.0/toolchain/arm/arm-gnu-toolchain/bin/../lib/gcc/arm-none-eabi/5.3.1/armv7-m/crtbegin.o
                0x00083c50                __init_array_end = .
                0x00083c50                . = ALIGN (0x4)
 *crtbegin.o(.ctors)
 *(EXCLUDE_FILE(*crtend.o) .ctors)
 *(SORT(.ctors.*))
 *crtend.o(.ctors)
                0x00083c50                . = ALIGN (0x4)
 *(.fini)
 .fini          0x00083c50        0x4 c:/program files (x86)/atmel/studio/7.0/toolchain/arm/arm-gnu-toolchain/bin/../lib/gcc/arm-none-eabi/5.3.1/armv7-m/crti.o
                0x00083c50                _fini
 .fini          0x00083c54        0x8 c:/program files (x86)/atmel/studio/7.0/toolchain/arm/arm-gnu-toolchain/bin/../lib/gcc/arm-none-eabi/5.3.1/armv7-m/crtn.o
                0x00083c5c                . = ALIGN (0x4)
                0x00083c5c                __fini_array_start = .
 *(.fini_array)
 .fini_array    0x00083c5c        0x4 c:/program files (x86)/atmel/studio/7.0/toolchain/arm/arm-gnu-toolchain/bin/../lib/gcc/arm-none-eabi/5.3.1/armv7-m/crtbegin.o
 *(SORT(.fini_array.*))
                0x00083c60                __fini_array_end = .
 *crtbegin.o(.dtors)
 *(EXCLUDE_FILE(*crtend.o) .dtors)
 *(SORT(.dtors.*))
 *crtend.o(.dtors)
                0x00083c60                . = ALIGN (0x4)
                0x00083c60                _efixed = .
                [!provide]                PROVIDE (__exidx_start, .)

.vfp11_veneer   0x00083c60        0x0
 .vfp11_veneer  0x00083c60        0x0 linker stubs

.v4_bx          0x00083c60        0x0
 .v4_bx         0x00083c60        0x0 linker stubs

.iplt           0x00083c60        0x0
 .iplt          0x00083c60        0x0 c:/program files (x86)/atmel/studio/7.0/toolchain/arm/arm-gnu-toolchain/bin/../lib/gcc/arm-none-eabi/5.3.1/armv7-m/crtbegin.o

.ARM.exidx      0x00083c60        0x8
 *(.ARM.exidx* .gnu.linkonce.armexidx.*)
 .ARM.exidx     0x00083c60        0x8 c:/program files (x86)/atmel/studio/7.0/toolchain/arm/arm-gnu-toolchain/bin/../lib/gcc/arm-none-eabi/5.3.1/armv7-m\libgcc.a(_udivmoddi4.o)
                [!provide]                PROVIDE (__exidx_end, .)

.eh_frame       0x00083c68        0x0
 .eh_frame      0x00083c68        0x0 c:/program files (x86)/atmel/studio/7.0/toolchain/arm/arm-gnu-toolchain/bin/../lib/gcc/arm-none-eabi/5.3.1/armv7-m/crtbegin.o

.rel.dyn        0x00083c68        0x0
 .rel.iplt      0x00083c68        0x0 c:/program files (x86)/atmel/studio/7.0/toolchain/arm/arm-gnu-toolchain/bin/../lib/gcc/arm-none-eabi/5.3.1/armv7-m/crtbegin.o

.jcr            0x00083c68        0x0
 .jcr           0x00083c68        0x0 c:/program files (x86)/atmel/studio/7.0/toolchain/arm/arm-gnu-toolchain/bin/../lib/gcc/arm-none-eabi/5.3.1/armv7-m/crtbegin.o

.igot.plt       0x00083c68        0x0
 .igot.plt      0x00083c68        0x0 c:/program files (x86)/atmel/studio/7.0/toolchain/arm/arm-gnu-toolchain/bin/../lib/gcc/arm-none-eabi/5.3.1/armv7-m/crtbegin.o
                0x00083c68                . = ALIGN (0x4)
                0x00083c68                _etext = .

.relocate       0x20070000      0x9a4 load address 0x00083c68
                0x20070000                . = ALIGN (0x4)
                0x20070000                _srelocate = .
 *(.ramfunc .ramfunc.*)
 .ramfunc       0x20070000        0xc src/ASF/common/services/delay/sam/cycle_counter.o
                0x20070000                portable_delay_cycles
 .ramfunc       0x2007000c      0x12c src/ASF/sam/utils/cmsis/sam3x/source/templates/system_sam3x.o
                0x2007000c                SystemInit
                0x200700b0                system_init_flash
 *(.data .data.*)
 .data.SystemCoreClock
                0x20070138        0x4 src/ASF/sam/utils/cmsis/sam3x/source/templates/system_sam3x.o
                0x20070138                SystemCoreClock
 *fill*         0x2007013c        0x4 
 .data.impure_data
                0x20070140      0x428 c:/program files (x86)/atmel/studio/7.0/toolchain/arm/arm-gnu-toolchain/bin/../lib/gcc/arm-none-eabi/5.3.1/../../../../arm-none-eabi/lib/armv7-m\libc.a(lib_a-impure.o)
 .data._impure_ptr
                0x20070568        0x4 c:/program files (x86)/atmel/studio/7.0/toolchain/arm/arm-gnu-toolchain/bin/../lib/gcc/arm-none-eabi/5.3.1/../../../../arm-none-eabi/lib/armv7-m\libc.a(lib_a-impure.o)
                0x20070568                _impure_ptr
 .data.lc_ctype_charset
                0x2007056c       0x20 c:/program files (x86)/atmel/studio/7.0/toolchain/arm/arm-gnu-toolchain/bin/../lib/gcc/arm-none-eabi/5.3.1/../../../../arm-none-eabi/lib/armv7-m\libc.a(lib_a-locale.o)
 .data.__mb_cur_max
                0x2007058c        0x4 c:/program files (x86)/atmel/studio/7.0/toolchain/arm/arm-gnu-toolchain/bin/../lib/gcc/arm-none-eabi/5.3.1/../../../../arm-none-eabi/lib/armv7-m\libc.a(lib_a-locale.o)
                0x2007058c                __mb_cur_max
 .data.__malloc_av_
                0x20070590      0x408 c:/program files (x86)/atmel/studio/7.0/toolchain/arm/arm-gnu-toolchain/bin/../lib/gcc/arm-none-eabi/5.3.1/../../../../arm-none-eabi/lib/armv7-m\libc.a(lib_a-mallocr.o)
                0x20070590                __malloc_av_
 .data.__malloc_trim_threshold
                0x20070998        0x4 c:/program files (x86)/atmel/studio/7.0/toolchain/arm/arm-gnu-toolchain/bin/../lib/gcc/arm-none-eabi/5.3.1/../../../../arm-none-eabi/lib/armv7-m\libc.a(lib_a-mallocr.o)
                0x20070998                __malloc_trim_threshold
 .data.__malloc_sbrk_base
                0x2007099c        0x4 c:/program files (x86)/atmel/studio/7.0/toolchain/arm/arm-gnu-toolchain/bin/../lib/gcc/arm-none-eabi/5.3.1/../../../../arm-none-eabi/lib/armv7-m\libc.a(lib_a-mallocr.o)
                0x2007099c                __malloc_sbrk_base
 .data.__wctomb
                0x200709a0        0x4 c:/program files (x86)/atmel/studio/7.0/toolchain/arm/arm-gnu-toolchain/bin/../lib/gcc/arm-none-eabi/5.3.1/../../../../arm-none-eabi/lib/armv7-m\libc.a(lib_a-wctomb_r.o)
                0x200709a0                __wctomb
                0x200709a4                . = ALIGN (0x4)
                0x200709a4                _erelocate = .

.bss            0x200709a4       0xf8 load address 0x0008460c
                0x200709a4                . = ALIGN (0x4)
                0x200709a4                _sbss = .
                0x200709a4                _szero = .
 *(.bss .bss.*)
 .bss           0x200709a4       0x1c c:/program files (x86)/atmel/studio/7.0/toolchain/arm/arm-gnu-toolchain/bin/../lib/gcc/arm-none-eabi/5.3.1/armv7-m/crtbegin.o
 .bss.gs_interrupt_sources
                0x200709c0       0x70 src/ASF/sam/drivers/pio/pio_handler.o
 .bss.heap.5287
                0x20070a30        0x4 src/ASF/sam/utils/syscalls/gcc/syscalls.o
 .bss.current_channel
                0x20070a34        0x4 src/ppm_out.o
 .bss.rc_channels
                0x20070a38       0x20 src/ppm_out.o
 .bss.__malloc_max_total_mem
                0x20070a58        0x4 c:/program files (x86)/atmel/studio/7.0/toolchain/arm/arm-gnu-toolchain/bin/../lib/gcc/arm-none-eabi/5.3.1/../../../../arm-none-eabi/lib/armv7-m\libc.a(lib_a-mallocr.o)
                0x20070a58                __malloc_max_total_mem
 .bss.__malloc_max_sbrked_mem
                0x20070a5c        0x4 c:/program files (x86)/atmel/studio/7.0/toolchain/arm/arm-gnu-toolchain/bin/../lib/gcc/arm-none-eabi/5.3.1/../../../../arm-none-eabi/lib/armv7-m\libc.a(lib_a-mallocr.o)
                0x20070a5c                __malloc_max_sbrked_mem
 .bss.__malloc_top_pad
                0x20070a60        0x4 c:/program files (x86)/atmel/studio/7.0/toolchain/arm/arm-gnu-toolchain/bin/../lib/gcc/arm-none-eabi/5.3.1/../../../../arm-none-eabi/lib/armv7-m\libc.a(lib_a-mallocr.o)
                0x20070a60                __malloc_top_pad
 .bss.__malloc_current_mallinfo
                0x20070a64       0x28 c:/program files (x86)/atmel/studio/7.0/toolchain/arm/arm-gnu-toolchain/bin/../lib/gcc/arm-none-eabi/5.3.1/../../../../arm-none-eabi/lib/armv7-m\libc.a(lib_a-mallocr.o)
                0x20070a64                __malloc_current_mallinfo
 *(COMMON)
 COMMON         0x20070a8c        0x4 src/ASF/common/utils/stdio/read.o
                0x20070a8c                ptr_get
 COMMON         0x20070a90        0x8 src/ASF/common/utils/stdio/write.o
                0x20070a90                ptr_put
                0x20070a94                stdio_base
 COMMON         0x20070a98        0x4 c:/program files (x86)/atmel/studio/7.0/toolchain/arm/arm-gnu-toolchain/bin/../lib/gcc/arm-none-eabi/5.3.1/../../../../arm-none-eabi/lib/armv7-m\libc.a(lib_a-reent.o)
                0x20070a98                errno
                0x20070a9c                . = ALIGN (0x4)
                0x20070a9c                _ebss = .
                0x20070a9c                _ezero = .

.stack          0x20070a9c     0x2004 load address 0x00084704
                0x20070aa0                . = ALIGN (0x8)
 *fill*         0x20070a9c        0x4 
                0x20070aa0                _sstack = .
                0x20072aa0                . = (. + __stack_size__)
 *fill*         0x20070aa0     0x2000 
                0x20072aa0                . = ALIGN (0x8)
                0x20072aa0                _estack = .
                0x20072aa0                . = ALIGN (0x4)
                0x20072aa0                _end = .
OUTPUT(PPM_OUT.elf elf32-littlearm)

.ARM.attributes
                0x00000000       0x29
 .ARM.attributes
                0x00000000       0x1d c:/program files (x86)/atmel/studio/7.0/toolchain/arm/arm-gnu-toolchain/bin/../lib/gcc/arm-none-eabi/5.3.1/armv7-m/crti.o
 .ARM.attributes
                0x0000001d       0x2d c:/program files (x86)/atmel/studio/7.0/toolchain/arm/arm-gnu-toolchain/bin/../lib/gcc/arm-none-eabi/5.3.1/armv7-m/crtbegin.o
 .ARM.attributes
                0x0000004a       0x33 src/ASF/common/services/delay/sam/cycle_counter.o
 .ARM.attributes
                0x0000007d       0x33 src/ASF/common/services/clock/sam3x/sysclk.o
 .ARM.attributes
                0x000000b0       0x33 src/ASF/common/utils/stdio/read.o
 .ARM.attributes
                0x000000e3       0x33 src/ASF/common/utils/stdio/write.o
 .ARM.attributes
                0x00000116       0x33 src/ASF/sam/boards/arduino_due_x/init.o
 .ARM.attributes
                0x00000149       0x33 src/ASF/sam/drivers/pio/pio.o
 .ARM.attributes
                0x0000017c       0x33 src/ASF/sam/drivers/pio/pio_handler.o
 .ARM.attributes
                0x000001af       0x33 src/ASF/sam/drivers/pmc/pmc.o
 .ARM.attributes
                0x000001e2       0x33 src/ASF/sam/drivers/tc/tc.o
 .ARM.attributes
                0x00000215       0x33 src/ASF/sam/drivers/uart/uart.o
 .ARM.attributes
                0x00000248       0x33 src/ASF/sam/drivers/usart/usart.o
 .ARM.attributes
                0x0000027b       0x33 src/ASF/sam/utils/cmsis/sam3x/source/templates/exceptions.o
 .ARM.attributes
                0x000002ae       0x33 src/ASF/sam/utils/cmsis/sam3x/source/templates/gcc/startup_sam3x.o
 .ARM.attributes
                0x000002e1       0x33 src/ASF/sam/utils/cmsis/sam3x/source/templates/system_sam3x.o
 .ARM.attributes
                0x00000314       0x33 src/ASF/sam/utils/syscalls/gcc/syscalls.o
 .ARM.attributes
                0x00000347       0x33 src/ppm_out.o
 .ARM.attributes
                0x0000037a       0x2d c:/program files (x86)/atmel/studio/7.0/toolchain/arm/arm-gnu-toolchain/bin/../lib/gcc/arm-none-eabi/5.3.1/../../../../arm-none-eabi/lib/armv7-m\libc.a(lib_a-impure.o)
 .ARM.attributes
                0x000003a7       0x2d c:/program files (x86)/atmel/studio/7.0/toolchain/arm/arm-gnu-toolchain/bin/../lib/gcc/arm-none-eabi/5.3.1/../../../../arm-none-eabi/lib/armv7-m\libc.a(lib_a-init.o)
 .ARM.attributes
                0x000003d4       0x2d c:/program files (x86)/atmel/studio/7.0/toolchain/arm/arm-gnu-toolchain/bin/../lib/gcc/arm-none-eabi/5.3.1/../../../../arm-none-eabi/lib/armv7-m\libc.a(lib_a-iprintf.o)
 .ARM.attributes
                0x00000401       0x2d c:/program files (x86)/atmel/studio/7.0/toolchain/arm/arm-gnu-toolchain/bin/../lib/gcc/arm-none-eabi/5.3.1/../../../../arm-none-eabi/lib/armv7-m\libc.a(lib_a-memset.o)
 .ARM.attributes
                0x0000042e       0x2d c:/program files (x86)/atmel/studio/7.0/toolchain/arm/arm-gnu-toolchain/bin/../lib/gcc/arm-none-eabi/5.3.1/../../../../arm-none-eabi/lib/armv7-m\libc.a(lib_a-setbuf.o)
 .ARM.attributes
                0x0000045b       0x2d c:/program files (x86)/atmel/studio/7.0/toolchain/arm/arm-gnu-toolchain/bin/../lib/gcc/arm-none-eabi/5.3.1/../../../../arm-none-eabi/lib/armv7-m\libc.a(lib_a-setvbuf.o)
 .ARM.attributes
                0x00000488       0x2d c:/program files (x86)/atmel/studio/7.0/toolchain/arm/arm-gnu-toolchain/bin/../lib/gcc/arm-none-eabi/5.3.1/../../../../arm-none-eabi/lib/armv7-m\libc.a(lib_a-vfiprintf.o)
 .ARM.attributes
                0x000004b5       0x2d c:/program files (x86)/atmel/studio/7.0/toolchain/arm/arm-gnu-toolchain/bin/../lib/gcc/arm-none-eabi/5.3.1/../../../../arm-none-eabi/lib/armv7-m\libc.a(lib_a-wsetup.o)
 .ARM.attributes
                0x000004e2       0x2d c:/program files (x86)/atmel/studio/7.0/toolchain/arm/arm-gnu-toolchain/bin/../lib/gcc/arm-none-eabi/5.3.1/../../../../arm-none-eabi/lib/armv7-m\libc.a(lib_a-__call_atexit.o)
 .ARM.attributes
                0x0000050f       0x2d c:/program files (x86)/atmel/studio/7.0/toolchain/arm/arm-gnu-toolchain/bin/../lib/gcc/arm-none-eabi/5.3.1/../../../../arm-none-eabi/lib/armv7-m\libc.a(lib_a-atexit.o)
 .ARM.attributes
                0x0000053c       0x2d c:/program files (x86)/atmel/studio/7.0/toolchain/arm/arm-gnu-toolchain/bin/../lib/gcc/arm-none-eabi/5.3.1/../../../../arm-none-eabi/lib/armv7-m\libc.a(lib_a-fflush.o)
 .ARM.attributes
                0x00000569       0x2d c:/program files (x86)/atmel/studio/7.0/toolchain/arm/arm-gnu-toolchain/bin/../lib/gcc/arm-none-eabi/5.3.1/../../../../arm-none-eabi/lib/armv7-m\libc.a(lib_a-findfp.o)
 .ARM.attributes
                0x00000596       0x2d c:/program files (x86)/atmel/studio/7.0/toolchain/arm/arm-gnu-toolchain/bin/../lib/gcc/arm-none-eabi/5.3.1/../../../../arm-none-eabi/lib/armv7-m\libc.a(lib_a-fini.o)
 .ARM.attributes
                0x000005c3       0x2d c:/program files (x86)/atmel/studio/7.0/toolchain/arm/arm-gnu-toolchain/bin/../lib/gcc/arm-none-eabi/5.3.1/../../../../arm-none-eabi/lib/armv7-m\libc.a(lib_a-fputwc.o)
 .ARM.attributes
                0x000005f0       0x2d c:/program files (x86)/atmel/studio/7.0/toolchain/arm/arm-gnu-toolchain/bin/../lib/gcc/arm-none-eabi/5.3.1/../../../../arm-none-eabi/lib/armv7-m\libc.a(lib_a-freer.o)
 .ARM.attributes
                0x0000061d       0x2d c:/program files (x86)/atmel/studio/7.0/toolchain/arm/arm-gnu-toolchain/bin/../lib/gcc/arm-none-eabi/5.3.1/../../../../arm-none-eabi/lib/armv7-m\libc.a(lib_a-fvwrite.o)
 .ARM.attributes
                0x0000064a       0x2d c:/program files (x86)/atmel/studio/7.0/toolchain/arm/arm-gnu-toolchain/bin/../lib/gcc/arm-none-eabi/5.3.1/../../../../arm-none-eabi/lib/armv7-m\libc.a(lib_a-fwalk.o)
 .ARM.attributes
                0x00000677       0x2d c:/program files (x86)/atmel/studio/7.0/toolchain/arm/arm-gnu-toolchain/bin/../lib/gcc/arm-none-eabi/5.3.1/../../../../arm-none-eabi/lib/armv7-m\libc.a(lib_a-locale.o)
 .ARM.attributes
                0x000006a4       0x2d c:/program files (x86)/atmel/studio/7.0/toolchain/arm/arm-gnu-toolchain/bin/../lib/gcc/arm-none-eabi/5.3.1/../../../../arm-none-eabi/lib/armv7-m\libc.a(lib_a-makebuf.o)
 .ARM.attributes
                0x000006d1       0x2d c:/program files (x86)/atmel/studio/7.0/toolchain/arm/arm-gnu-toolchain/bin/../lib/gcc/arm-none-eabi/5.3.1/../../../../arm-none-eabi/lib/armv7-m\libc.a(lib_a-malloc.o)
 .ARM.attributes
                0x000006fe       0x2d c:/program files (x86)/atmel/studio/7.0/toolchain/arm/arm-gnu-toolchain/bin/../lib/gcc/arm-none-eabi/5.3.1/../../../../arm-none-eabi/lib/armv7-m\libc.a(lib_a-mallocr.o)
 .ARM.attributes
                0x0000072b       0x2d c:/program files (x86)/atmel/studio/7.0/toolchain/arm/arm-gnu-toolchain/bin/../lib/gcc/arm-none-eabi/5.3.1/../../../../arm-none-eabi/lib/armv7-m\libc.a(lib_a-memchr-stub.o)
 .ARM.attributes
                0x00000758       0x1b c:/program files (x86)/atmel/studio/7.0/toolchain/arm/arm-gnu-toolchain/bin/../lib/gcc/arm-none-eabi/5.3.1/../../../../arm-none-eabi/lib/armv7-m\libc.a(lib_a-memcpy.o)
 .ARM.attributes
                0x00000773       0x2d c:/program files (x86)/atmel/studio/7.0/toolchain/arm/arm-gnu-toolchain/bin/../lib/gcc/arm-none-eabi/5.3.1/../../../../arm-none-eabi/lib/armv7-m\libc.a(lib_a-memmove.o)
 .ARM.attributes
                0x000007a0       0x2d c:/program files (x86)/atmel/studio/7.0/toolchain/arm/arm-gnu-toolchain/bin/../lib/gcc/arm-none-eabi/5.3.1/../../../../arm-none-eabi/lib/armv7-m\libc.a(lib_a-mlock.o)
 .ARM.attributes
                0x000007cd       0x2d c:/program files (x86)/atmel/studio/7.0/toolchain/arm/arm-gnu-toolchain/bin/../lib/gcc/arm-none-eabi/5.3.1/../../../../arm-none-eabi/lib/armv7-m\libc.a(lib_a-reallocr.o)
 .ARM.attributes
                0x000007fa       0x2d c:/program files (x86)/atmel/studio/7.0/toolchain/arm/arm-gnu-toolchain/bin/../lib/gcc/arm-none-eabi/5.3.1/../../../../arm-none-eabi/lib/armv7-m\libc.a(lib_a-sbrkr.o)
 .ARM.attributes
                0x00000827       0x2d c:/program files (x86)/atmel/studio/7.0/toolchain/arm/arm-gnu-toolchain/bin/../lib/gcc/arm-none-eabi/5.3.1/../../../../arm-none-eabi/lib/armv7-m\libc.a(lib_a-stdio.o)
 .ARM.attributes
                0x00000854       0x2d c:/program files (x86)/atmel/studio/7.0/toolchain/arm/arm-gnu-toolchain/bin/../lib/gcc/arm-none-eabi/5.3.1/../../../../arm-none-eabi/lib/armv7-m\libc.a(lib_a-strlen-stub.o)
 .ARM.attributes
                0x00000881       0x2d c:/program files (x86)/atmel/studio/7.0/toolchain/arm/arm-gnu-toolchain/bin/../lib/gcc/arm-none-eabi/5.3.1/../../../../arm-none-eabi/lib/armv7-m\libc.a(lib_a-wbuf.o)
 .ARM.attributes
                0x000008ae       0x2d c:/program files (x86)/atmel/studio/7.0/toolchain/arm/arm-gnu-toolchain/bin/../lib/gcc/arm-none-eabi/5.3.1/../../../../arm-none-eabi/lib/armv7-m\libc.a(lib_a-wcrtomb.o)
 .ARM.attributes
                0x000008db       0x2d c:/program files (x86)/atmel/studio/7.0/toolchain/arm/arm-gnu-toolchain/bin/../lib/gcc/arm-none-eabi/5.3.1/../../../../arm-none-eabi/lib/armv7-m\libc.a(lib_a-wctomb_r.o)
 .ARM.attributes
                0x00000908       0x2d c:/program files (x86)/atmel/studio/7.0/toolchain/arm/arm-gnu-toolchain/bin/../lib/gcc/arm-none-eabi/5.3.1/../../../../arm-none-eabi/lib/armv7-m\libc.a(lib_a-writer.o)
 .ARM.attributes
                0x00000935       0x2d c:/program files (x86)/atmel/studio/7.0/toolchain/arm/arm-gnu-toolchain/bin/../lib/gcc/arm-none-eabi/5.3.1/../../../../arm-none-eabi/lib/armv7-m\libc.a(lib_a-__atexit.o)
 .ARM.attributes
                0x00000962       0x2d c:/program files (x86)/atmel/studio/7.0/toolchain/arm/arm-gnu-toolchain/bin/../lib/gcc/arm-none-eabi/5.3.1/../../../../arm-none-eabi/lib/armv7-m\libc.a(lib_a-closer.o)
 .ARM.attributes
                0x0000098f       0x2d c:/program files (x86)/atmel/studio/7.0/toolchain/arm/arm-gnu-toolchain/bin/../lib/gcc/arm-none-eabi/5.3.1/../../../../arm-none-eabi/lib/armv7-m\libc.a(lib_a-fclose.o)
 .ARM.attributes
                0x000009bc       0x2d c:/program files (x86)/atmel/studio/7.0/toolchain/arm/arm-gnu-toolchain/bin/../lib/gcc/arm-none-eabi/5.3.1/../../../../arm-none-eabi/lib/armv7-m\libc.a(lib_a-fstatr.o)
 .ARM.attributes
                0x000009e9       0x2d c:/program files (x86)/atmel/studio/7.0/toolchain/arm/arm-gnu-toolchain/bin/../lib/gcc/arm-none-eabi/5.3.1/../../../../arm-none-eabi/lib/armv7-m\libc.a(lib_a-isattyr.o)
 .ARM.attributes
                0x00000a16       0x2d c:/program files (x86)/atmel/studio/7.0/toolchain/arm/arm-gnu-toolchain/bin/../lib/gcc/arm-none-eabi/5.3.1/../../../../arm-none-eabi/lib/armv7-m\libc.a(lib_a-lseekr.o)
 .ARM.attributes
                0x00000a43       0x2d c:/program files (x86)/atmel/studio/7.0/toolchain/arm/arm-gnu-toolchain/bin/../lib/gcc/arm-none-eabi/5.3.1/../../../../arm-none-eabi/lib/armv7-m\libc.a(lib_a-readr.o)
 .ARM.attributes
                0x00000a70       0x2d c:/program files (x86)/atmel/studio/7.0/toolchain/arm/arm-gnu-toolchain/bin/../lib/gcc/arm-none-eabi/5.3.1/../../../../arm-none-eabi/lib/armv7-m\libc.a(lib_a-reent.o)
 .ARM.attributes
                0x00000a9d       0x1d c:/program files (x86)/atmel/studio/7.0/toolchain/arm/arm-gnu-toolchain/bin/../lib/gcc/arm-none-eabi/5.3.1/armv7-m\libgcc.a(_aeabi_uldivmod.o)
 .ARM.attributes
                0x00000aba       0x2d c:/program files (x86)/atmel/studio/7.0/toolchain/arm/arm-gnu-toolchain/bin/../lib/gcc/arm-none-eabi/5.3.1/armv7-m\libgcc.a(_udivmoddi4.o)
 .ARM.attributes
                0x00000ae7       0x1d c:/program files (x86)/atmel/studio/7.0/toolchain/arm/arm-gnu-toolchain/bin/../lib/gcc/arm-none-eabi/5.3.1/armv7-m\libgcc.a(_dvmd_tls.o)
 .ARM.attributes
                0x00000b04       0x1d c:/program files (x86)/atmel/studio/7.0/toolchain/arm/arm-gnu-toolchain/bin/../lib/gcc/arm-none-eabi/5.3.1/armv7-m/crtn.o

.comment        0x00000000       0x59
 .comment       0x00000000       0x59 src/ASF/common/services/delay/sam/cycle_counter.o
                                 0x5a (size before relaxing)
 .comment       0x00000059       0x5a src/ASF/common/services/clock/sam3x/sysclk.o
 .comment       0x00000059       0x5a src/ASF/common/utils/stdio/read.o
 .comment       0x00000059       0x5a src/ASF/common/utils/stdio/write.o
 .comment       0x00000059       0x5a src/ASF/sam/boards/arduino_due_x/init.o
 .comment       0x00000059       0x5a src/ASF/sam/drivers/pio/pio.o
 .comment       0x00000059       0x5a src/ASF/sam/drivers/pio/pio_handler.o
 .comment       0x00000059       0x5a src/ASF/sam/drivers/pmc/pmc.o
 .comment       0x00000059       0x5a src/ASF/sam/drivers/tc/tc.o
 .comment       0x00000059       0x5a src/ASF/sam/drivers/uart/uart.o
 .comment       0x00000059       0x5a src/ASF/sam/drivers/usart/usart.o
 .comment       0x00000059       0x5a src/ASF/sam/utils/cmsis/sam3x/source/templates/exceptions.o
 .comment       0x00000059       0x5a src/ASF/sam/utils/cmsis/sam3x/source/templates/gcc/startup_sam3x.o
 .comment       0x00000059       0x5a src/ASF/sam/utils/cmsis/sam3x/source/templates/system_sam3x.o
 .comment       0x00000059       0x5a src/ASF/sam/utils/syscalls/gcc/syscalls.o
 .comment       0x00000059       0x5a src/ppm_out.o

.debug_info     0x00000000     0xa374
 .debug_info    0x00000000      0x134 src/ASF/common/services/delay/sam/cycle_counter.o
 .debug_info    0x00000134      0x749 src/ASF/common/services/clock/sam3x/sysclk.o
 .debug_info    0x0000087d      0x1bb src/ASF/common/utils/stdio/read.o
 .debug_info    0x00000a38      0x1c0 src/ASF/common/utils/stdio/write.o
 .debug_info    0x00000bf8      0x733 src/ASF/sam/boards/arduino_due_x/init.o
 .debug_info    0x0000132b     0x1384 src/ASF/sam/drivers/pio/pio.o
 .debug_info    0x000026af      0xe71 src/ASF/sam/drivers/pio/pio_handler.o
 .debug_info    0x00003520     0x1097 src/ASF/sam/drivers/pmc/pmc.o
 .debug_info    0x000045b7      0x954 src/ASF/sam/drivers/tc/tc.o
 .debug_info    0x00004f0b      0x889 src/ASF/sam/drivers/uart/uart.o
 .debug_info    0x00005794     0x1c04 src/ASF/sam/drivers/usart/usart.o
 .debug_info    0x00007398      0x125 src/ASF/sam/utils/cmsis/sam3x/source/templates/exceptions.o
 .debug_info    0x000074bd      0x3d3 src/ASF/sam/utils/cmsis/sam3x/source/templates/gcc/startup_sam3x.o
 .debug_info    0x00007890      0x4c6 src/ASF/sam/utils/cmsis/sam3x/source/templates/system_sam3x.o
 .debug_info    0x00007d56      0x427 src/ASF/sam/utils/syscalls/gcc/syscalls.o
 .debug_info    0x0000817d     0x21f7 src/ppm_out.o

.debug_abbrev   0x00000000     0x1c9e
 .debug_abbrev  0x00000000       0x9d src/ASF/common/services/delay/sam/cycle_counter.o
 .debug_abbrev  0x0000009d      0x241 src/ASF/common/services/clock/sam3x/sysclk.o
 .debug_abbrev  0x000002de      0x101 src/ASF/common/utils/stdio/read.o
 .debug_abbrev  0x000003df       0xf5 src/ASF/common/utils/stdio/write.o
 .debug_abbrev  0x000004d4      0x178 src/ASF/sam/boards/arduino_due_x/init.o
 .debug_abbrev  0x0000064c      0x2de src/ASF/sam/drivers/pio/pio.o
 .debug_abbrev  0x0000092a      0x271 src/ASF/sam/drivers/pio/pio_handler.o
 .debug_abbrev  0x00000b9b      0x268 src/ASF/sam/drivers/pmc/pmc.o
 .debug_abbrev  0x00000e03      0x1bb src/ASF/sam/drivers/tc/tc.o
 .debug_abbrev  0x00000fbe      0x1bd src/ASF/sam/drivers/uart/uart.o
 .debug_abbrev  0x0000117b      0x325 src/ASF/sam/drivers/usart/usart.o
 .debug_abbrev  0x000014a0       0x8f src/ASF/sam/utils/cmsis/sam3x/source/templates/exceptions.o
 .debug_abbrev  0x0000152f      0x11b src/ASF/sam/utils/cmsis/sam3x/source/templates/gcc/startup_sam3x.o
 .debug_abbrev  0x0000164a      0x115 src/ASF/sam/utils/cmsis/sam3x/source/templates/system_sam3x.o
 .debug_abbrev  0x0000175f      0x14b src/ASF/sam/utils/syscalls/gcc/syscalls.o
 .debug_abbrev  0x000018aa      0x3f4 src/ppm_out.o

.debug_aranges  0x00000000      0x9b8
 .debug_aranges
                0x00000000       0x20 src/ASF/common/services/delay/sam/cycle_counter.o
 .debug_aranges
                0x00000020       0x30 src/ASF/common/services/clock/sam3x/sysclk.o
 .debug_aranges
                0x00000050       0x20 src/ASF/common/utils/stdio/read.o
 .debug_aranges
                0x00000070       0x20 src/ASF/common/utils/stdio/write.o
 .debug_aranges
                0x00000090       0x20 src/ASF/sam/boards/arduino_due_x/init.o
 .debug_aranges
                0x000000b0      0x148 src/ASF/sam/drivers/pio/pio.o
 .debug_aranges
                0x000001f8       0x58 src/ASF/sam/drivers/pio/pio_handler.o
 .debug_aranges
                0x00000250      0x200 src/ASF/sam/drivers/pmc/pmc.o
 .debug_aranges
                0x00000450       0xd0 src/ASF/sam/drivers/tc/tc.o
 .debug_aranges
                0x00000520       0xe8 src/ASF/sam/drivers/uart/uart.o
 .debug_aranges
                0x00000608      0x2a8 src/ASF/sam/drivers/usart/usart.o
 .debug_aranges
                0x000008b0       0x20 src/ASF/sam/utils/cmsis/sam3x/source/templates/exceptions.o
 .debug_aranges
                0x000008d0       0x20 src/ASF/sam/utils/cmsis/sam3x/source/templates/gcc/startup_sam3x.o
 .debug_aranges
                0x000008f0       0x30 src/ASF/sam/utils/cmsis/sam3x/source/templates/system_sam3x.o
 .debug_aranges
                0x00000920       0x60 src/ASF/sam/utils/syscalls/gcc/syscalls.o
 .debug_aranges
                0x00000980       0x38 src/ppm_out.o

.debug_ranges   0x00000000      0x8d0
 .debug_ranges  0x00000000       0x10 src/ASF/common/services/delay/sam/cycle_counter.o
 .debug_ranges  0x00000010       0x20 src/ASF/common/services/clock/sam3x/sysclk.o
 .debug_ranges  0x00000030       0x10 src/ASF/common/utils/stdio/read.o
 .debug_ranges  0x00000040       0x10 src/ASF/common/utils/stdio/write.o
 .debug_ranges  0x00000050       0x10 src/ASF/sam/boards/arduino_due_x/init.o
 .debug_ranges  0x00000060      0x138 src/ASF/sam/drivers/pio/pio.o
 .debug_ranges  0x00000198       0x48 src/ASF/sam/drivers/pio/pio_handler.o
 .debug_ranges  0x000001e0      0x1f0 src/ASF/sam/drivers/pmc/pmc.o
 .debug_ranges  0x000003d0       0xc0 src/ASF/sam/drivers/tc/tc.o
 .debug_ranges  0x00000490       0xd8 src/ASF/sam/drivers/uart/uart.o
 .debug_ranges  0x00000568      0x298 src/ASF/sam/drivers/usart/usart.o
 .debug_ranges  0x00000800       0x10 src/ASF/sam/utils/cmsis/sam3x/source/templates/exceptions.o
 .debug_ranges  0x00000810       0x10 src/ASF/sam/utils/cmsis/sam3x/source/templates/gcc/startup_sam3x.o
 .debug_ranges  0x00000820       0x20 src/ASF/sam/utils/cmsis/sam3x/source/templates/system_sam3x.o
 .debug_ranges  0x00000840       0x50 src/ASF/sam/utils/syscalls/gcc/syscalls.o
 .debug_ranges  0x00000890       0x40 src/ppm_out.o

.debug_macro    0x00000000    0x17b47
 .debug_macro   0x00000000      0x534 src/ASF/common/services/delay/sam/cycle_counter.o
 .debug_macro   0x00000534      0x892 src/ASF/common/services/delay/sam/cycle_counter.o
 .debug_macro   0x00000dc6      0x16d src/ASF/common/services/delay/sam/cycle_counter.o
 .debug_macro   0x00000f33      0x652 src/ASF/common/services/delay/sam/cycle_counter.o
 .debug_macro   0x00001585       0x76 src/ASF/common/services/delay/sam/cycle_counter.o
 .debug_macro   0x000015fb       0x16 src/ASF/common/services/delay/sam/cycle_counter.o
 .debug_macro   0x00001611      0x6e4 src/ASF/common/services/delay/sam/cycle_counter.o
 .debug_macro   0x00001cf5       0x22 src/ASF/common/services/delay/sam/cycle_counter.o
 .debug_macro   0x00001d17       0x87 src/ASF/common/services/delay/sam/cycle_counter.o
 .debug_macro   0x00001d9e       0x44 src/ASF/common/services/delay/sam/cycle_counter.o
 .debug_macro   0x00001de2       0xfd src/ASF/common/services/delay/sam/cycle_counter.o
 .debug_macro   0x00001edf       0x22 src/ASF/common/services/delay/sam/cycle_counter.o
 .debug_macro   0x00001f01      0x1df src/ASF/common/services/delay/sam/cycle_counter.o
 .debug_macro   0x000020e0       0x20 src/ASF/common/services/delay/sam/cycle_counter.o
 .debug_macro   0x00002100       0x3a src/ASF/common/services/delay/sam/cycle_counter.o
 .debug_macro   0x0000213a       0x2d src/ASF/common/services/delay/sam/cycle_counter.o
 .debug_macro   0x00002167      0xbb1 src/ASF/common/services/delay/sam/cycle_counter.o
 .debug_macro   0x00002d18      0xab6 src/ASF/common/services/delay/sam/cycle_counter.o
 .debug_macro   0x000037ce      0x569 src/ASF/common/services/delay/sam/cycle_counter.o
 .debug_macro   0x00003d37      0x2b5 src/ASF/common/services/delay/sam/cycle_counter.o
 .debug_macro   0x00003fec      0x31a src/ASF/common/services/delay/sam/cycle_counter.o
 .debug_macro   0x00004306      0x74f src/ASF/common/services/delay/sam/cycle_counter.o
 .debug_macro   0x00004a55       0x82 src/ASF/common/services/delay/sam/cycle_counter.o
 .debug_macro   0x00004ad7      0x57b src/ASF/common/services/delay/sam/cycle_counter.o
 .debug_macro   0x00005052       0x1c src/ASF/common/services/delay/sam/cycle_counter.o
 .debug_macro   0x0000506e      0x6b7 src/ASF/common/services/delay/sam/cycle_counter.o
 .debug_macro   0x00005725      0x52d src/ASF/common/services/delay/sam/cycle_counter.o
 .debug_macro   0x00005c52       0xbe src/ASF/common/services/delay/sam/cycle_counter.o
 .debug_macro   0x00005d10     0x2342 src/ASF/common/services/delay/sam/cycle_counter.o
 .debug_macro   0x00008052      0x85d src/ASF/common/services/delay/sam/cycle_counter.o
 .debug_macro   0x000088af      0xdc9 src/ASF/common/services/delay/sam/cycle_counter.o
 .debug_macro   0x00009678       0x7c src/ASF/common/services/delay/sam/cycle_counter.o
 .debug_macro   0x000096f4      0x263 src/ASF/common/services/delay/sam/cycle_counter.o
 .debug_macro   0x00009957       0x58 src/ASF/common/services/delay/sam/cycle_counter.o
 .debug_macro   0x000099af      0x9a7 src/ASF/common/services/delay/sam/cycle_counter.o
 .debug_macro   0x0000a356      0x248 src/ASF/common/services/delay/sam/cycle_counter.o
 .debug_macro   0x0000a59e      0x4df src/ASF/common/services/delay/sam/cycle_counter.o
 .debug_macro   0x0000aa7d      0x6b3 src/ASF/common/services/delay/sam/cycle_counter.o
 .debug_macro   0x0000b130      0x59f src/ASF/common/services/delay/sam/cycle_counter.o
 .debug_macro   0x0000b6cf       0x46 src/ASF/common/services/delay/sam/cycle_counter.o
 .debug_macro   0x0000b715      0x34d src/ASF/common/services/delay/sam/cycle_counter.o
 .debug_macro   0x0000ba62      0x28c src/ASF/common/services/delay/sam/cycle_counter.o
 .debug_macro   0x0000bcee     0x14d7 src/ASF/common/services/delay/sam/cycle_counter.o
 .debug_macro   0x0000d1c5      0x7ba src/ASF/common/services/delay/sam/cycle_counter.o
 .debug_macro   0x0000d97f       0x76 src/ASF/common/services/delay/sam/cycle_counter.o
 .debug_macro   0x0000d9f5       0x82 src/ASF/common/services/delay/sam/cycle_counter.o
 .debug_macro   0x0000da77       0x76 src/ASF/common/services/delay/sam/cycle_counter.o
 .debug_macro   0x0000daed       0x4c src/ASF/common/services/delay/sam/cycle_counter.o
 .debug_macro   0x0000db39      0x105 src/ASF/common/services/delay/sam/cycle_counter.o
 .debug_macro   0x0000dc3e      0x105 src/ASF/common/services/delay/sam/cycle_counter.o
 .debug_macro   0x0000dd43      0x105 src/ASF/common/services/delay/sam/cycle_counter.o
 .debug_macro   0x0000de48       0x88 src/ASF/common/services/delay/sam/cycle_counter.o
 .debug_macro   0x0000ded0       0x88 src/ASF/common/services/delay/sam/cycle_counter.o
 .debug_macro   0x0000df58      0x3b4 src/ASF/common/services/delay/sam/cycle_counter.o
 .debug_macro   0x0000e30c       0xb8 src/ASF/common/services/delay/sam/cycle_counter.o
 .debug_macro   0x0000e3c4       0xb8 src/ASF/common/services/delay/sam/cycle_counter.o
 .debug_macro   0x0000e47c       0xb8 src/ASF/common/services/delay/sam/cycle_counter.o
 .debug_macro   0x0000e534       0xb8 src/ASF/common/services/delay/sam/cycle_counter.o
 .debug_macro   0x0000e5ec      0x2b8 src/ASF/common/services/delay/sam/cycle_counter.o
 .debug_macro   0x0000e8a4      0x125 src/ASF/common/services/delay/sam/cycle_counter.o
 .debug_macro   0x0000e9c9      0x225 src/ASF/common/services/delay/sam/cycle_counter.o
 .debug_macro   0x0000ebee      0x225 src/ASF/common/services/delay/sam/cycle_counter.o
 .debug_macro   0x0000ee13       0x2e src/ASF/common/services/delay/sam/cycle_counter.o
 .debug_macro   0x0000ee41       0xac src/ASF/common/services/delay/sam/cycle_counter.o
 .debug_macro   0x0000eeed      0x14d src/ASF/common/services/delay/sam/cycle_counter.o
 .debug_macro   0x0000f03a       0x7c src/ASF/common/services/delay/sam/cycle_counter.o
 .debug_macro   0x0000f0b6      0x205 src/ASF/common/services/delay/sam/cycle_counter.o
 .debug_macro   0x0000f2bb       0x64 src/ASF/common/services/delay/sam/cycle_counter.o
 .debug_macro   0x0000f31f       0xa6 src/ASF/common/services/delay/sam/cycle_counter.o
 .debug_macro   0x0000f3c5       0x7c src/ASF/common/services/delay/sam/cycle_counter.o
 .debug_macro   0x0000f441       0x16 src/ASF/common/services/delay/sam/cycle_counter.o
 .debug_macro   0x0000f457       0x22 src/ASF/common/services/delay/sam/cycle_counter.o
 .debug_macro   0x0000f479       0x22 src/ASF/common/services/delay/sam/cycle_counter.o
 .debug_macro   0x0000f49b      0x115 src/ASF/common/services/delay/sam/cycle_counter.o
 .debug_macro   0x0000f5b0      0x115 src/ASF/common/services/delay/sam/cycle_counter.o
 .debug_macro   0x0000f6c5      0x115 src/ASF/common/services/delay/sam/cycle_counter.o
 .debug_macro   0x0000f7da      0x115 src/ASF/common/services/delay/sam/cycle_counter.o
 .debug_macro   0x0000f8ef       0x1c src/ASF/common/services/delay/sam/cycle_counter.o
 .debug_macro   0x0000f90b       0x2e src/ASF/common/services/delay/sam/cycle_counter.o
 .debug_macro   0x0000f939       0x22 src/ASF/common/services/delay/sam/cycle_counter.o
 .debug_macro   0x0000f95b       0x1c src/ASF/common/services/delay/sam/cycle_counter.o
 .debug_macro   0x0000f977       0x58 src/ASF/common/services/delay/sam/cycle_counter.o
 .debug_macro   0x0000f9cf       0x10 src/ASF/common/services/delay/sam/cycle_counter.o
 .debug_macro   0x0000f9df      0x273 src/ASF/common/services/delay/sam/cycle_counter.o
 .debug_macro   0x0000fc52      0xd43 src/ASF/common/services/delay/sam/cycle_counter.o
 .debug_macro   0x00010995      0x131 src/ASF/common/services/delay/sam/cycle_counter.o
 .debug_macro   0x00010ac6       0x52 src/ASF/common/services/delay/sam/cycle_counter.o
 .debug_macro   0x00010b18       0x35 src/ASF/common/services/delay/sam/cycle_counter.o
 .debug_macro   0x00010b4d       0x9c src/ASF/common/services/delay/sam/cycle_counter.o
 .debug_macro   0x00010be9       0x16 src/ASF/common/services/delay/sam/cycle_counter.o
 .debug_macro   0x00010bff       0x35 src/ASF/common/services/delay/sam/cycle_counter.o
 .debug_macro   0x00010c34      0x330 src/ASF/common/services/delay/sam/cycle_counter.o
 .debug_macro   0x00010f64       0x10 src/ASF/common/services/delay/sam/cycle_counter.o
 .debug_macro   0x00010f74       0x52 src/ASF/common/services/delay/sam/cycle_counter.o
 .debug_macro   0x00010fc6       0x16 src/ASF/common/services/delay/sam/cycle_counter.o
 .debug_macro   0x00010fdc       0x43 src/ASF/common/services/delay/sam/cycle_counter.o
 .debug_macro   0x0001101f      0x187 src/ASF/common/services/delay/sam/cycle_counter.o
 .debug_macro   0x000111a6       0x22 src/ASF/common/services/delay/sam/cycle_counter.o
 .debug_macro   0x000111c8       0x3a src/ASF/common/services/delay/sam/cycle_counter.o
 .debug_macro   0x00011202       0x10 src/ASF/common/services/delay/sam/cycle_counter.o
 .debug_macro   0x00011212       0x40 src/ASF/common/services/delay/sam/cycle_counter.o
 .debug_macro   0x00011252       0x6c src/ASF/common/services/delay/sam/cycle_counter.o
 .debug_macro   0x000112be       0x16 src/ASF/common/services/delay/sam/cycle_counter.o
 .debug_macro   0x000112d4      0x182 src/ASF/common/services/delay/sam/cycle_counter.o
 .debug_macro   0x00011456       0x22 src/ASF/common/services/delay/sam/cycle_counter.o
 .debug_macro   0x00011478       0x16 src/ASF/common/services/delay/sam/cycle_counter.o
 .debug_macro   0x0001148e       0x16 src/ASF/common/services/delay/sam/cycle_counter.o
 .debug_macro   0x000114a4       0x29 src/ASF/common/services/delay/sam/cycle_counter.o
 .debug_macro   0x000114cd       0x75 src/ASF/common/services/delay/sam/cycle_counter.o
 .debug_macro   0x00011542       0x45 src/ASF/common/services/delay/sam/cycle_counter.o
 .debug_macro   0x00011587      0x3ca src/ASF/common/services/delay/sam/cycle_counter.o
 .debug_macro   0x00011951       0x22 src/ASF/common/services/delay/sam/cycle_counter.o
 .debug_macro   0x00011973      0x5a5 src/ASF/common/services/clock/sam3x/sysclk.o
 .debug_macro   0x00011f18       0x28 src/ASF/common/services/clock/sam3x/sysclk.o
 .debug_macro   0x00011f40      0x2b9 src/ASF/common/services/clock/sam3x/sysclk.o
 .debug_macro   0x000121f9      0x790 src/ASF/common/services/clock/sam3x/sysclk.o
 .debug_macro   0x00012989       0x5e src/ASF/common/services/clock/sam3x/sysclk.o
 .debug_macro   0x000129e7       0x64 src/ASF/common/services/clock/sam3x/sysclk.o
 .debug_macro   0x00012a4b       0x5f src/ASF/common/services/clock/sam3x/sysclk.o
 .debug_macro   0x00012aaa       0x90 src/ASF/common/services/clock/sam3x/sysclk.o
 .debug_macro   0x00012b3a      0x525 src/ASF/common/utils/stdio/read.o
 .debug_macro   0x0001305f      0x525 src/ASF/common/utils/stdio/write.o
 .debug_macro   0x00013584      0x5e8 src/ASF/sam/boards/arduino_due_x/init.o
 .debug_macro   0x00013b6c       0x1c src/ASF/sam/boards/arduino_due_x/init.o
 .debug_macro   0x00013b88       0x94 src/ASF/sam/boards/arduino_due_x/init.o
 .debug_macro   0x00013c1c       0x40 src/ASF/sam/boards/arduino_due_x/init.o
 .debug_macro   0x00013c5c       0x6a src/ASF/sam/boards/arduino_due_x/init.o
 .debug_macro   0x00013cc6      0x540 src/ASF/sam/drivers/pio/pio.o
 .debug_macro   0x00014206       0x8e src/ASF/sam/drivers/pio/pio.o
 .debug_macro   0x00014294      0x544 src/ASF/sam/drivers/pio/pio_handler.o
 .debug_macro   0x000147d8      0x53a src/ASF/sam/drivers/pmc/pmc.o
 .debug_macro   0x00014d12       0x58 src/ASF/sam/drivers/pmc/pmc.o
 .debug_macro   0x00014d6a      0x541 src/ASF/sam/drivers/tc/tc.o
 .debug_macro   0x000152ab       0x4c src/ASF/sam/drivers/tc/tc.o
 .debug_macro   0x000152f7       0x8d src/ASF/sam/drivers/tc/tc.o
 .debug_macro   0x00015384       0x16 src/ASF/sam/drivers/tc/tc.o
 .debug_macro   0x0001539a       0x4a src/ASF/sam/drivers/tc/tc.o
 .debug_macro   0x000153e4       0x1c src/ASF/sam/drivers/tc/tc.o
 .debug_macro   0x00015400      0x534 src/ASF/sam/drivers/uart/uart.o
 .debug_macro   0x00015934       0x16 src/ASF/sam/drivers/uart/uart.o
 .debug_macro   0x0001594a      0x570 src/ASF/sam/drivers/usart/usart.o
 .debug_macro   0x00015eba       0x28 src/ASF/sam/drivers/usart/usart.o
 .debug_macro   0x00015ee2      0x539 src/ASF/sam/utils/cmsis/sam3x/source/templates/exceptions.o
 .debug_macro   0x0001641b      0x547 src/ASF/sam/utils/cmsis/sam3x/source/templates/gcc/startup_sam3x.o
 .debug_macro   0x00016962      0x547 src/ASF/sam/utils/cmsis/sam3x/source/templates/system_sam3x.o
 .debug_macro   0x00016ea9       0x26 src/ASF/sam/utils/cmsis/sam3x/source/templates/system_sam3x.o
 .debug_macro   0x00016ecf      0x19c src/ASF/sam/utils/syscalls/gcc/syscalls.o
 .debug_macro   0x0001706b       0x97 src/ASF/sam/utils/syscalls/gcc/syscalls.o
 .debug_macro   0x00017102       0xf6 src/ASF/sam/utils/syscalls/gcc/syscalls.o
 .debug_macro   0x000171f8       0x52 src/ASF/sam/utils/syscalls/gcc/syscalls.o
 .debug_macro   0x0001724a       0x16 src/ASF/sam/utils/syscalls/gcc/syscalls.o
 .debug_macro   0x00017260       0x10 src/ASF/sam/utils/syscalls/gcc/syscalls.o
 .debug_macro   0x00017270       0x41 src/ASF/sam/utils/syscalls/gcc/syscalls.o
 .debug_macro   0x000172b1      0x122 src/ASF/sam/utils/syscalls/gcc/syscalls.o
 .debug_macro   0x000173d3      0x6b9 src/ppm_out.o
 .debug_macro   0x00017a8c       0x28 src/ppm_out.o
 .debug_macro   0x00017ab4       0x23 src/ppm_out.o
 .debug_macro   0x00017ad7       0x70 src/ppm_out.o

.debug_line     0x00000000     0xc6bc
 .debug_line    0x00000000      0xb22 src/ASF/common/services/delay/sam/cycle_counter.o
 .debug_line    0x00000b22      0xc64 src/ASF/common/services/clock/sam3x/sysclk.o
 .debug_line    0x00001786      0xb27 src/ASF/common/utils/stdio/read.o
 .debug_line    0x000022ad      0xb19 src/ASF/common/utils/stdio/write.o
 .debug_line    0x00002dc6      0xd1c src/ASF/sam/boards/arduino_due_x/init.o
 .debug_line    0x00003ae2      0xe80 src/ASF/sam/drivers/pio/pio.o
 .debug_line    0x00004962      0xbda src/ASF/sam/drivers/pio/pio_handler.o
 .debug_line    0x0000553c     0x10ad src/ASF/sam/drivers/pmc/pmc.o
 .debug_line    0x000065e9      0xcb9 src/ASF/sam/drivers/tc/tc.o
 .debug_line    0x000072a2      0xcd1 src/ASF/sam/drivers/uart/uart.o
 .debug_line    0x00007f73     0x11e2 src/ASF/sam/drivers/usart/usart.o
 .debug_line    0x00009155      0xaf7 src/ASF/sam/utils/cmsis/sam3x/source/templates/exceptions.o
 .debug_line    0x00009c4c      0xb41 src/ASF/sam/utils/cmsis/sam3x/source/templates/gcc/startup_sam3x.o
 .debug_line    0x0000a78d      0xb5f src/ASF/sam/utils/cmsis/sam3x/source/templates/system_sam3x.o
 .debug_line    0x0000b2ec      0x3d1 src/ASF/sam/utils/syscalls/gcc/syscalls.o
 .debug_line    0x0000b6bd      0xfff src/ppm_out.o

.debug_str      0x00000000    0x63bb7
 .debug_str     0x00000000    0x5bbaa src/ASF/common/services/delay/sam/cycle_counter.o
                              0x5bec9 (size before relaxing)
 .debug_str     0x0005bbaa     0x3f1f src/ASF/common/services/clock/sam3x/sysclk.o
                              0x5fc6f (size before relaxing)
 .debug_str     0x0005fac9       0x3f src/ASF/common/utils/stdio/read.o
                              0x5bd54 (size before relaxing)
 .debug_str     0x0005fb08       0x2e src/ASF/common/utils/stdio/write.o
                              0x5bd56 (size before relaxing)
 .debug_str     0x0005fb36      0xada src/ASF/sam/boards/arduino_due_x/init.o
                              0x6044c (size before relaxing)
 .debug_str     0x00060610      0x432 src/ASF/sam/drivers/pio/pio.o
                              0x5c6f9 (size before relaxing)
 .debug_str     0x00060a42      0x45d src/ASF/sam/drivers/pio/pio_handler.o
                              0x5c741 (size before relaxing)
 .debug_str     0x00060e9f      0x691 src/ASF/sam/drivers/pmc/pmc.o
                              0x5c76f (size before relaxing)
 .debug_str     0x00061530      0x39e src/ASF/sam/drivers/tc/tc.o
                              0x5c0fd (size before relaxing)
 .debug_str     0x000618ce      0x3b7 src/ASF/sam/drivers/uart/uart.o
                              0x5c11a (size before relaxing)
 .debug_str     0x00061c85      0xb9d src/ASF/sam/drivers/usart/usart.o
                              0x5c9cb (size before relaxing)
 .debug_str     0x00062822       0x4d src/ASF/sam/utils/cmsis/sam3x/source/templates/exceptions.o
                              0x5bd6e (size before relaxing)
 .debug_str     0x0006286f       0xb2 src/ASF/sam/utils/cmsis/sam3x/source/templates/gcc/startup_sam3x.o
                              0x5be43 (size before relaxing)
 .debug_str     0x00062921      0x1cd src/ASF/sam/utils/cmsis/sam3x/source/templates/system_sam3x.o
                              0x5c056 (size before relaxing)
 .debug_str     0x00062aee      0x748 src/ASF/sam/utils/syscalls/gcc/syscalls.o
                               0x69b7 (size before relaxing)
 .debug_str     0x00063236      0x981 src/ppm_out.o
                              0x61725 (size before relaxing)

.debug_frame    0x00000000     0x20a4
 .debug_frame   0x00000000       0x20 src/ASF/common/services/delay/sam/cycle_counter.o
 .debug_frame   0x00000020       0x58 src/ASF/common/services/clock/sam3x/sysclk.o
 .debug_frame   0x00000078       0x48 src/ASF/common/utils/stdio/read.o
 .debug_frame   0x000000c0       0x48 src/ASF/common/utils/stdio/write.o
 .debug_frame   0x00000108       0x28 src/ASF/sam/boards/arduino_due_x/init.o
 .debug_frame   0x00000130      0x2b8 src/ASF/sam/drivers/pio/pio.o
 .debug_frame   0x000003e8       0xf8 src/ASF/sam/drivers/pio/pio_handler.o
 .debug_frame   0x000004e0      0x450 src/ASF/sam/drivers/pmc/pmc.o
 .debug_frame   0x00000930      0x1a4 src/ASF/sam/drivers/tc/tc.o
 .debug_frame   0x00000ad4      0x1bc src/ASF/sam/drivers/uart/uart.o
 .debug_frame   0x00000c90      0x5cc src/ASF/sam/drivers/usart/usart.o
 .debug_frame   0x0000125c       0x20 src/ASF/sam/utils/cmsis/sam3x/source/templates/exceptions.o
 .debug_frame   0x0000127c       0x28 src/ASF/sam/utils/cmsis/sam3x/source/templates/gcc/startup_sam3x.o
 .debug_frame   0x000012a4       0x40 src/ASF/sam/utils/cmsis/sam3x/source/templates/system_sam3x.o
 .debug_frame   0x000012e4       0xa0 src/ASF/sam/utils/syscalls/gcc/syscalls.o
 .debug_frame   0x00001384       0x8c src/ppm_out.o
 .debug_frame   0x00001410       0x2c c:/program files (x86)/atmel/studio/7.0/toolchain/arm/arm-gnu-toolchain/bin/../lib/gcc/arm-none-eabi/5.3.1/../../../../arm-none-eabi/lib/armv7-m\libc.a(lib_a-init.o)
 .debug_frame   0x0000143c       0x78 c:/program files (x86)/atmel/studio/7.0/toolchain/arm/arm-gnu-toolchain/bin/../lib/gcc/arm-none-eabi/5.3.1/../../../../arm-none-eabi/lib/armv7-m\libc.a(lib_a-iprintf.o)
 .debug_frame   0x000014b4       0x34 c:/program files (x86)/atmel/studio/7.0/toolchain/arm/arm-gnu-toolchain/bin/../lib/gcc/arm-none-eabi/5.3.1/../../../../arm-none-eabi/lib/armv7-m\libc.a(lib_a-memset.o)
 .debug_frame   0x000014e8       0x20 c:/program files (x86)/atmel/studio/7.0/toolchain/arm/arm-gnu-toolchain/bin/../lib/gcc/arm-none-eabi/5.3.1/../../../../arm-none-eabi/lib/armv7-m\libc.a(lib_a-setbuf.o)
 .debug_frame   0x00001508       0x50 c:/program files (x86)/atmel/studio/7.0/toolchain/arm/arm-gnu-toolchain/bin/../lib/gcc/arm-none-eabi/5.3.1/../../../../arm-none-eabi/lib/armv7-m\libc.a(lib_a-setvbuf.o)
 .debug_frame   0x00001558       0xc8 c:/program files (x86)/atmel/studio/7.0/toolchain/arm/arm-gnu-toolchain/bin/../lib/gcc/arm-none-eabi/5.3.1/../../../../arm-none-eabi/lib/armv7-m\libc.a(lib_a-vfiprintf.o)
 .debug_frame   0x00001620       0x2c c:/program files (x86)/atmel/studio/7.0/toolchain/arm/arm-gnu-toolchain/bin/../lib/gcc/arm-none-eabi/5.3.1/../../../../arm-none-eabi/lib/armv7-m\libc.a(lib_a-wsetup.o)
 .debug_frame   0x0000164c       0x50 c:/program files (x86)/atmel/studio/7.0/toolchain/arm/arm-gnu-toolchain/bin/../lib/gcc/arm-none-eabi/5.3.1/../../../../arm-none-eabi/lib/armv7-m\libc.a(lib_a-__call_atexit.o)
 .debug_frame   0x0000169c       0x20 c:/program files (x86)/atmel/studio/7.0/toolchain/arm/arm-gnu-toolchain/bin/../lib/gcc/arm-none-eabi/5.3.1/../../../../arm-none-eabi/lib/armv7-m\libc.a(lib_a-atexit.o)
 .debug_frame   0x000016bc       0x6c c:/program files (x86)/atmel/studio/7.0/toolchain/arm/arm-gnu-toolchain/bin/../lib/gcc/arm-none-eabi/5.3.1/../../../../arm-none-eabi/lib/armv7-m\libc.a(lib_a-fflush.o)
 .debug_frame   0x00001728      0x124 c:/program files (x86)/atmel/studio/7.0/toolchain/arm/arm-gnu-toolchain/bin/../lib/gcc/arm-none-eabi/5.3.1/../../../../arm-none-eabi/lib/armv7-m\libc.a(lib_a-findfp.o)
 .debug_frame   0x0000184c       0x34 c:/program files (x86)/atmel/studio/7.0/toolchain/arm/arm-gnu-toolchain/bin/../lib/gcc/arm-none-eabi/5.3.1/../../../../arm-none-eabi/lib/armv7-m\libc.a(lib_a-fini.o)
 .debug_frame   0x00001880       0x88 c:/program files (x86)/atmel/studio/7.0/toolchain/arm/arm-gnu-toolchain/bin/../lib/gcc/arm-none-eabi/5.3.1/../../../../arm-none-eabi/lib/armv7-m\libc.a(lib_a-fputwc.o)
 .debug_frame   0x00001908       0x74 c:/program files (x86)/atmel/studio/7.0/toolchain/arm/arm-gnu-toolchain/bin/../lib/gcc/arm-none-eabi/5.3.1/../../../../arm-none-eabi/lib/armv7-m\libc.a(lib_a-freer.o)
 .debug_frame   0x0000197c       0x68 c:/program files (x86)/atmel/studio/7.0/toolchain/arm/arm-gnu-toolchain/bin/../lib/gcc/arm-none-eabi/5.3.1/../../../../arm-none-eabi/lib/armv7-m\libc.a(lib_a-fvwrite.o)
 .debug_frame   0x000019e4       0x54 c:/program files (x86)/atmel/studio/7.0/toolchain/arm/arm-gnu-toolchain/bin/../lib/gcc/arm-none-eabi/5.3.1/../../../../arm-none-eabi/lib/armv7-m\libc.a(lib_a-fwalk.o)
 .debug_frame   0x00001a38       0x9c c:/program files (x86)/atmel/studio/7.0/toolchain/arm/arm-gnu-toolchain/bin/../lib/gcc/arm-none-eabi/5.3.1/../../../../arm-none-eabi/lib/armv7-m\libc.a(lib_a-locale.o)
 .debug_frame   0x00001ad4       0x68 c:/program files (x86)/atmel/studio/7.0/toolchain/arm/arm-gnu-toolchain/bin/../lib/gcc/arm-none-eabi/5.3.1/../../../../arm-none-eabi/lib/armv7-m\libc.a(lib_a-makebuf.o)
 .debug_frame   0x00001b3c       0x30 c:/program files (x86)/atmel/studio/7.0/toolchain/arm/arm-gnu-toolchain/bin/../lib/gcc/arm-none-eabi/5.3.1/../../../../arm-none-eabi/lib/armv7-m\libc.a(lib_a-malloc.o)
 .debug_frame   0x00001b6c       0x54 c:/program files (x86)/atmel/studio/7.0/toolchain/arm/arm-gnu-toolchain/bin/../lib/gcc/arm-none-eabi/5.3.1/../../../../arm-none-eabi/lib/armv7-m\libc.a(lib_a-mallocr.o)
 .debug_frame   0x00001bc0       0x34 c:/program files (x86)/atmel/studio/7.0/toolchain/arm/arm-gnu-toolchain/bin/../lib/gcc/arm-none-eabi/5.3.1/../../../../arm-none-eabi/lib/armv7-m\libc.a(lib_a-memchr-stub.o)
 .debug_frame   0x00001bf4       0x30 c:/program files (x86)/atmel/studio/7.0/toolchain/arm/arm-gnu-toolchain/bin/../lib/gcc/arm-none-eabi/5.3.1/../../../../arm-none-eabi/lib/armv7-m\libc.a(lib_a-memmove.o)
 .debug_frame   0x00001c24       0x30 c:/program files (x86)/atmel/studio/7.0/toolchain/arm/arm-gnu-toolchain/bin/../lib/gcc/arm-none-eabi/5.3.1/../../../../arm-none-eabi/lib/armv7-m\libc.a(lib_a-mlock.o)
 .debug_frame   0x00001c54       0x58 c:/program files (x86)/atmel/studio/7.0/toolchain/arm/arm-gnu-toolchain/bin/../lib/gcc/arm-none-eabi/5.3.1/../../../../arm-none-eabi/lib/armv7-m\libc.a(lib_a-reallocr.o)
 .debug_frame   0x00001cac       0x2c c:/program files (x86)/atmel/studio/7.0/toolchain/arm/arm-gnu-toolchain/bin/../lib/gcc/arm-none-eabi/5.3.1/../../../../arm-none-eabi/lib/armv7-m\libc.a(lib_a-sbrkr.o)
 .debug_frame   0x00001cd8       0x88 c:/program files (x86)/atmel/studio/7.0/toolchain/arm/arm-gnu-toolchain/bin/../lib/gcc/arm-none-eabi/5.3.1/../../../../arm-none-eabi/lib/armv7-m\libc.a(lib_a-stdio.o)
 .debug_frame   0x00001d60       0x20 c:/program files (x86)/atmel/studio/7.0/toolchain/arm/arm-gnu-toolchain/bin/../lib/gcc/arm-none-eabi/5.3.1/../../../../arm-none-eabi/lib/armv7-m\libc.a(lib_a-strlen-stub.o)
 .debug_frame   0x00001d80       0x40 c:/program files (x86)/atmel/studio/7.0/toolchain/arm/arm-gnu-toolchain/bin/../lib/gcc/arm-none-eabi/5.3.1/../../../../arm-none-eabi/lib/armv7-m\libc.a(lib_a-wbuf.o)
 .debug_frame   0x00001dc0       0x60 c:/program files (x86)/atmel/studio/7.0/toolchain/arm/arm-gnu-toolchain/bin/../lib/gcc/arm-none-eabi/5.3.1/../../../../arm-none-eabi/lib/armv7-m\libc.a(lib_a-wcrtomb.o)
 .debug_frame   0x00001e20       0x48 c:/program files (x86)/atmel/studio/7.0/toolchain/arm/arm-gnu-toolchain/bin/../lib/gcc/arm-none-eabi/5.3.1/../../../../arm-none-eabi/lib/armv7-m\libc.a(lib_a-wctomb_r.o)
 .debug_frame   0x00001e68       0x2c c:/program files (x86)/atmel/studio/7.0/toolchain/arm/arm-gnu-toolchain/bin/../lib/gcc/arm-none-eabi/5.3.1/../../../../arm-none-eabi/lib/armv7-m\libc.a(lib_a-writer.o)
 .debug_frame   0x00001e94       0x34 c:/program files (x86)/atmel/studio/7.0/toolchain/arm/arm-gnu-toolchain/bin/../lib/gcc/arm-none-eabi/5.3.1/../../../../arm-none-eabi/lib/armv7-m\libc.a(lib_a-__atexit.o)
 .debug_frame   0x00001ec8       0x2c c:/program files (x86)/atmel/studio/7.0/toolchain/arm/arm-gnu-toolchain/bin/../lib/gcc/arm-none-eabi/5.3.1/../../../../arm-none-eabi/lib/armv7-m\libc.a(lib_a-closer.o)
 .debug_frame   0x00001ef4       0x44 c:/program files (x86)/atmel/studio/7.0/toolchain/arm/arm-gnu-toolchain/bin/../lib/gcc/arm-none-eabi/5.3.1/../../../../arm-none-eabi/lib/armv7-m\libc.a(lib_a-fclose.o)
 .debug_frame   0x00001f38       0x2c c:/program files (x86)/atmel/studio/7.0/toolchain/arm/arm-gnu-toolchain/bin/../lib/gcc/arm-none-eabi/5.3.1/../../../../arm-none-eabi/lib/armv7-m\libc.a(lib_a-fstatr.o)
 .debug_frame   0x00001f64       0x2c c:/program files (x86)/atmel/studio/7.0/toolchain/arm/arm-gnu-toolchain/bin/../lib/gcc/arm-none-eabi/5.3.1/../../../../arm-none-eabi/lib/armv7-m\libc.a(lib_a-isattyr.o)
 .debug_frame   0x00001f90       0x2c c:/program files (x86)/atmel/studio/7.0/toolchain/arm/arm-gnu-toolchain/bin/../lib/gcc/arm-none-eabi/5.3.1/../../../../arm-none-eabi/lib/armv7-m\libc.a(lib_a-lseekr.o)
 .debug_frame   0x00001fbc       0x2c c:/program files (x86)/atmel/studio/7.0/toolchain/arm/arm-gnu-toolchain/bin/../lib/gcc/arm-none-eabi/5.3.1/../../../../arm-none-eabi/lib/armv7-m\libc.a(lib_a-readr.o)
 .debug_frame   0x00001fe8       0x58 c:/program files (x86)/atmel/studio/7.0/toolchain/arm/arm-gnu-toolchain/bin/../lib/gcc/arm-none-eabi/5.3.1/../../../../arm-none-eabi/lib/armv7-m\libc.a(lib_a-reent.o)
 .debug_frame   0x00002040       0x2c c:/program files (x86)/atmel/studio/7.0/toolchain/arm/arm-gnu-toolchain/bin/../lib/gcc/arm-none-eabi/5.3.1/armv7-m\libgcc.a(_aeabi_uldivmod.o)
 .debug_frame   0x0000206c       0x38 c:/program files (x86)/atmel/studio/7.0/toolchain/arm/arm-gnu-toolchain/bin/../lib/gcc/arm-none-eabi/5.3.1/armv7-m\libgcc.a(_udivmoddi4.o)

.debug_loc      0x00000000     0x410f
 .debug_loc     0x00000000      0x143 src/ASF/common/services/clock/sam3x/sysclk.o
 .debug_loc     0x00000143       0xd2 src/ASF/common/utils/stdio/read.o
 .debug_loc     0x00000215      0x15d src/ASF/common/utils/stdio/write.o
 .debug_loc     0x00000372       0x70 src/ASF/sam/boards/arduino_due_x/init.o
 .debug_loc     0x000003e2      0xb2a src/ASF/sam/drivers/pio/pio.o
 .debug_loc     0x00000f0c      0x542 src/ASF/sam/drivers/pio/pio_handler.o
 .debug_loc     0x0000144e      0xd57 src/ASF/sam/drivers/pmc/pmc.o
 .debug_loc     0x000021a5      0x5a5 src/ASF/sam/drivers/tc/tc.o
 .debug_loc     0x0000274a      0x242 src/ASF/sam/drivers/uart/uart.o
 .debug_loc     0x0000298c     0x119a src/ASF/sam/drivers/usart/usart.o
 .debug_loc     0x00003b26       0x5e src/ASF/sam/utils/cmsis/sam3x/source/templates/gcc/startup_sam3x.o
 .debug_loc     0x00003b84       0xdf src/ASF/sam/utils/syscalls/gcc/syscalls.o
 .debug_loc     0x00003c63      0x4ac src/ppm_out.o

Cross Reference Table

Symbol                                            File
ADC_Handler                                       src/ASF/sam/utils/cmsis/sam3x/source/templates/exceptions.o
                                                  src/ASF/sam/utils/cmsis/sam3x/source/templates/gcc/startup_sam3x.o
BusFault_Handler                                  src/ASF/sam/utils/cmsis/sam3x/source/templates/exceptions.o
                                                  src/ASF/sam/utils/cmsis/sam3x/source/templates/gcc/startup_sam3x.o
CAN0_Handler                                      src/ASF/sam/utils/cmsis/sam3x/source/templates/exceptions.o
                                                  src/ASF/sam/utils/cmsis/sam3x/source/templates/gcc/startup_sam3x.o
CAN1_Handler                                      src/ASF/sam/utils/cmsis/sam3x/source/templates/exceptions.o
                                                  src/ASF/sam/utils/cmsis/sam3x/source/templates/gcc/startup_sam3x.o
DACC_Handler                                      src/ASF/sam/utils/cmsis/sam3x/source/templates/exceptions.o
                                                  src/ASF/sam/utils/cmsis/sam3x/source/templates/gcc/startup_sam3x.o
DMAC_Handler                                      src/ASF/sam/utils/cmsis/sam3x/source/templates/exceptions.o
                                                  src/ASF/sam/utils/cmsis/sam3x/source/templates/gcc/startup_sam3x.o
DebugMon_Handler                                  src/ASF/sam/utils/cmsis/sam3x/source/templates/exceptions.o
                                                  src/ASF/sam/utils/cmsis/sam3x/source/templates/gcc/startup_sam3x.o
Dummy_Handler                                     src/ASF/sam/utils/cmsis/sam3x/source/templates/exceptions.o
EFC0_Handler                                      src/ASF/sam/utils/cmsis/sam3x/source/templates/exceptions.o
                                                  src/ASF/sam/utils/cmsis/sam3x/source/templates/gcc/startup_sam3x.o
EFC1_Handler                                      src/ASF/sam/utils/cmsis/sam3x/source/templates/exceptions.o
                                                  src/ASF/sam/utils/cmsis/sam3x/source/templates/gcc/startup_sam3x.o
EMAC_Handler                                      src/ASF/sam/utils/cmsis/sam3x/source/templates/exceptions.o
                                                  src/ASF/sam/utils/cmsis/sam3x/source/templates/gcc/startup_sam3x.o
HSMCI_Handler                                     src/ASF/sam/utils/cmsis/sam3x/source/templates/exceptions.o
                                                  src/ASF/sam/utils/cmsis/sam3x/source/templates/gcc/startup_sam3x.o
HardFault_Handler                                 src/ASF/sam/utils/cmsis/sam3x/source/templates/exceptions.o
                                                  src/ASF/sam/utils/cmsis/sam3x/source/templates/gcc/startup_sam3x.o
MemManage_Handler                                 src/ASF/sam/utils/cmsis/sam3x/source/templates/exceptions.o
                                                  src/ASF/sam/utils/cmsis/sam3x/source/templates/gcc/startup_sam3x.o
NMI_Handler                                       src/ASF/sam/utils/cmsis/sam3x/source/templates/exceptions.o
                                                  src/ASF/sam/utils/cmsis/sam3x/source/templates/gcc/startup_sam3x.o
PIOA_Handler                                      src/ASF/sam/drivers/pio/pio_handler.o
                                                  src/ASF/sam/utils/cmsis/sam3x/source/templates/gcc/startup_sam3x.o
PIOB_Handler                                      src/ASF/sam/drivers/pio/pio_handler.o
                                                  src/ASF/sam/utils/cmsis/sam3x/source/templates/gcc/startup_sam3x.o
PIOC_Handler                                      src/ASF/sam/drivers/pio/pio_handler.o
                                                  src/ASF/sam/utils/cmsis/sam3x/source/templates/gcc/startup_sam3x.o
PIOD_Handler                                      src/ASF/sam/drivers/pio/pio_handler.o
                                                  src/ASF/sam/utils/cmsis/sam3x/source/templates/gcc/startup_sam3x.o
PMC_Handler                                       src/ASF/sam/utils/cmsis/sam3x/source/templates/exceptions.o
                                                  src/ASF/sam/utils/cmsis/sam3x/source/templates/gcc/startup_sam3x.o
PWM_Handler                                       src/ASF/sam/utils/cmsis/sam3x/source/templates/exceptions.o
                                                  src/ASF/sam/utils/cmsis/sam3x/source/templates/gcc/startup_sam3x.o
PendSV_Handler                                    src/ASF/sam/utils/cmsis/sam3x/source/templates/exceptions.o
                                                  src/ASF/sam/utils/cmsis/sam3x/source/templates/gcc/startup_sam3x.o
RSTC_Handler                                      src/ASF/sam/utils/cmsis/sam3x/source/templates/exceptions.o
                                                  src/ASF/sam/utils/cmsis/sam3x/source/templates/gcc/startup_sam3x.o
RTC_Handler                                       src/ASF/sam/utils/cmsis/sam3x/source/templates/exceptions.o
                                                  src/ASF/sam/utils/cmsis/sam3x/source/templates/gcc/startup_sam3x.o
RTT_Handler                                       src/ASF/sam/utils/cmsis/sam3x/source/templates/exceptions.o
                                                  src/ASF/sam/utils/cmsis/sam3x/source/templates/gcc/startup_sam3x.o
Reset_Handler                                     src/ASF/sam/utils/cmsis/sam3x/source/templates/gcc/startup_sam3x.o
SMC_Handler                                       src/ASF/sam/utils/cmsis/sam3x/source/templates/exceptions.o
                                                  src/ASF/sam/utils/cmsis/sam3x/source/templates/gcc/startup_sam3x.o
SPI0_Handler                                      src/ASF/sam/utils/cmsis/sam3x/source/templates/exceptions.o
                                                  src/ASF/sam/utils/cmsis/sam3x/source/templates/gcc/startup_sam3x.o
SSC_Handler                                       src/ASF/sam/utils/cmsis/sam3x/source/templates/exceptions.o
                                                  src/ASF/sam/utils/cmsis/sam3x/source/templates/gcc/startup_sam3x.o
SUPC_Handler                                      src/ASF/sam/utils/cmsis/sam3x/source/templates/exceptions.o
                                                  src/ASF/sam/utils/cmsis/sam3x/source/templates/gcc/startup_sam3x.o
SVC_Handler                                       src/ASF/sam/utils/cmsis/sam3x/source/templates/exceptions.o
                                                  src/ASF/sam/utils/cmsis/sam3x/source/templates/gcc/startup_sam3x.o
SysTick_Handler                                   src/ASF/sam/utils/cmsis/sam3x/source/templates/exceptions.o
                                                  src/ASF/sam/utils/cmsis/sam3x/source/templates/gcc/startup_sam3x.o
SystemCoreClock                                   src/ASF/sam/utils/cmsis/sam3x/source/templates/system_sam3x.o
SystemCoreClockUpdate                             src/ASF/sam/utils/cmsis/sam3x/source/templates/system_sam3x.o
                                                  src/ASF/common/services/clock/sam3x/sysclk.o
SystemInit                                        src/ASF/sam/utils/cmsis/sam3x/source/templates/system_sam3x.o
TC0_Handler                                       src/ASF/sam/utils/cmsis/sam3x/source/templates/exceptions.o
                                                  src/ASF/sam/utils/cmsis/sam3x/source/templates/gcc/startup_sam3x.o
TC1_Handler                                       src/ppm_out.o
                                                  src/ASF/sam/utils/cmsis/sam3x/source/templates/exceptions.o
                                                  src/ASF/sam/utils/cmsis/sam3x/source/templates/gcc/startup_sam3x.o
TC2_Handler                                       src/ASF/sam/utils/cmsis/sam3x/source/templates/exceptions.o
                                                  src/ASF/sam/utils/cmsis/sam3x/source/templates/gcc/startup_sam3x.o
TC3_Handler                                       src/ASF/sam/utils/cmsis/sam3x/source/templates/exceptions.o
                                                  src/ASF/sam/utils/cmsis/sam3x/source/templates/gcc/startup_sam3x.o
TC4_Handler                                       src/ASF/sam/utils/cmsis/sam3x/source/templates/exceptions.o
                                                  src/ASF/sam/utils/cmsis/sam3x/source/templates/gcc/startup_sam3x.o
TC5_Handler                                       src/ASF/sam/utils/cmsis/sam3x/source/templates/exceptions.o
                                                  src/ASF/sam/utils/cmsis/sam3x/source/templates/gcc/startup_sam3x.o
TC6_Handler                                       src/ASF/sam/utils/cmsis/sam3x/source/templates/exceptions.o