Archive member included because of file (symbol)

c:/program files (x86)/atmel/studio/7.0/toolchain/arm/arm-gnu-toolchain/bin/../lib/gcc/arm-none-eabi/4.9.3/../../../../arm-none-eabi/lib/armv7-m\libc.a(lib_a-exit.o)
                              c:/program files (x86)/atmel/studio/7.0/toolchain/arm/arm-gnu-toolchain/bin/../lib/gcc/arm-none-eabi/4.9.3/../../../../arm-none-eabi/lib/armv7-m/crt0.o (exit)
c:/program files (x86)/atmel/studio/7.0/toolchain/arm/arm-gnu-toolchain/bin/../lib/gcc/arm-none-eabi/4.9.3/../../../../arm-none-eabi/lib/armv7-m\libc.a(lib_a-impure.o)
                              c:/program files (x86)/atmel/studio/7.0/toolchain/arm/arm-gnu-toolchain/bin/../lib/gcc/arm-none-eabi/4.9.3/../../../../arm-none-eabi/lib/armv7-m\libc.a(lib_a-exit.o) (_global_impure_ptr)
c:/program files (x86)/atmel/studio/7.0/toolchain/arm/arm-gnu-toolchain/bin/../lib/gcc/arm-none-eabi/4.9.3/../../../../arm-none-eabi/lib/armv7-m\libc.a(lib_a-init.o)
                              c:/program files (x86)/atmel/studio/7.0/toolchain/arm/arm-gnu-toolchain/bin/../lib/gcc/arm-none-eabi/4.9.3/../../../../arm-none-eabi/lib/armv7-m/crt0.o (__libc_init_array)
c:/program files (x86)/atmel/studio/7.0/toolchain/arm/arm-gnu-toolchain/bin/../lib/gcc/arm-none-eabi/4.9.3/../../../../arm-none-eabi/lib/armv7-m\libc.a(lib_a-iprintf.o)
                              src/ASF/sam/drivers/adc/adc.o (iprintf)
c:/program files (x86)/atmel/studio/7.0/toolchain/arm/arm-gnu-toolchain/bin/../lib/gcc/arm-none-eabi/4.9.3/../../../../arm-none-eabi/lib/armv7-m\libc.a(lib_a-memset.o)
                              c:/program files (x86)/atmel/studio/7.0/toolchain/arm/arm-gnu-toolchain/bin/../lib/gcc/arm-none-eabi/4.9.3/../../../../arm-none-eabi/lib/armv7-m/crt0.o (memset)
c:/program files (x86)/atmel/studio/7.0/toolchain/arm/arm-gnu-toolchain/bin/../lib/gcc/arm-none-eabi/4.9.3/../../../../arm-none-eabi/lib/armv7-m\libc.a(lib_a-puts.o)
                              src/ASF/sam/drivers/adc/adc.o (puts)
c:/program files (x86)/atmel/studio/7.0/toolchain/arm/arm-gnu-toolchain/bin/../lib/gcc/arm-none-eabi/4.9.3/../../../../arm-none-eabi/lib/armv7-m\libc.a(lib_a-setbuf.o)
                              src/DSM2_Funkstrecke.o (setbuf)
c:/program files (x86)/atmel/studio/7.0/toolchain/arm/arm-gnu-toolchain/bin/../lib/gcc/arm-none-eabi/4.9.3/../../../../arm-none-eabi/lib/armv7-m\libc.a(lib_a-setvbuf.o)
                              c:/program files (x86)/atmel/studio/7.0/toolchain/arm/arm-gnu-toolchain/bin/../lib/gcc/arm-none-eabi/4.9.3/../../../../arm-none-eabi/lib/armv7-m\libc.a(lib_a-setbuf.o) (setvbuf)
c:/program files (x86)/atmel/studio/7.0/toolchain/arm/arm-gnu-toolchain/bin/../lib/gcc/arm-none-eabi/4.9.3/../../../../arm-none-eabi/lib/armv7-m\libc.a(lib_a-strlen.o)
                              c:/program files (x86)/atmel/studio/7.0/toolchain/arm/arm-gnu-toolchain/bin/../lib/gcc/arm-none-eabi/4.9.3/../../../../arm-none-eabi/lib/armv7-m\libc.a(lib_a-puts.o) (strlen)
c:/program files (x86)/atmel/studio/7.0/toolchain/arm/arm-gnu-toolchain/bin/../lib/gcc/arm-none-eabi/4.9.3/../../../../arm-none-eabi/lib/armv7-m\libc.a(lib_a-vfiprintf.o)
                              c:/program files (x86)/atmel/studio/7.0/toolchain/arm/arm-gnu-toolchain/bin/../lib/gcc/arm-none-eabi/4.9.3/../../../../arm-none-eabi/lib/armv7-m\libc.a(lib_a-iprintf.o) (_vfiprintf_r)
c:/program files (x86)/atmel/studio/7.0/toolchain/arm/arm-gnu-toolchain/bin/../lib/gcc/arm-none-eabi/4.9.3/../../../../arm-none-eabi/lib/armv7-m\libc.a(lib_a-wsetup.o)
                              c:/program files (x86)/atmel/studio/7.0/toolchain/arm/arm-gnu-toolchain/bin/../lib/gcc/arm-none-eabi/4.9.3/../../../../arm-none-eabi/lib/armv7-m\libc.a(lib_a-vfiprintf.o) (__swsetup_r)
c:/program files (x86)/atmel/studio/7.0/toolchain/arm/arm-gnu-toolchain/bin/../lib/gcc/arm-none-eabi/4.9.3/../../../../arm-none-eabi/lib/armv7-m\libc.a(lib_a-__call_atexit.o)
                              c:/program files (x86)/atmel/studio/7.0/toolchain/arm/arm-gnu-toolchain/bin/../lib/gcc/arm-none-eabi/4.9.3/../../../../arm-none-eabi/lib/armv7-m\libc.a(lib_a-exit.o) (__call_exitprocs)
c:/program files (x86)/atmel/studio/7.0/toolchain/arm/arm-gnu-toolchain/bin/../lib/gcc/arm-none-eabi/4.9.3/../../../../arm-none-eabi/lib/armv7-m\libc.a(lib_a-atexit.o)
                              c:/program files (x86)/atmel/studio/7.0/toolchain/arm/arm-gnu-toolchain/bin/../lib/gcc/arm-none-eabi/4.9.3/../../../../arm-none-eabi/lib/armv7-m\libc.a(lib_a-__call_atexit.o) (atexit)
c:/program files (x86)/atmel/studio/7.0/toolchain/arm/arm-gnu-toolchain/bin/../lib/gcc/arm-none-eabi/4.9.3/../../../../arm-none-eabi/lib/armv7-m\libc.a(lib_a-fflush.o)
                              c:/program files (x86)/atmel/studio/7.0/toolchain/arm/arm-gnu-toolchain/bin/../lib/gcc/arm-none-eabi/4.9.3/../../../../arm-none-eabi/lib/armv7-m\libc.a(lib_a-setvbuf.o) (_fflush_r)
[...]
Memory Configuration

Name             Origin             Length             Attributes
rom              0x00080000         0x00080000         xr
sram0            0x20000000         0x00010000         xrw
sram1            0x20080000         0x00008000         xrw
ram              0x20070000         0x00018000         xrw
*default*        0x00000000         0xffffffff

Linker script and memory map

LOAD c:/program files (x86)/atmel/studio/7.0/toolchain/arm/arm-gnu-toolchain/bin/../lib/gcc/arm-none-eabi/4.9.3/armv7-m/crti.o
LOAD c:/program files (x86)/atmel/studio/7.0/toolchain/arm/arm-gnu-toolchain/bin/../lib/gcc/arm-none-eabi/4.9.3/armv7-m/crtbegin.o
LOAD c:/program files (x86)/atmel/studio/7.0/toolchain/arm/arm-gnu-toolchain/bin/../lib/gcc/arm-none-eabi/4.9.3/../../../../arm-none-eabi/lib/armv7-m/crt0.o
LOAD src/ASF/common/services/clock/sam3x/sysclk.o
LOAD src/ASF/common/services/serial/usart_serial.o
LOAD src/ASF/common/utils/interrupt/interrupt_sam_nvic.o
LOAD src/ASF/common/utils/stdio/read.o
LOAD src/ASF/common/utils/stdio/write.o
LOAD src/ASF/sam/boards/arduino_due_x/init.o
LOAD src/ASF/sam/drivers/adc/adc.o
LOAD src/ASF/sam/drivers/adc/adc_sam3u.o
LOAD src/ASF/sam/drivers/pdc/pdc.o
LOAD src/ASF/sam/drivers/pio/pio.o
LOAD src/ASF/sam/drivers/pio/pio_handler.o
LOAD src/ASF/sam/drivers/pmc/pmc.o
LOAD src/ASF/sam/drivers/pmc/sleep.o
LOAD src/ASF/sam/drivers/tc/tc.o
LOAD src/ASF/sam/drivers/uart/uart.o
LOAD src/ASF/sam/drivers/usart/usart.o
LOAD src/ASF/sam/utils/cmsis/sam3x/source/templates/exceptions.o
LOAD src/ASF/sam/utils/cmsis/sam3x/source/templates/gcc/startup_sam3x.o
LOAD src/ASF/sam/utils/cmsis/sam3x/source/templates/system_sam3x.o
LOAD src/ASF/sam/utils/syscalls/gcc/syscalls.o
LOAD src/DSM2_Funkstrecke.o
START GROUP
LOAD ../src/ASF/thirdparty/CMSIS/Lib/GCC\libarm_cortexM3l_math.a
LOAD c:/program files (x86)/atmel/studio/7.0/toolchain/arm/arm-gnu-toolchain/bin/../lib/gcc/arm-none-eabi/4.9.3/../../../../arm-none-eabi/lib/armv7-m\libm.a
END GROUP
START GROUP
LOAD c:/program files (x86)/atmel/studio/7.0/toolchain/arm/arm-gnu-toolchain/bin/../lib/gcc/arm-none-eabi/4.9.3/armv7-m\libgcc.a
LOAD c:/program files (x86)/atmel/studio/7.0/toolchain/arm/arm-gnu-toolchain/bin/../lib/gcc/arm-none-eabi/4.9.3/../../../../arm-none-eabi/lib/armv7-m\libc.a
END GROUP
LOAD c:/program files (x86)/atmel/studio/7.0/toolchain/arm/arm-gnu-toolchain/bin/../lib/gcc/arm-none-eabi/4.9.3/armv7-m/crtend.o
LOAD c:/program files (x86)/atmel/studio/7.0/toolchain/arm/arm-gnu-toolchain/bin/../lib/gcc/arm-none-eabi/4.9.3/armv7-m/crtn.o
                0x00002000                __stack_size__ = DEFINED (__stack_size__)?__stack_size__:0x2000
                0x20087ffc                __ram_end__ = ((ORIGIN (ram) + 0x18000) - 0x4)

.text           0x00080000     0x1e64
                0x00080000                . = ALIGN (0x4)
                0x00080000                _sfixed = .
 *(.vectors .vectors.*)
 .vectors       0x00080000       0xf4 src/ASF/sam/utils/cmsis/sam3x/source/templates/gcc/startup_sam3x.o
                0x00080000                exception_table
 *(.text .text.* .gnu.linkonce.t.*)
 .text          0x000800f4       0x5c c:/program files (x86)/atmel/studio/7.0/toolchain/arm/arm-gnu-toolchain/bin/../lib/gcc/arm-none-eabi/4.9.3/armv7-m/crtbegin.o
 .text.sysclk_init
                0x00080150       0x64 src/ASF/common/services/clock/sam3x/sysclk.o
                0x00080150                sysclk_init
 .text._read    0x000801b4       0x3c src/ASF/common/utils/stdio/read.o
                0x000801b4                _read
 .text._write   0x000801f0       0x50 src/ASF/common/utils/stdio/write.o
                0x000801f0                _write
 .text.board_init
                0x00080240       0x80 src/ASF/sam/boards/arduino_due_x/init.o
                0x00080240                board_init
 .text.adc_init
                0x000802c0       0x34 src/ASF/sam/drivers/adc/adc.o
                0x000802c0                adc_init
 .text.adc_configure_trigger
                0x000802f4       0x10 src/ASF/sam/drivers/adc/adc.o
                0x000802f4                adc_configure_trigger
 .text.adc_configure_timing
                0x00080304       0x20 src/ASF/sam/drivers/adc/adc.o
                0x00080304                adc_configure_timing
 .text.adc_start
                0x00080324        0x8 src/ASF/sam/drivers/adc/adc.o
                0x00080324                adc_start
 .text.adc_enable_channel
                0x0008032c        0x8 src/ASF/sam/drivers/adc/adc.o
                0x0008032c                adc_enable_channel
 .text.adc_get_latest_value
                0x00080334        0x4 src/ASF/sam/drivers/adc/adc.o
                0x00080334                adc_get_latest_value
 .text.adc_enable_interrupt
                0x00080338        0x4 src/ASF/sam/drivers/adc/adc.o
                0x00080338                adc_enable_interrupt
 .text.adc_get_status
                0x0008033c        0x4 src/ASF/sam/drivers/adc/adc.o
                0x0008033c                adc_get_status
 .text.pio_set_peripheral
                0x00080340       0x40 src/ASF/sam/drivers/pio/pio.o
                0x00080340                pio_set_peripheral
 .text.pio_set_input
                0x00080380       0x34 src/ASF/sam/drivers/pio/pio.o
                0x00080380                pio_set_input
 .text.pio_set_output
                0x000803b4       0x28 src/ASF/sam/drivers/pio/pio.o
                0x000803b4                pio_set_output
 .text.pio_get_interrupt_status
                0x000803dc        0x4 src/ASF/sam/drivers/pio/pio.o
                0x000803dc                pio_get_interrupt_status
 .text.pio_get_interrupt_mask
                0x000803e0        0x4 src/ASF/sam/drivers/pio/pio.o
                0x000803e0                pio_get_interrupt_mask
 .text.pio_configure_pin
                0x000803e4       0xd4 src/ASF/sam/drivers/pio/pio.o
                0x000803e4                pio_configure_pin
 .text.pio_configure_pin_group
                0x000804b8       0xa0 src/ASF/sam/drivers/pio/pio.o
                0x000804b8                pio_configure_pin_group
 .text.pio_handler_process
                0x00080558       0x50 src/ASF/sam/drivers/pio/pio_handler.o
                0x00080558                pio_handler_process
 .text.PIOA_Handler
                0x000805a8       0x14 src/ASF/sam/drivers/pio/pio_handler.o
                0x000805a8                PIOA_Handler
 .text.PIOB_Handler
                0x000805bc       0x14 src/ASF/sam/drivers/pio/pio_handler.o
                0x000805bc                PIOB_Handler
 .text.PIOC_Handler
                0x000805d0       0x14 src/ASF/sam/drivers/pio/pio_handler.o
                0x000805d0                PIOC_Handler
 .text.PIOD_Handler
                0x000805e4       0x14 src/ASF/sam/drivers/pio/pio_handler.o
                0x000805e4                PIOD_Handler
 .text.pmc_switch_mck_to_pllack
                0x000805f8       0x68 src/ASF/sam/drivers/pmc/pmc.o
                0x000805f8                pmc_switch_mck_to_pllack
 .text.pmc_switch_mainck_to_xtal
                0x00080660       0x54 src/ASF/sam/drivers/pmc/pmc.o
                0x00080660                pmc_switch_mainck_to_xtal
 .text.pmc_osc_is_ready_mainck
                0x000806b4       0x10 src/ASF/sam/drivers/pmc/pmc.o
                0x000806b4                pmc_osc_is_ready_mainck
 .text.pmc_disable_pllack
                0x000806c4       0x10 src/ASF/sam/drivers/pmc/pmc.o
                0x000806c4                pmc_disable_pllack
 .text.pmc_is_locked_pllack
                0x000806d4       0x10 src/ASF/sam/drivers/pmc/pmc.o
                0x000806d4                pmc_is_locked_pllack
 .text.pmc_enable_periph_clk
                0x000806e4       0x54 src/ASF/sam/drivers/pmc/pmc.o
                0x000806e4                pmc_enable_periph_clk
 .text.tc_init  0x00080738       0x1c src/ASF/sam/drivers/tc/tc.o
                0x00080738                tc_init
 .text.tc_start
                0x00080754        0x8 src/ASF/sam/drivers/tc/tc.o
                0x00080754                tc_start
 .text.tc_write_rc
                0x0008075c        0x8 src/ASF/sam/drivers/tc/tc.o
                0x0008075c                tc_write_rc
 .text.tc_enable_interrupt
                0x00080764        0x8 src/ASF/sam/drivers/tc/tc.o
                0x00080764                tc_enable_interrupt
 .text.tc_get_status
                0x0008076c        0x8 src/ASF/sam/drivers/tc/tc.o
                0x0008076c                tc_get_status
 .text.tc_find_mck_divisor
                0x00080774       0x74 src/ASF/sam/drivers/tc/tc.o
                0x00080774                tc_find_mck_divisor
 .text.uart_init
                0x000807e8       0x38 src/ASF/sam/drivers/uart/uart.o
                0x000807e8                uart_init
 .text.uart_write
                0x00080820       0x10 src/ASF/sam/drivers/uart/uart.o
                0x00080820                uart_write
 .text.uart_read
                0x00080830       0x14 src/ASF/sam/drivers/uart/uart.o
                0x00080830                uart_read
 .text.usart_set_async_baudrate
                0x00080844       0x64 src/ASF/sam/drivers/usart/usart.o
                0x00080844                usart_set_async_baudrate
 .text.usart_reset
                0x000808a8       0x28 src/ASF/sam/drivers/usart/usart.o
                0x000808a8                usart_reset
 .text.usart_init_rs232
                0x000808d0       0x54 src/ASF/sam/drivers/usart/usart.o
                0x000808d0                usart_init_rs232
 .text.usart_enable_tx
                0x00080924        0x8 src/ASF/sam/drivers/usart/usart.o
                0x00080924                usart_enable_tx
 .text.usart_disable_interrupt
                0x0008092c        0x4 src/ASF/sam/drivers/usart/usart.o
                0x0008092c                usart_disable_interrupt
 .text.usart_write
                0x00080930       0x14 src/ASF/sam/drivers/usart/usart.o
                0x00080930                usart_write
 .text.usart_putchar
                0x00080944       0x14 src/ASF/sam/drivers/usart/usart.o
                0x00080944                usart_putchar
 .text.usart_read
                0x00080958       0x18 src/ASF/sam/drivers/usart/usart.o
                0x00080958                usart_read
 .text.Dummy_Handler
                0x00080970        0x4 src/ASF/sam/utils/cmsis/sam3x/source/templates/exceptions.o
                0x00080970                DACC_Handler
                0x00080970                DebugMon_Handler
                0x00080970                DMAC_Handler
                0x00080970                TRNG_Handler
                0x00080970                HardFault_Handler
                0x00080970                TC2_Handler
                0x00080970                SysTick_Handler
                0x00080970                USART3_Handler
                0x00080970                TWI1_Handler
                0x00080970                PendSV_Handler
                0x00080970                NMI_Handler
                0x00080970                TC7_Handler
                0x00080970                SMC_Handler
                0x00080970                USART0_Handler
                0x00080970                RTT_Handler
                0x00080970                EFC1_Handler
                0x00080970                RTC_Handler
                0x00080970                UsageFault_Handler
                0x00080970                TC6_Handler
                0x00080970                WDT_Handler
                0x00080970                CAN0_Handler
                0x00080970                TC4_Handler
                0x00080970                TC1_Handler
                0x00080970                HSMCI_Handler
                0x00080970                Dummy_Handler
                0x00080970                TWI0_Handler
                0x00080970                USART1_Handler
                0x00080970                SSC_Handler
                0x00080970                EFC0_Handler
                0x00080970                PMC_Handler
                0x00080970                PWM_Handler
                0x00080970                CAN1_Handler
                0x00080970                MemManage_Handler
                0x00080970                SUPC_Handler
                0x00080970                SVC_Handler
                0x00080970                TC8_Handler
                0x00080970                USART2_Handler
                0x00080970                EMAC_Handler
                0x00080970                UART_Handler
                0x00080970                BusFault_Handler
                0x00080970                RSTC_Handler
                0x00080970                TC0_Handler
                0x00080970                TC5_Handler
                0x00080970                UOTGHS_Handler
                0x00080970                SPI0_Handler
 .text.Reset_Handler
                0x00080974       0xb0 src/ASF/sam/utils/cmsis/sam3x/source/templates/gcc/startup_sam3x.o
                0x00080974                Reset_Handler
 .text.SystemCoreClockUpdate
                0x00080a24      0x11c src/ASF/sam/utils/cmsis/sam3x/source/templates/system_sam3x.o
                0x00080a24                SystemCoreClockUpdate
 .text._sbrk    0x00080b40       0x34 src/ASF/sam/utils/syscalls/gcc/syscalls.o
                0x00080b40                _sbrk
 .text._close   0x00080b74        0x8 src/ASF/sam/utils/syscalls/gcc/syscalls.o
                0x00080b74                _close
 .text._lseek   0x00080b7c        0x4 src/ASF/sam/utils/syscalls/gcc/syscalls.o
                0x00080b7c                _lseek
 .text.usart_serial_getchar
                0x00080b80       0xa8 src/DSM2_Funkstrecke.o
 .text.usart_serial_putchar
                0x00080c28       0x9c src/DSM2_Funkstrecke.o
 .text.ADC_Handler
                0x00080cc4       0x30 src/DSM2_Funkstrecke.o
                0x00080cc4                ADC_Handler
 .text.TC3_Handler
                0x00080cf4       0x88 src/DSM2_Funkstrecke.o
                0x00080cf4                TC3_Handler
 .text.main     0x00080d7c      0x1b4 src/DSM2_Funkstrecke.o
                0x00080d7c                main
 .text.__libc_init_array
                0x00080f30       0x50 c:/program files (x86)/atmel/studio/7.0/toolchain/arm/arm-gnu-toolchain/bin/../lib/gcc/arm-none-eabi/4.9.3/../../../../arm-none-eabi/lib/armv7-m\libc.a(lib_a-init.o)
                0x00080f30                __libc_init_array
 .text.memset   0x00080f80       0x9c c:/program files (x86)/atmel/studio/7.0/toolchain/arm/arm-gnu-toolchain/bin/../lib/gcc/arm-none-eabi/4.9.3/../../../../arm-none-eabi/lib/armv7-m\libc.a(lib_a-memset.o)
                0x00080f80                memset
 .text.setbuf   0x0008101c       0x10 c:/program files (x86)/atmel/studio/7.0/toolchain/arm/arm-gnu-toolchain/bin/../lib/gcc/arm-none-eabi/4.9.3/../../../../arm-none-eabi/lib/armv7-m\libc.a(lib_a-setbuf.o)
                0x0008101c                setbuf
 .text.setvbuf  0x0008102c       0xf8 c:/program files (x86)/atmel/studio/7.0/toolchain/arm/arm-gnu-toolchain/bin/../lib/gcc/arm-none-eabi/4.9.3/../../../../arm-none-eabi/lib/armv7-m\libc.a(lib_a-setvbuf.o)
                0x0008102c                setvbuf
 .text.startup.register_fini
                0x00081124       0x14 c:/program files (x86)/atmel/studio/7.0/toolchain/arm/arm-gnu-toolchain/bin/../lib/gcc/arm-none-eabi/4.9.3/../../../../arm-none-eabi/lib/armv7-m\libc.a(lib_a-__call_atexit.o)
 .text.atexit   0x00081138        0xc c:/program files (x86)/atmel/studio/7.0/toolchain/arm/arm-gnu-toolchain/bin/../lib/gcc/arm-none-eabi/4.9.3/../../../../arm-none-eabi/lib/armv7-m\libc.a(lib_a-atexit.o)
                0x00081138                atexit
 .text.__sflush_r
                0x00081144      0x148 c:/program files (x86)/atmel/studio/7.0/toolchain/arm/arm-gnu-toolchain/bin/../lib/gcc/arm-none-eabi/4.9.3/../../../../arm-none-eabi/lib/armv7-m\libc.a(lib_a-fflush.o)
                0x00081144                __sflush_r
 .text._fflush_r
                0x0008128c       0x2c c:/program files (x86)/atmel/studio/7.0/toolchain/arm/arm-gnu-toolchain/bin/../lib/gcc/arm-none-eabi/4.9.3/../../../../arm-none-eabi/lib/armv7-m\libc.a(lib_a-fflush.o)
                0x0008128c                _fflush_r
 .text._cleanup_r
                0x000812b8        0xc c:/program files (x86)/atmel/studio/7.0/toolchain/arm/arm-gnu-toolchain/bin/../lib/gcc/arm-none-eabi/4.9.3/../../../../arm-none-eabi/lib/armv7-m\libc.a(lib_a-findfp.o)
                0x000812b8                _cleanup_r
 .text.__sinit.part.1
                0x000812c4       0xf0 c:/program files (x86)/atmel/studio/7.0/toolchain/arm/arm-gnu-toolchain/bin/../lib/gcc/arm-none-eabi/4.9.3/../../../../arm-none-eabi/lib/armv7-m\libc.a(lib_a-findfp.o)
 .text.__sinit  0x000813b4        0xc c:/program files (x86)/atmel/studio/7.0/toolchain/arm/arm-gnu-toolchain/bin/../lib/gcc/arm-none-eabi/4.9.3/../../../../arm-none-eabi/lib/armv7-m\libc.a(lib_a-findfp.o)
                0x000813b4                __sinit
 .text.__sfp_lock_acquire
                0x000813c0        0x4 c:/program files (x86)/atmel/studio/7.0/toolchain/arm/arm-gnu-toolchain/bin/../lib/gcc/arm-none-eabi/4.9.3/../../../../arm-none-eabi/lib/armv7-m\libc.a(lib_a-findfp.o)
                0x000813c0                __sfp_lock_acquire
 .text.__sfp_lock_release
                0x000813c4        0x4 c:/program files (x86)/atmel/studio/7.0/toolchain/arm/arm-gnu-toolchain/bin/../lib/gcc/arm-none-eabi/4.9.3/../../../../arm-none-eabi/lib/armv7-m\libc.a(lib_a-findfp.o)
                0x000813c4                __sfp_lock_release
 .text.__libc_fini_array
                0x000813c8       0x2c c:/program files (x86)/atmel/studio/7.0/toolchain/arm/arm-gnu-toolchain/bin/../lib/gcc/arm-none-eabi/4.9.3/../../../../arm-none-eabi/lib/armv7-m\libc.a(lib_a-fini.o)
                0x000813c8                __libc_fini_array
 .text._malloc_trim_r
                0x000813f4       0x9c c:/program files (x86)/atmel/studio/7.0/toolchain/arm/arm-gnu-toolchain/bin/../lib/gcc/arm-none-eabi/4.9.3/../../../../arm-none-eabi/lib/armv7-m\libc.a(lib_a-freer.o)
                0x000813f4                _malloc_trim_r
 .text._free_r  0x00081490      0x1b0 c:/program files (x86)/atmel/studio/7.0/toolchain/arm/arm-gnu-toolchain/bin/../lib/gcc/arm-none-eabi/4.9.3/../../../../arm-none-eabi/lib/armv7-m\libc.a(lib_a-freer.o)
                0x00081490                _free_r
 .text._fwalk_reent
                0x00081640       0x50 c:/program files (x86)/atmel/studio/7.0/toolchain/arm/arm-gnu-toolchain/bin/../lib/gcc/arm-none-eabi/4.9.3/../../../../arm-none-eabi/lib/armv7-m\libc.a(lib_a-fwalk.o)
                0x00081640                _fwalk_reent
 .text.malloc   0x00081690       0x10 c:/program files (x86)/atmel/studio/7.0/toolchain/arm/arm-gnu-toolchain/bin/../lib/gcc/arm-none-eabi/4.9.3/../../../../arm-none-eabi/lib/armv7-m\libc.a(lib_a-malloc.o)
                0x00081690                malloc
 .text._malloc_r
                0x000816a0      0x50c c:/program files (x86)/atmel/studio/7.0/toolchain/arm/arm-gnu-toolchain/bin/../lib/gcc/arm-none-eabi/4.9.3/../../../../arm-none-eabi/lib/armv7-m\libc.a(lib_a-mallocr.o)
                0x000816a0                _malloc_r
 .text.__malloc_lock
                0x00081bac        0x4 c:/program files (x86)/atmel/studio/7.0/toolchain/arm/arm-gnu-toolchain/bin/../lib/gcc/arm-none-eabi/4.9.3/../../../../arm-none-eabi/lib/armv7-m\libc.a(lib_a-mlock.o)
                0x00081bac                __malloc_lock
 .text.__malloc_unlock
                0x00081bb0        0x4 c:/program files (x86)/atmel/studio/7.0/toolchain/arm/arm-gnu-toolchain/bin/../lib/gcc/arm-none-eabi/4.9.3/../../../../arm-none-eabi/lib/armv7-m\libc.a(lib_a-mlock.o)
                0x00081bb0                __malloc_unlock
 .text._sbrk_r  0x00081bb4       0x24 c:/program files (x86)/atmel/studio/7.0/toolchain/arm/arm-gnu-toolchain/bin/../lib/gcc/arm-none-eabi/4.9.3/../../../../arm-none-eabi/lib/armv7-m\libc.a(lib_a-sbrkr.o)
                0x00081bb4                _sbrk_r
 .text.__sread  0x00081bd8       0x24 c:/program files (x86)/atmel/studio/7.0/toolchain/arm/arm-gnu-toolchain/bin/../lib/gcc/arm-none-eabi/4.9.3/../../../../arm-none-eabi/lib/armv7-m\libc.a(lib_a-stdio.o)
                0x00081bd8                __sread
 .text.__swrite
                0x00081bfc       0x38 c:/program files (x86)/atmel/studio/7.0/toolchain/arm/arm-gnu-toolchain/bin/../lib/gcc/arm-none-eabi/4.9.3/../../../../arm-none-eabi/lib/armv7-m\libc.a(lib_a-stdio.o)
                0x00081bfc                __swrite
 .text.__sseek  0x00081c34       0x20 c:/program files (x86)/atmel/studio/7.0/toolchain/arm/arm-gnu-toolchain/bin/../lib/gcc/arm-none-eabi/4.9.3/../../../../arm-none-eabi/lib/armv7-m\libc.a(lib_a-stdio.o)
                0x00081c34                __sseek
 .text.__sclose
                0x00081c54        0x8 c:/program files (x86)/atmel/studio/7.0/toolchain/arm/arm-gnu-toolchain/bin/../lib/gcc/arm-none-eabi/4.9.3/../../../../arm-none-eabi/lib/armv7-m\libc.a(lib_a-stdio.o)
                0x00081c54                __sclose
 .text._write_r
                0x00081c5c       0x28 c:/program files (x86)/atmel/studio/7.0/toolchain/arm/arm-gnu-toolchain/bin/../lib/gcc/arm-none-eabi/4.9.3/../../../../arm-none-eabi/lib/armv7-m\libc.a(lib_a-writer.o)
                0x00081c5c                _write_r
 .text.__register_exitproc
                0x00081c84       0xa4 c:/program files (x86)/atmel/studio/7.0/toolchain/arm/arm-gnu-toolchain/bin/../lib/gcc/arm-none-eabi/4.9.3/../../../../arm-none-eabi/lib/armv7-m\libc.a(lib_a-__atexit.o)
                0x00081c84                __register_exitproc
 .text._close_r
                0x00081d28       0x24 c:/program files (x86)/atmel/studio/7.0/toolchain/arm/arm-gnu-toolchain/bin/../lib/gcc/arm-none-eabi/4.9.3/../../../../arm-none-eabi/lib/armv7-m\libc.a(lib_a-closer.o)
                0x00081d28                _close_r
 .text._fclose_r
                0x00081d4c       0x84 c:/program files (x86)/atmel/studio/7.0/toolchain/arm/arm-gnu-toolchain/bin/../lib/gcc/arm-none-eabi/4.9.3/../../../../arm-none-eabi/lib/armv7-m\libc.a(lib_a-fclose.o)
                0x00081d4c                _fclose_r
 .text._lseek_r
                0x00081dd0       0x28 c:/program files (x86)/atmel/studio/7.0/toolchain/arm/arm-gnu-toolchain/bin/../lib/gcc/arm-none-eabi/4.9.3/../../../../arm-none-eabi/lib/armv7-m\libc.a(lib_a-lseekr.o)
                0x00081dd0                _lseek_r
 .text._read_r  0x00081df8       0x28 c:/program files (x86)/atmel/studio/7.0/toolchain/arm/arm-gnu-toolchain/bin/../lib/gcc/arm-none-eabi/4.9.3/../../../../arm-none-eabi/lib/armv7-m\libc.a(lib_a-readr.o)
                0x00081df8                _read_r
 *(.glue_7t)
 .glue_7t       0x00000000        0x0 linker stubs
 *(.glue_7)
 .glue_7        0x00000000        0x0 linker stubs
 *(.rodata .rodata* .gnu.linkonce.r.*)
 .rodata        0x00081e20       0x18 src/DSM2_Funkstrecke.o
 .rodata.str1.4
                0x00081e38        0x4 c:/program files (x86)/atmel/studio/7.0/toolchain/arm/arm-gnu-toolchain/bin/../lib/gcc/arm-none-eabi/4.9.3/../../../../arm-none-eabi/lib/armv7-m\libc.a(lib_a-impure.o)
                                  0x2 (size before relaxing)
 .rodata._global_impure_ptr
                0x00081e3c        0x4 c:/program files (x86)/atmel/studio/7.0/toolchain/arm/arm-gnu-toolchain/bin/../lib/gcc/arm-none-eabi/4.9.3/../../../../arm-none-eabi/lib/armv7-m\libc.a(lib_a-impure.o)
                0x00081e3c                _global_impure_ptr
 *(.ARM.extab* .gnu.linkonce.armextab.*)
                0x00081e40                . = ALIGN (0x4)
 *(.init)
 .init          0x00081e40        0x4 c:/program files (x86)/atmel/studio/7.0/toolchain/arm/arm-gnu-toolchain/bin/../lib/gcc/arm-none-eabi/4.9.3/armv7-m/crti.o
                0x00081e40                _init
 .init          0x00081e44        0x8 c:/program files (x86)/atmel/studio/7.0/toolchain/arm/arm-gnu-toolchain/bin/../lib/gcc/arm-none-eabi/4.9.3/armv7-m/crtn.o
                0x00081e4c                . = ALIGN (0x4)
                0x00081e4c                __preinit_array_start = .
 *(.preinit_array)
                0x00081e4c                __preinit_array_end = .
                0x00081e4c                . = ALIGN (0x4)
                0x00081e4c                __init_array_start = .
 *(SORT(.init_array.*))
 .init_array.00000
                0x00081e4c        0x4 c:/program files (x86)/atmel/studio/7.0/toolchain/arm/arm-gnu-toolchain/bin/../lib/gcc/arm-none-eabi/4.9.3/../../../../arm-none-eabi/lib/armv7-m\libc.a(lib_a-__call_atexit.o)
 *(.init_array)
 .init_array    0x00081e50        0x4 c:/program files (x86)/atmel/studio/7.0/toolchain/arm/arm-gnu-toolchain/bin/../lib/gcc/arm-none-eabi/4.9.3/armv7-m/crtbegin.o
                0x00081e54                __init_array_end = .
                0x00081e54                . = ALIGN (0x4)
 *crtbegin.o(.ctors)
 *(EXCLUDE_FILE(*crtend.o) .ctors)
 *(SORT(.ctors.*))
 *crtend.o(.ctors)
                0x00081e54                . = ALIGN (0x4)
 *(.fini)
 .fini          0x00081e54        0x4 c:/program files (x86)/atmel/studio/7.0/toolchain/arm/arm-gnu-toolchain/bin/../lib/gcc/arm-none-eabi/4.9.3/armv7-m/crti.o
                0x00081e54                _fini
 .fini          0x00081e58        0x8 c:/program files (x86)/atmel/studio/7.0/toolchain/arm/arm-gnu-toolchain/bin/../lib/gcc/arm-none-eabi/4.9.3/armv7-m/crtn.o
                0x00081e60                . = ALIGN (0x4)
                0x00081e60                __fini_array_start = .
 *(.fini_array)
 .fini_array    0x00081e60        0x4 c:/program files (x86)/atmel/studio/7.0/toolchain/arm/arm-gnu-toolchain/bin/../lib/gcc/arm-none-eabi/4.9.3/armv7-m/crtbegin.o
 *(SORT(.fini_array.*))
                0x00081e64                __fini_array_end = .
 *crtbegin.o(.dtors)
 *(EXCLUDE_FILE(*crtend.o) .dtors)
 *(SORT(.dtors.*))
 *crtend.o(.dtors)
                0x00081e64                . = ALIGN (0x4)
                0x00081e64                _efixed = .
                0x00081e64                PROVIDE (__exidx_start, .)

.vfp11_veneer   0x00081e64        0x0
 .vfp11_veneer  0x00000000        0x0 linker stubs

.v4_bx          0x00081e64        0x0
 .v4_bx         0x00000000        0x0 linker stubs

.iplt           0x00081e64        0x0
 .iplt          0x00000000        0x0 c:/program files (x86)/atmel/studio/7.0/toolchain/arm/arm-gnu-toolchain/bin/../lib/gcc/arm-none-eabi/4.9.3/armv7-m/crtbegin.o

.eh_frame       0x00081e64        0x0
 .eh_frame      0x00081e64        0x0 c:/program files (x86)/atmel/studio/7.0/toolchain/arm/arm-gnu-toolchain/bin/../lib/gcc/arm-none-eabi/4.9.3/armv7-m/crtbegin.o

.rel.dyn        0x00081e64        0x0
 .rel.iplt      0x00000000        0x0 c:/program files (x86)/atmel/studio/7.0/toolchain/arm/arm-gnu-toolchain/bin/../lib/gcc/arm-none-eabi/4.9.3/armv7-m/crtbegin.o

.jcr            0x00081e64        0x0
 .jcr           0x00081e64        0x0 c:/program files (x86)/atmel/studio/7.0/toolchain/arm/arm-gnu-toolchain/bin/../lib/gcc/arm-none-eabi/4.9.3/armv7-m/crtbegin.o

.igot.plt       0x00081e64        0x0
 .igot.plt      0x00000000        0x0 c:/program files (x86)/atmel/studio/7.0/toolchain/arm/arm-gnu-toolchain/bin/../lib/gcc/arm-none-eabi/4.9.3/armv7-m/crtbegin.o

.ARM.exidx
 *(.ARM.exidx* .gnu.linkonce.armexidx.*)
                0x00081e64                PROVIDE (__exidx_end, .)
                0x00081e64                . = ALIGN (0x4)
                0x00081e64                _etext = .

.relocate       0x20070000      0x96c load address 0x00081e64
                0x20070000                . = ALIGN (0x4)
                0x20070000                _srelocate = .
 *(.ramfunc .ramfunc.*)
 .ramfunc       0x20070000      0x12c src/ASF/sam/utils/cmsis/sam3x/source/templates/system_sam3x.o
                0x20070000                SystemInit
                0x200700a4                system_init_flash
 *(.data .data.*)
 .data.SystemCoreClock
                0x2007012c        0x4 src/ASF/sam/utils/cmsis/sam3x/source/templates/system_sam3x.o
                0x2007012c                SystemCoreClock
 .data.impure_data
                0x20070130      0x428 c:/program files (x86)/atmel/studio/7.0/toolchain/arm/arm-gnu-toolchain/bin/../lib/gcc/arm-none-eabi/4.9.3/../../../../arm-none-eabi/lib/armv7-m\libc.a(lib_a-impure.o)
 .data._impure_ptr
                0x20070558        0x4 c:/program files (x86)/atmel/studio/7.0/toolchain/arm/arm-gnu-toolchain/bin/../lib/gcc/arm-none-eabi/4.9.3/../../../../arm-none-eabi/lib/armv7-m\libc.a(lib_a-impure.o)
                0x20070558                _impure_ptr
 .data.__malloc_av_
                0x2007055c      0x408 c:/program files (x86)/atmel/studio/7.0/toolchain/arm/arm-gnu-toolchain/bin/../lib/gcc/arm-none-eabi/4.9.3/../../../../arm-none-eabi/lib/armv7-m\libc.a(lib_a-mallocr.o)
                0x2007055c                __malloc_av_
 .data.__malloc_trim_threshold
                0x20070964        0x4 c:/program files (x86)/atmel/studio/7.0/toolchain/arm/arm-gnu-toolchain/bin/../lib/gcc/arm-none-eabi/4.9.3/../../../../arm-none-eabi/lib/armv7-m\libc.a(lib_a-mallocr.o)
                0x20070964                __malloc_trim_threshold
 .data.__malloc_sbrk_base
                0x20070968        0x4 c:/program files (x86)/atmel/studio/7.0/toolchain/arm/arm-gnu-toolchain/bin/../lib/gcc/arm-none-eabi/4.9.3/../../../../arm-none-eabi/lib/armv7-m\libc.a(lib_a-mallocr.o)
                0x20070968                __malloc_sbrk_base
                0x2007096c                . = ALIGN (0x4)
                0x2007096c                _erelocate = .

.bss            0x2007096c       0xf0 load address 0x000827d0
                0x2007096c                . = ALIGN (0x4)
                0x2007096c                _sbss = .
                0x2007096c                _szero = .
 *(.bss .bss.*)
 .bss           0x2007096c       0x1c c:/program files (x86)/atmel/studio/7.0/toolchain/arm/arm-gnu-toolchain/bin/../lib/gcc/arm-none-eabi/4.9.3/armv7-m/crtbegin.o
 .bss.gs_interrupt_sources
                0x20070988       0x70 src/ASF/sam/drivers/pio/pio_handler.o
 .bss.ul_reg_val.7313
                0x200709f8        0x4 src/ASF/sam/drivers/usart/usart.o
 .bss.heap.5212
                0x200709fc        0x4 src/ASF/sam/utils/syscalls/gcc/syscalls.o
 .bss.ul_sysclk.8555
                0x20070a00        0x4 src/DSM2_Funkstrecke.o
 .bss.adc_value
                0x20070a04        0x4 src/DSM2_Funkstrecke.o
 .bss.__malloc_max_total_mem
                0x20070a08        0x4 c:/program files (x86)/atmel/studio/7.0/toolchain/arm/arm-gnu-toolchain/bin/../lib/gcc/arm-none-eabi/4.9.3/../../../../arm-none-eabi/lib/armv7-m\libc.a(lib_a-mallocr.o)
                0x20070a08                __malloc_max_total_mem
 .bss.__malloc_max_sbrked_mem
                0x20070a0c        0x4 c:/program files (x86)/atmel/studio/7.0/toolchain/arm/arm-gnu-toolchain/bin/../lib/gcc/arm-none-eabi/4.9.3/../../../../arm-none-eabi/lib/armv7-m\libc.a(lib_a-mallocr.o)
                0x20070a0c                __malloc_max_sbrked_mem
 .bss.__malloc_top_pad
                0x20070a10        0x4 c:/program files (x86)/atmel/studio/7.0/toolchain/arm/arm-gnu-toolchain/bin/../lib/gcc/arm-none-eabi/4.9.3/../../../../arm-none-eabi/lib/armv7-m\libc.a(lib_a-mallocr.o)
                0x20070a10                __malloc_top_pad
 .bss.__malloc_current_mallinfo
                0x20070a14       0x28 c:/program files (x86)/atmel/studio/7.0/toolchain/arm/arm-gnu-toolchain/bin/../lib/gcc/arm-none-eabi/4.9.3/../../../../arm-none-eabi/lib/armv7-m\libc.a(lib_a-mallocr.o)
                0x20070a14                __malloc_current_mallinfo
 *(COMMON)
 COMMON         0x20070a3c        0x4 src/ASF/common/utils/stdio/read.o
                0x20070a3c                ptr_get
 COMMON         0x20070a40        0x8 src/ASF/common/utils/stdio/write.o
                0x20070a40                ptr_put
                0x20070a44                stdio_base
 COMMON         0x20070a48        0xe src/DSM2_Funkstrecke.o
                0x20070a48                DSM2_Data
 *fill*         0x20070a56        0x2 
 COMMON         0x20070a58        0x4 c:/program files (x86)/atmel/studio/7.0/toolchain/arm/arm-gnu-toolchain/bin/../lib/gcc/arm-none-eabi/4.9.3/../../../../arm-none-eabi/lib/armv7-m\libc.a(lib_a-reent.o)
                0x20070a58                errno
                0x20070a5c                . = ALIGN (0x4)
                0x20070a5c                _ebss = .
                0x20070a5c                _ezero = .

.stack          0x20070a5c     0x2004 load address 0x000828c0
                0x20070a60                . = ALIGN (0x8)
 *fill*         0x20070a5c        0x4 
                0x20070a60                _sstack = .
                0x20072a60                . = (. + __stack_size__)
 *fill*         0x20070a60     0x2000 
                0x20072a60                . = ALIGN (0x8)
                0x20072a60                _estack = .
                0x20072a60                . = ALIGN (0x4)
                0x20072a60                _end = .
OUTPUT(DSM2_Funkstrecke.elf elf32-littlearm)

.ARM.attributes
                0x00000000       0x29
 .ARM.attributes
                0x00000000       0x1d c:/program files (x86)/atmel/studio/7.0/toolchain/arm/arm-gnu-toolchain/bin/../lib/gcc/arm-none-eabi/4.9.3/armv7-m/crti.o
 .ARM.attributes
                0x0000001d       0x2d c:/program files (x86)/atmel/studio/7.0/toolchain/arm/arm-gnu-toolchain/bin/../lib/gcc/arm-none-eabi/4.9.3/armv7-m/crtbegin.o
 .ARM.attributes
                0x0000004a       0x33 src/ASF/common/services/clock/sam3x/sysclk.o
 .ARM.attributes
                0x0000007d       0x33 src/ASF/common/utils/stdio/read.o
 .ARM.attributes
                0x000000b0       0x33 src/ASF/common/utils/stdio/write.o
 .ARM.attributes
                0x000000e3       0x33 src/ASF/sam/boards/arduino_due_x/init.o
 .ARM.attributes
                0x00000116       0x33 src/ASF/sam/drivers/adc/adc.o
 .ARM.attributes
                0x00000149       0x33 src/ASF/sam/drivers/pio/pio.o
 .ARM.attributes
                0x0000017c       0x33 src/ASF/sam/drivers/pio/pio_handler.o
 .ARM.attributes
                0x000001af       0x33 src/ASF/sam/drivers/pmc/pmc.o
 .ARM.attributes
                0x000001e2       0x33 src/ASF/sam/drivers/tc/tc.o
 .ARM.attributes
                0x00000215       0x33 src/ASF/sam/drivers/uart/uart.o
 .ARM.attributes
                0x00000248       0x33 src/ASF/sam/drivers/usart/usart.o
 .ARM.attributes
                0x0000027b       0x33 src/ASF/sam/utils/cmsis/sam3x/source/templates/exceptions.o
 .ARM.attributes
                0x000002ae       0x33 src/ASF/sam/utils/cmsis/sam3x/source/templates/gcc/startup_sam3x.o
 .ARM.attributes
                0x000002e1       0x33 src/ASF/sam/utils/cmsis/sam3x/source/templates/system_sam3x.o
 .ARM.attributes
                0x00000314       0x33 src/ASF/sam/utils/syscalls/gcc/syscalls.o
 .ARM.attributes
                0x00000347       0x33 src/DSM2_Funkstrecke.o
 .ARM.attributes
                0x0000037a       0x2d c:/program files (x86)/atmel/studio/7.0/toolchain/arm/arm-gnu-toolchain/bin/../lib/gcc/arm-none-eabi/4.9.3/../../../../arm-none-eabi/lib/armv7-m\libc.a(lib_a-impure.o)
 .ARM.attributes
                0x000003a7       0x2d c:/program files (x86)/atmel/studio/7.0/toolchain/arm/arm-gnu-toolchain/bin/../lib/gcc/arm-none-eabi/4.9.3/../../../../arm-none-eabi/lib/armv7-m\libc.a(lib_a-init.o)
 .ARM.attributes
                0x000003d4       0x2d c:/program files (x86)/atmel/studio/7.0/toolchain/arm/arm-gnu-toolchain/bin/../lib/gcc/arm-none-eabi/4.9.3/../../../../arm-none-eabi/lib/armv7-m\libc.a(lib_a-memset.o)
 .ARM.attributes
                0x00000401       0x2d c:/program files (x86)/atmel/studio/7.0/toolchain/arm/arm-gnu-toolchain/bin/../lib/gcc/arm-none-eabi/4.9.3/../../../../arm-none-eabi/lib/armv7-m\libc.a(lib_a-setbuf.o)
 .ARM.attributes
                0x0000042e       0x2d c:/program files (x86)/atmel/studio/7.0/toolchain/arm/arm-gnu-toolchain/bin/../lib/gcc/arm-none-eabi/4.9.3/../../../../arm-none-eabi/lib/armv7-m\libc.a(lib_a-setvbuf.o)
 .ARM.attributes
                0x0000045b       0x2d c:/program files (x86)/atmel/studio/7.0/toolchain/arm/arm-gnu-toolchain/bin/../lib/gcc/arm-none-eabi/4.9.3/../../../../arm-none-eabi/lib/armv7-m\libc.a(lib_a-__call_atexit.o)
 .ARM.attributes
                0x00000488       0x2d c:/program files (x86)/atmel/studio/7.0/toolchain/arm/arm-gnu-toolchain/bin/../lib/gcc/arm-none-eabi/4.9.3/../../../../arm-none-eabi/lib/armv7-m\libc.a(lib_a-atexit.o)
 .ARM.attributes
                0x000004b5       0x2d c:/program files (x86)/atmel/studio/7.0/toolchain/arm/arm-gnu-toolchain/bin/../lib/gcc/arm-none-eabi/4.9.3/../../../../arm-none-eabi/lib/armv7-m\libc.a(lib_a-fflush.o)
 .ARM.attributes
                0x000004e2       0x2d c:/program files (x86)/atmel/studio/7.0/toolchain/arm/arm-gnu-toolchain/bin/../lib/gcc/arm-none-eabi/4.9.3/../../../../arm-none-eabi/lib/armv7-m\libc.a(lib_a-findfp.o)
 .ARM.attributes
                0x0000050f       0x2d c:/program files (x86)/atmel/studio/7.0/toolchain/arm/arm-gnu-toolchain/bin/../lib/gcc/arm-none-eabi/4.9.3/../../../../arm-none-eabi/lib/armv7-m\libc.a(lib_a-fini.o)
 .ARM.attributes
                0x0000053c       0x2d c:/program files (x86)/atmel/studio/7.0/toolchain/arm/arm-gnu-toolchain/bin/../lib/gcc/arm-none-eabi/4.9.3/../../../../arm-none-eabi/lib/armv7-m\libc.a(lib_a-freer.o)
 .ARM.attributes
                0x00000569       0x2d c:/program files (x86)/atmel/studio/7.0/toolchain/arm/arm-gnu-toolchain/bin/../lib/gcc/arm-none-eabi/4.9.3/../../../../arm-none-eabi/lib/armv7-m\libc.a(lib_a-fwalk.o)
 .ARM.attributes
                0x00000596       0x2d c:/program files (x86)/atmel/studio/7.0/toolchain/arm/arm-gnu-toolchain/bin/../lib/gcc/arm-none-eabi/4.9.3/../../../../arm-none-eabi/lib/armv7-m\libc.a(lib_a-malloc.o)
 .ARM.attributes
                0x000005c3       0x2d c:/program files (x86)/atmel/studio/7.0/toolchain/arm/arm-gnu-toolchain/bin/../lib/gcc/arm-none-eabi/4.9.3/../../../../arm-none-eabi/lib/armv7-m\libc.a(lib_a-mallocr.o)
 .ARM.attributes
                0x000005f0       0x2d c:/program files (x86)/atmel/studio/7.0/toolchain/arm/arm-gnu-toolchain/bin/../lib/gcc/arm-none-eabi/4.9.3/../../../../arm-none-eabi/lib/armv7-m\libc.a(lib_a-mlock.o)
 .ARM.attributes
                0x0000061d       0x2d c:/program files (x86)/atmel/studio/7.0/toolchain/arm/arm-gnu-toolchain/bin/../lib/gcc/arm-none-eabi/4.9.3/../../../../arm-none-eabi/lib/armv7-m\libc.a(lib_a-sbrkr.o)
 .ARM.attributes
                0x0000064a       0x2d c:/program files (x86)/atmel/studio/7.0/toolchain/arm/arm-gnu-toolchain/bin/../lib/gcc/arm-none-eabi/4.9.3/../../../../arm-none-eabi/lib/armv7-m\libc.a(lib_a-stdio.o)
 .ARM.attributes
                0x00000677       0x2d c:/program files (x86)/atmel/studio/7.0/toolchain/arm/arm-gnu-toolchain/bin/../lib/gcc/arm-none-eabi/4.9.3/../../../../arm-none-eabi/lib/armv7-m\libc.a(lib_a-writer.o)
 .ARM.attributes
                0x000006a4       0x2d c:/program files (x86)/atmel/studio/7.0/toolchain/arm/arm-gnu-toolchain/bin/../lib/gcc/arm-none-eabi/4.9.3/../../../../arm-none-eabi/lib/armv7-m\libc.a(lib_a-__atexit.o)
 .ARM.attributes
                0x000006d1       0x2d c:/program files (x86)/atmel/studio/7.0/toolchain/arm/arm-gnu-toolchain/bin/../lib/gcc/arm-none-eabi/4.9.3/../../../../arm-none-eabi/lib/armv7-m\libc.a(lib_a-closer.o)
 .ARM.attributes
                0x000006fe       0x2d c:/program files (x86)/atmel/studio/7.0/toolchain/arm/arm-gnu-toolchain/bin/../lib/gcc/arm-none-eabi/4.9.3/../../../../arm-none-eabi/lib/armv7-m\libc.a(lib_a-fclose.o)
 .ARM.attributes
                0x0000072b       0x2d c:/program files (x86)/atmel/studio/7.0/toolchain/arm/arm-gnu-toolchain/bin/../lib/gcc/arm-none-eabi/4.9.3/../../../../arm-none-eabi/lib/armv7-m\libc.a(lib_a-lseekr.o)
 .ARM.attributes
                0x00000758       0x2d c:/program files (x86)/atmel/studio/7.0/toolchain/arm/arm-gnu-toolchain/bin/../lib/gcc/arm-none-eabi/4.9.3/../../../../arm-none-eabi/lib/armv7-m\libc.a(lib_a-readr.o)
 .ARM.attributes
                0x00000785       0x2d c:/program files (x86)/atmel/studio/7.0/toolchain/arm/arm-gnu-toolchain/bin/../lib/gcc/arm-none-eabi/4.9.3/../../../../arm-none-eabi/lib/armv7-m\libc.a(lib_a-reent.o)
 .ARM.attributes
                0x000007b2       0x1d c:/program files (x86)/atmel/studio/7.0/toolchain/arm/arm-gnu-toolchain/bin/../lib/gcc/arm-none-eabi/4.9.3/armv7-m/crtn.o

.comment        0x00000000       0x5b
 .comment       0x00000000       0x5b src/ASF/common/services/clock/sam3x/sysclk.o
                                 0x5c (size before relaxing)
 .comment       0x00000000       0x5c src/ASF/common/utils/stdio/read.o
 .comment       0x00000000       0x5c src/ASF/common/utils/stdio/write.o
 .comment       0x00000000       0x5c src/ASF/sam/boards/arduino_due_x/init.o
 .comment       0x00000000       0x5c src/ASF/sam/drivers/adc/adc.o
 .comment       0x00000000       0x5c src/ASF/sam/drivers/pio/pio.o
 .comment       0x00000000       0x5c src/ASF/sam/drivers/pio/pio_handler.o
 .comment       0x00000000       0x5c src/ASF/sam/drivers/pmc/pmc.o
 .comment       0x00000000       0x5c src/ASF/sam/drivers/tc/tc.o
 .comment       0x00000000       0x5c src/ASF/sam/drivers/uart/uart.o
 .comment       0x00000000       0x5c src/ASF/sam/drivers/usart/usart.o
 .comment       0x00000000       0x5c src/ASF/sam/utils/cmsis/sam3x/source/templates/exceptions.o
 .comment       0x00000000       0x5c src/ASF/sam/utils/cmsis/sam3x/source/templates/gcc/startup_sam3x.o
 .comment       0x00000000       0x5c src/ASF/sam/utils/cmsis/sam3x/source/templates/system_sam3x.o
 .comment       0x00000000       0x5c src/ASF/sam/utils/syscalls/gcc/syscalls.o
 .comment       0x00000000       0x5c src/DSM2_Funkstrecke.o

.debug_info     0x00000000     0xb1d4
 .debug_info    0x00000000      0x742 src/ASF/common/services/clock/sam3x/sysclk.o
 .debug_info    0x00000742      0x1be src/ASF/common/utils/stdio/read.o
 .debug_info    0x00000900      0x1c0 src/ASF/common/utils/stdio/write.o
 .debug_info    0x00000ac0      0x75a src/ASF/sam/boards/arduino_due_x/init.o
 .debug_info    0x0000121a     0x118c src/ASF/sam/drivers/adc/adc.o
 .debug_info    0x000023a6     0x1391 src/ASF/sam/drivers/pio/pio.o
 .debug_info    0x00003737      0xe51 src/ASF/sam/drivers/pio/pio_handler.o
 .debug_info    0x00004588     0x1078 src/ASF/sam/drivers/pmc/pmc.o
 .debug_info    0x00005600      0x959 src/ASF/sam/drivers/tc/tc.o
 .debug_info    0x00005f59      0x889 src/ASF/sam/drivers/uart/uart.o
 .debug_info    0x000067e2     0x1bfa src/ASF/sam/drivers/usart/usart.o
 .debug_info    0x000083dc      0x124 src/ASF/sam/utils/cmsis/sam3x/source/templates/exceptions.o
 .debug_info    0x00008500      0x3bd src/ASF/sam/utils/cmsis/sam3x/source/templates/gcc/startup_sam3x.o
 .debug_info    0x000088bd      0x4c6 src/ASF/sam/utils/cmsis/sam3x/source/templates/system_sam3x.o
 .debug_info    0x00008d83      0x43f src/ASF/sam/utils/syscalls/gcc/syscalls.o
 .debug_info    0x000091c2     0x2012 src/DSM2_Funkstrecke.o

.debug_abbrev   0x00000000     0x1e45
 .debug_abbrev  0x00000000      0x227 src/ASF/common/services/clock/sam3x/sysclk.o
 .debug_abbrev  0x00000227      0x101 src/ASF/common/utils/stdio/read.o
 .debug_abbrev  0x00000328       0xf5 src/ASF/common/utils/stdio/write.o
 .debug_abbrev  0x0000041d      0x16f src/ASF/sam/boards/arduino_due_x/init.o
 .debug_abbrev  0x0000058c      0x235 src/ASF/sam/drivers/adc/adc.o
 .debug_abbrev  0x000007c1      0x2d5 src/ASF/sam/drivers/pio/pio.o
 .debug_abbrev  0x00000a96      0x257 src/ASF/sam/drivers/pio/pio_handler.o
 .debug_abbrev  0x00000ced      0x268 src/ASF/sam/drivers/pmc/pmc.o
 .debug_abbrev  0x00000f55      0x1ca src/ASF/sam/drivers/tc/tc.o
 .debug_abbrev  0x0000111f      0x1bd src/ASF/sam/drivers/uart/uart.o
 .debug_abbrev  0x000012dc      0x325 src/ASF/sam/drivers/usart/usart.o
 .debug_abbrev  0x00001601       0x8c src/ASF/sam/utils/cmsis/sam3x/source/templates/exceptions.o
 .debug_abbrev  0x0000168d      0x118 src/ASF/sam/utils/cmsis/sam3x/source/templates/gcc/startup_sam3x.o
 .debug_abbrev  0x000017a5      0x115 src/ASF/sam/utils/cmsis/sam3x/source/templates/system_sam3x.o
 .debug_abbrev  0x000018ba      0x14e src/ASF/sam/utils/syscalls/gcc/syscalls.o
 .debug_abbrev  0x00001a08      0x43d src/DSM2_Funkstrecke.o

.debug_loc      0x00000000     0x4a2f
 .debug_loc     0x00000000       0xed src/ASF/common/services/clock/sam3x/sysclk.o
 .debug_loc     0x000000ed      0x107 src/ASF/common/utils/stdio/read.o
 .debug_loc     0x000001f4      0x15d src/ASF/common/utils/stdio/write.o
 .debug_loc     0x00000351       0x20 src/ASF/sam/boards/arduino_due_x/init.o
 .debug_loc     0x00000371      0x966 src/ASF/sam/drivers/adc/adc.o
 .debug_loc     0x00000cd7      0xb20 src/ASF/sam/drivers/pio/pio.o
 .debug_loc     0x000017f7      0x573 src/ASF/sam/drivers/pio/pio_handler.o
 .debug_loc     0x00001d6a      0xccc src/ASF/sam/drivers/pmc/pmc.o
 .debug_loc     0x00002a36      0x6ab src/ASF/sam/drivers/tc/tc.o
 .debug_loc     0x000030e1      0x242 src/ASF/sam/drivers/uart/uart.o
 .debug_loc     0x00003323     0x1206 src/ASF/sam/drivers/usart/usart.o
 .debug_loc     0x00004529       0x5e src/ASF/sam/utils/cmsis/sam3x/source/templates/gcc/startup_sam3x.o
 .debug_loc     0x00004587      0x12b src/ASF/sam/utils/syscalls/gcc/syscalls.o
 .debug_loc     0x000046b2      0x37d src/DSM2_Funkstrecke.o

.debug_aranges  0x00000000      0xb18
 .debug_aranges
                0x00000000       0x30 src/ASF/common/services/clock/sam3x/sysclk.o
 .debug_aranges
                0x00000030       0x20 src/ASF/common/utils/stdio/read.o
 .debug_aranges
                0x00000050       0x20 src/ASF/common/utils/stdio/write.o
 .debug_aranges
                0x00000070       0x20 src/ASF/sam/boards/arduino_due_x/init.o
 .debug_aranges
                0x00000090      0x178 src/ASF/sam/drivers/adc/adc.o
 .debug_aranges
                0x00000208      0x148 src/ASF/sam/drivers/pio/pio.o
 .debug_aranges
                0x00000350       0x58 src/ASF/sam/drivers/pio/pio_handler.o
 .debug_aranges
                0x000003a8      0x200 src/ASF/sam/drivers/pmc/pmc.o
 .debug_aranges
                0x000005a8       0xd0 src/ASF/sam/drivers/tc/tc.o
 .debug_aranges
                0x00000678       0xe8 src/ASF/sam/drivers/uart/uart.o
 .debug_aranges
                0x00000760      0x2a8 src/ASF/sam/drivers/usart/usart.o
 .debug_aranges
                0x00000a08       0x20 src/ASF/sam/utils/cmsis/sam3x/source/templates/exceptions.o
 .debug_aranges
                0x00000a28       0x20 src/ASF/sam/utils/cmsis/sam3x/source/templates/gcc/startup_sam3x.o
 .debug_aranges
                0x00000a48       0x30 src/ASF/sam/utils/cmsis/sam3x/source/templates/system_sam3x.o
 .debug_aranges
                0x00000a78       0x60 src/ASF/sam/utils/syscalls/gcc/syscalls.o
 .debug_aranges
                0x00000ad8       0x40 src/DSM2_Funkstrecke.o

.debug_ranges   0x00000000      0xa18
 .debug_ranges  0x00000000       0x20 src/ASF/common/services/clock/sam3x/sysclk.o
 .debug_ranges  0x00000020       0x10 src/ASF/common/utils/stdio/read.o
 .debug_ranges  0x00000030       0x10 src/ASF/common/utils/stdio/write.o
 .debug_ranges  0x00000040       0x10 src/ASF/sam/boards/arduino_due_x/init.o
 .debug_ranges  0x00000050      0x168 src/ASF/sam/drivers/adc/adc.o
 .debug_ranges  0x000001b8      0x138 src/ASF/sam/drivers/pio/pio.o
 .debug_ranges  0x000002f0       0x48 src/ASF/sam/drivers/pio/pio_handler.o
 .debug_ranges  0x00000338      0x1f0 src/ASF/sam/drivers/pmc/pmc.o
 .debug_ranges  0x00000528       0xc0 src/ASF/sam/drivers/tc/tc.o
 .debug_ranges  0x000005e8       0xd8 src/ASF/sam/drivers/uart/uart.o
 .debug_ranges  0x000006c0      0x298 src/ASF/sam/drivers/usart/usart.o
 .debug_ranges  0x00000958       0x10 src/ASF/sam/utils/cmsis/sam3x/source/templates/exceptions.o
 .debug_ranges  0x00000968       0x10 src/ASF/sam/utils/cmsis/sam3x/source/templates/gcc/startup_sam3x.o
 .debug_ranges  0x00000978       0x20 src/ASF/sam/utils/cmsis/sam3x/source/templates/system_sam3x.o
 .debug_ranges  0x00000998       0x50 src/ASF/sam/utils/syscalls/gcc/syscalls.o
 .debug_ranges  0x000009e8       0x30 src/DSM2_Funkstrecke.o

.debug_macro    0x00000000    0x172f7
 .debug_macro   0x00000000      0x554 src/ASF/common/services/clock/sam3x/sysclk.o
 .debug_macro   0x00000554      0x892 src/ASF/common/services/clock/sam3x/sysclk.o
 .debug_macro   0x00000de6      0x636 src/ASF/common/services/clock/sam3x/sysclk.o
 .debug_macro   0x0000141c       0x28 src/ASF/common/services/clock/sam3x/sysclk.o
 .debug_macro   0x00001444      0x166 src/ASF/common/services/clock/sam3x/sysclk.o
 .debug_macro   0x000015aa       0x76 src/ASF/common/services/clock/sam3x/sysclk.o
 .debug_macro   0x00001620       0x16 src/ASF/common/services/clock/sam3x/sysclk.o
 .debug_macro   0x00001636      0x6e4 src/ASF/common/services/clock/sam3x/sysclk.o
 .debug_macro   0x00001d1a       0x22 src/ASF/common/services/clock/sam3x/sysclk.o
 .debug_macro   0x00001d3c       0x44 src/ASF/common/services/clock/sam3x/sysclk.o
 .debug_macro   0x00001d80       0x58 src/ASF/common/services/clock/sam3x/sysclk.o
 .debug_macro   0x00001dd8       0x22 src/ASF/common/services/clock/sam3x/sysclk.o
 .debug_macro   0x00001dfa      0x1df src/ASF/common/services/clock/sam3x/sysclk.o
 .debug_macro   0x00001fd9       0x20 src/ASF/common/services/clock/sam3x/sysclk.o
 .debug_macro   0x00001ff9       0x3a src/ASF/common/services/clock/sam3x/sysclk.o
 .debug_macro   0x00002033       0x2d src/ASF/common/services/clock/sam3x/sysclk.o
 .debug_macro   0x00002060      0xbb1 src/ASF/common/services/clock/sam3x/sysclk.o
 .debug_macro   0x00002c11      0xab6 src/ASF/common/services/clock/sam3x/sysclk.o
 .debug_macro   0x000036c7      0x569 src/ASF/common/services/clock/sam3x/sysclk.o
 .debug_macro   0x00003c30      0x2b5 src/ASF/common/services/clock/sam3x/sysclk.o
 .debug_macro   0x00003ee5      0x31a src/ASF/common/services/clock/sam3x/sysclk.o
 .debug_macro   0x000041ff      0x74f src/ASF/common/services/clock/sam3x/sysclk.o
 .debug_macro   0x0000494e       0x82 src/ASF/common/services/clock/sam3x/sysclk.o
 .debug_macro   0x000049d0      0x57b src/ASF/common/services/clock/sam3x/sysclk.o
 .debug_macro   0x00004f4b       0x1c src/ASF/common/services/clock/sam3x/sysclk.o
 .debug_macro   0x00004f67      0x6b7 src/ASF/common/services/clock/sam3x/sysclk.o
 .debug_macro   0x0000561e      0x52d src/ASF/common/services/clock/sam3x/sysclk.o
 .debug_macro   0x00005b4b       0xbe src/ASF/common/services/clock/sam3x/sysclk.o
 .debug_macro   0x00005c09     0x2342 src/ASF/common/services/clock/sam3x/sysclk.o
 .debug_macro   0x00007f4b      0x85d src/ASF/common/services/clock/sam3x/sysclk.o
 .debug_macro   0x000087a8      0xdc9 src/ASF/common/services/clock/sam3x/sysclk.o
 .debug_macro   0x00009571       0x7c src/ASF/common/services/clock/sam3x/sysclk.o
 .debug_macro   0x000095ed      0x263 src/ASF/common/services/clock/sam3x/sysclk.o
 .debug_macro   0x00009850       0x58 src/ASF/common/services/clock/sam3x/sysclk.o
 .debug_macro   0x000098a8      0x9a7 src/ASF/common/services/clock/sam3x/sysclk.o
 .debug_macro   0x0000a24f      0x248 src/ASF/common/services/clock/sam3x/sysclk.o
 .debug_macro   0x0000a497      0x4df src/ASF/common/services/clock/sam3x/sysclk.o
 .debug_macro   0x0000a976      0x6b3 src/ASF/common/services/clock/sam3x/sysclk.o
 .debug_macro   0x0000b029      0x59f src/ASF/common/services/clock/sam3x/sysclk.o
 .debug_macro   0x0000b5c8       0x46 src/ASF/common/services/clock/sam3x/sysclk.o
 .debug_macro   0x0000b60e      0x34d src/ASF/common/services/clock/sam3x/sysclk.o
 .debug_macro   0x0000b95b      0x28c src/ASF/common/services/clock/sam3x/sysclk.o
 .debug_macro   0x0000bbe7     0x14d7 src/ASF/common/services/clock/sam3x/sysclk.o
 .debug_macro   0x0000d0be      0x7ba src/ASF/common/services/clock/sam3x/sysclk.o
 .debug_macro   0x0000d878       0x76 src/ASF/common/services/clock/sam3x/sysclk.o
 .debug_macro   0x0000d8ee       0x82 src/ASF/common/services/clock/sam3x/sysclk.o
 .debug_macro   0x0000d970       0x76 src/ASF/common/services/clock/sam3x/sysclk.o
 .debug_macro   0x0000d9e6       0x4c src/ASF/common/services/clock/sam3x/sysclk.o
 .debug_macro   0x0000da32      0x105 src/ASF/common/services/clock/sam3x/sysclk.o
 .debug_macro   0x0000db37      0x105 src/ASF/common/services/clock/sam3x/sysclk.o
 .debug_macro   0x0000dc3c      0x105 src/ASF/common/services/clock/sam3x/sysclk.o
 .debug_macro   0x0000dd41       0x88 src/ASF/common/services/clock/sam3x/sysclk.o
 .debug_macro   0x0000ddc9       0x88 src/ASF/common/services/clock/sam3x/sysclk.o
 .debug_macro   0x0000de51      0x3b4 src/ASF/common/services/clock/sam3x/sysclk.o
 .debug_macro   0x0000e205       0xb8 src/ASF/common/services/clock/sam3x/sysclk.o
 .debug_macro   0x0000e2bd       0xb8 src/ASF/common/services/clock/sam3x/sysclk.o
 .debug_macro   0x0000e375       0xb8 src/ASF/common/services/clock/sam3x/sysclk.o
 .debug_macro   0x0000e42d       0xb8 src/ASF/common/services/clock/sam3x/sysclk.o
 .debug_macro   0x0000e4e5      0x2b8 src/ASF/common/services/clock/sam3x/sysclk.o
 .debug_macro   0x0000e79d      0x125 src/ASF/common/services/clock/sam3x/sysclk.o
 .debug_macro   0x0000e8c2      0x225 src/ASF/common/services/clock/sam3x/sysclk.o
 .debug_macro   0x0000eae7      0x225 src/ASF/common/services/clock/sam3x/sysclk.o
 .debug_macro   0x0000ed0c       0x2e src/ASF/common/services/clock/sam3x/sysclk.o
 .debug_macro   0x0000ed3a       0xac src/ASF/common/services/clock/sam3x/sysclk.o
 .debug_macro   0x0000ede6      0x14d src/ASF/common/services/clock/sam3x/sysclk.o
 .debug_macro   0x0000ef33       0x7c src/ASF/common/services/clock/sam3x/sysclk.o
 .debug_macro   0x0000efaf      0x205 src/ASF/common/services/clock/sam3x/sysclk.o
 .debug_macro   0x0000f1b4       0x64 src/ASF/common/services/clock/sam3x/sysclk.o
 .debug_macro   0x0000f218       0xa6 src/ASF/common/services/clock/sam3x/sysclk.o
 .debug_macro   0x0000f2be       0x7c src/ASF/common/services/clock/sam3x/sysclk.o
 .debug_macro   0x0000f33a       0x16 src/ASF/common/services/clock/sam3x/sysclk.o
 .debug_macro   0x0000f350       0x22 src/ASF/common/services/clock/sam3x/sysclk.o
 .debug_macro   0x0000f372       0x22 src/ASF/common/services/clock/sam3x/sysclk.o
 .debug_macro   0x0000f394      0x115 src/ASF/common/services/clock/sam3x/sysclk.o
 .debug_macro   0x0000f4a9      0x115 src/ASF/common/services/clock/sam3x/sysclk.o
 .debug_macro   0x0000f5be      0x115 src/ASF/common/services/clock/sam3x/sysclk.o
 .debug_macro   0x0000f6d3      0x115 src/ASF/common/services/clock/sam3x/sysclk.o
 .debug_macro   0x0000f7e8       0x1c src/ASF/common/services/clock/sam3x/sysclk.o
 .debug_macro   0x0000f804       0x2e src/ASF/common/services/clock/sam3x/sysclk.o
 .debug_macro   0x0000f832       0x22 src/ASF/common/services/clock/sam3x/sysclk.o
 .debug_macro   0x0000f854       0x1c src/ASF/common/services/clock/sam3x/sysclk.o
 .debug_macro   0x0000f870       0x58 src/ASF/common/services/clock/sam3x/sysclk.o
 .debug_macro   0x0000f8c8       0x10 src/ASF/common/services/clock/sam3x/sysclk.o
 .debug_macro   0x0000f8d8      0x273 src/ASF/common/services/clock/sam3x/sysclk.o
 .debug_macro   0x0000fb4b      0xd43 src/ASF/common/services/clock/sam3x/sysclk.o
 .debug_macro   0x0001088e      0x131 src/ASF/common/services/clock/sam3x/sysclk.o
 .debug_macro   0x000109bf       0x58 src/ASF/common/services/clock/sam3x/sysclk.o
 .debug_macro   0x00010a17       0x35 src/ASF/common/services/clock/sam3x/sysclk.o
 .debug_macro   0x00010a4c       0x9c src/ASF/common/services/clock/sam3x/sysclk.o
 .debug_macro   0x00010ae8       0x16 src/ASF/common/services/clock/sam3x/sysclk.o
 .debug_macro   0x00010afe       0x35 src/ASF/common/services/clock/sam3x/sysclk.o
 .debug_macro   0x00010b33      0x29d src/ASF/common/services/clock/sam3x/sysclk.o
 .debug_macro   0x00010dd0       0x10 src/ASF/common/services/clock/sam3x/sysclk.o
 .debug_macro   0x00010de0       0x52 src/ASF/common/services/clock/sam3x/sysclk.o
 .debug_macro   0x00010e32       0x16 src/ASF/common/services/clock/sam3x/sysclk.o
 .debug_macro   0x00010e48       0x43 src/ASF/common/services/clock/sam3x/sysclk.o
 .debug_macro   0x00010e8b      0x180 src/ASF/common/services/clock/sam3x/sysclk.o
 .debug_macro   0x0001100b       0x10 src/ASF/common/services/clock/sam3x/sysclk.o
 .debug_macro   0x0001101b       0x22 src/ASF/common/services/clock/sam3x/sysclk.o
 .debug_macro   0x0001103d       0xbe src/ASF/common/services/clock/sam3x/sysclk.o
 .debug_macro   0x000110fb       0x16 src/ASF/common/services/clock/sam3x/sysclk.o
 .debug_macro   0x00011111      0x197 src/ASF/common/services/clock/sam3x/sysclk.o
 .debug_macro   0x000112a8       0x22 src/ASF/common/services/clock/sam3x/sysclk.o
 .debug_macro   0x000112ca       0x16 src/ASF/common/services/clock/sam3x/sysclk.o
 .debug_macro   0x000112e0       0x16 src/ASF/common/services/clock/sam3x/sysclk.o
 .debug_macro   0x000112f6       0x29 src/ASF/common/services/clock/sam3x/sysclk.o
 .debug_macro   0x0001131f       0x6e src/ASF/common/services/clock/sam3x/sysclk.o
 .debug_macro   0x0001138d       0x45 src/ASF/common/services/clock/sam3x/sysclk.o
 .debug_macro   0x000113d2      0x3ca src/ASF/common/services/clock/sam3x/sysclk.o
 .debug_macro   0x0001179c      0x288 src/ASF/common/services/clock/sam3x/sysclk.o
 .debug_macro   0x00011a24      0x790 src/ASF/common/services/clock/sam3x/sysclk.o
 .debug_macro   0x000121b4       0x5e src/ASF/common/services/clock/sam3x/sysclk.o
 .debug_macro   0x00012212       0x64 src/ASF/common/services/clock/sam3x/sysclk.o
 .debug_macro   0x00012276       0x5f src/ASF/common/services/clock/sam3x/sysclk.o
 .debug_macro   0x000122d5       0x90 src/ASF/common/services/clock/sam3x/sysclk.o
 .debug_macro   0x00012365      0x4d4 src/ASF/common/utils/stdio/read.o
 .debug_macro   0x00012839      0x4d4 src/ASF/common/utils/stdio/write.o
 .debug_macro   0x00012d0d      0x593 src/ASF/sam/boards/arduino_due_x/init.o
 .debug_macro   0x000132a0       0x1c src/ASF/sam/boards/arduino_due_x/init.o
 .debug_macro   0x000132bc       0x94 src/ASF/sam/boards/arduino_due_x/init.o
 .debug_macro   0x00013350       0x40 src/ASF/sam/boards/arduino_due_x/init.o
 .debug_macro   0x00013390       0x6a src/ASF/sam/boards/arduino_due_x/init.o
 .debug_macro   0x000133fa      0x4f4 src/ASF/sam/drivers/adc/adc.o
 .debug_macro   0x000138ee       0x1c src/ASF/sam/drivers/adc/adc.o
 .debug_macro   0x0001390a      0x4ef src/ASF/sam/drivers/pio/pio.o
 .debug_macro   0x00013df9       0x8e src/ASF/sam/drivers/pio/pio.o
 .debug_macro   0x00013e87      0x4f3 src/ASF/sam/drivers/pio/pio_handler.o
 .debug_macro   0x0001437a      0x4e9 src/ASF/sam/drivers/pmc/pmc.o
 .debug_macro   0x00014863       0x58 src/ASF/sam/drivers/pmc/pmc.o
 .debug_macro   0x000148bb      0x4f0 src/ASF/sam/drivers/tc/tc.o
 .debug_macro   0x00014dab       0x16 src/ASF/sam/drivers/tc/tc.o
 .debug_macro   0x00014dc1       0x4a src/ASF/sam/drivers/tc/tc.o
 .debug_macro   0x00014e0b       0x1c src/ASF/sam/drivers/tc/tc.o
 .debug_macro   0x00014e27      0x4e3 src/ASF/sam/drivers/uart/uart.o
 .debug_macro   0x0001530a       0x16 src/ASF/sam/drivers/uart/uart.o
 .debug_macro   0x00015320      0x51f src/ASF/sam/drivers/usart/usart.o
 .debug_macro   0x0001583f       0x28 src/ASF/sam/drivers/usart/usart.o
 .debug_macro   0x00015867      0x4e8 src/ASF/sam/utils/cmsis/sam3x/source/templates/exceptions.o
 .debug_macro   0x00015d4f      0x4f6 src/ASF/sam/utils/cmsis/sam3x/source/templates/gcc/startup_sam3x.o
 .debug_macro   0x00016245      0x4f6 src/ASF/sam/utils/cmsis/sam3x/source/templates/system_sam3x.o
 .debug_macro   0x0001673b       0x26 src/ASF/sam/utils/cmsis/sam3x/source/templates/system_sam3x.o
 .debug_macro   0x00016761      0x169 src/ASF/sam/utils/syscalls/gcc/syscalls.o
 .debug_macro   0x000168ca       0x97 src/ASF/sam/utils/syscalls/gcc/syscalls.o
 .debug_macro   0x00016961       0xef src/ASF/sam/utils/syscalls/gcc/syscalls.o
 .debug_macro   0x00016a50       0x52 src/ASF/sam/utils/syscalls/gcc/syscalls.o
 .debug_macro   0x00016aa2       0x16 src/ASF/sam/utils/syscalls/gcc/syscalls.o
 .debug_macro   0x00016ab8       0x10 src/ASF/sam/utils/syscalls/gcc/syscalls.o
 .debug_macro   0x00016ac8       0x10 src/ASF/sam/utils/syscalls/gcc/syscalls.o
 .debug_macro   0x00016ad8       0x10 src/ASF/sam/utils/syscalls/gcc/syscalls.o
 .debug_macro   0x00016ae8       0x35 src/ASF/sam/utils/syscalls/gcc/syscalls.o
 .debug_macro   0x00016b1d      0x122 src/ASF/sam/utils/syscalls/gcc/syscalls.o
 .debug_macro   0x00016c3f      0x680 src/DSM2_Funkstrecke.o
 .debug_macro   0x000172bf       0x10 src/DSM2_Funkstrecke.o
 .debug_macro   0x000172cf       0x28 src/DSM2_Funkstrecke.o

.debug_line     0x00000000     0xc543
 .debug_line    0x00000000      0xc0b src/ASF/common/services/clock/sam3x/sysclk.o
 .debug_line    0x00000c0b      0xaca src/ASF/common/utils/stdio/read.o
 .debug_line    0x000016d5      0xac0 src/ASF/common/utils/stdio/write.o
 .debug_line    0x00002195      0xcc8 src/ASF/sam/boards/arduino_due_x/init.o
 .debug_line    0x00002e5d      0xe49 src/ASF/sam/drivers/adc/adc.o
 .debug_line    0x00003ca6      0xe2b src/ASF/sam/drivers/pio/pio.o
 .debug_line    0x00004ad1      0xb71 src/ASF/sam/drivers/pio/pio_handler.o
 .debug_line    0x00005642     0x105e src/ASF/sam/drivers/pmc/pmc.o
 .debug_line    0x000066a0      0xc62 src/ASF/sam/drivers/tc/tc.o
 .debug_line    0x00007302      0xc78 src/ASF/sam/drivers/uart/uart.o
 .debug_line    0x00007f7a     0x1193 src/ASF/sam/drivers/usart/usart.o
 .debug_line    0x0000910d      0xaa3 src/ASF/sam/utils/cmsis/sam3x/source/templates/exceptions.o
 .debug_line    0x00009bb0      0xaed src/ASF/sam/utils/cmsis/sam3x/source/templates/gcc/startup_sam3x.o
 .debug_line    0x0000a69d      0xb08 src/ASF/sam/utils/cmsis/sam3x/source/templates/system_sam3x.o
 .debug_line    0x0000b1a5      0x399 src/ASF/sam/utils/syscalls/gcc/syscalls.o
 .debug_line    0x0000b53e     0x1005 src/DSM2_Funkstrecke.o

.debug_str      0x00000000    0x63acf
 .debug_str     0x00000000    0x5f0a5 src/ASF/common/services/clock/sam3x/sysclk.o
                              0x5f3ea (size before relaxing)
 .debug_str     0x0005f0a5       0x3f src/ASF/common/utils/stdio/read.o
                              0x5b57b (size before relaxing)
 .debug_str     0x0005f0e4       0x2e src/ASF/common/utils/stdio/write.o
                              0x5b57d (size before relaxing)
 .debug_str     0x0005f112      0xa89 src/ASF/sam/boards/arduino_due_x/init.o
                              0x5fbe9 (size before relaxing)
 .debug_str     0x0005fb9b      0xa69 src/ASF/sam/drivers/adc/adc.o
                              0x5c04e (size before relaxing)
 .debug_str     0x00060604      0x428 src/ASF/sam/drivers/pio/pio.o
                              0x5bf20 (size before relaxing)
 .debug_str     0x00060a2c      0x45a src/ASF/sam/drivers/pio/pio_handler.o
                              0x5bf68 (size before relaxing)
 .debug_str     0x00060e86      0x687 src/ASF/sam/drivers/pmc/pmc.o
                              0x5bf96 (size before relaxing)
 .debug_str     0x0006150d      0x397 src/ASF/sam/drivers/tc/tc.o
                              0x5b924 (size before relaxing)
 .debug_str     0x000618a4      0x338 src/ASF/sam/drivers/uart/uart.o
                              0x5b941 (size before relaxing)
 .debug_str     0x00061bdc      0xb8b src/ASF/sam/drivers/usart/usart.o
                              0x5c1f2 (size before relaxing)
 .debug_str     0x00062767       0x4d src/ASF/sam/utils/cmsis/sam3x/source/templates/exceptions.o
                              0x5b595 (size before relaxing)
 .debug_str     0x000627b4       0xb2 src/ASF/sam/utils/cmsis/sam3x/source/templates/gcc/startup_sam3x.o
                              0x5b66a (size before relaxing)
 .debug_str     0x00062866      0x1cd src/ASF/sam/utils/cmsis/sam3x/source/templates/system_sam3x.o
                              0x5b87d (size before relaxing)
 .debug_str     0x00062a33      0x84b src/ASF/sam/utils/syscalls/gcc/syscalls.o
                               0x60f4 (size before relaxing)
 .debug_str     0x0006327e      0x851 src/DSM2_Funkstrecke.o
                              0x60e55 (size before relaxing)

.debug_frame    0x00000000     0x1db4
 .debug_frame   0x00000000       0x58 src/ASF/common/services/clock/sam3x/sysclk.o
 .debug_frame   0x00000058       0x38 src/ASF/common/utils/stdio/read.o
 .debug_frame   0x00000090       0x48 src/ASF/common/utils/stdio/write.o
 .debug_frame   0x000000d8       0x28 src/ASF/sam/boards/arduino_due_x/init.o
 .debug_frame   0x00000100      0x320 src/ASF/sam/drivers/adc/adc.o
 .debug_frame   0x00000420      0x2b8 src/ASF/sam/drivers/pio/pio.o
 .debug_frame   0x000006d8       0xf8 src/ASF/sam/drivers/pio/pio_handler.o
 .debug_frame   0x000007d0      0x450 src/ASF/sam/drivers/pmc/pmc.o
 .debug_frame   0x00000c20      0x1a4 src/ASF/sam/drivers/tc/tc.o
 .debug_frame   0x00000dc4      0x1bc src/ASF/sam/drivers/uart/uart.o
 .debug_frame   0x00000f80      0x5cc src/ASF/sam/drivers/usart/usart.o
 .debug_frame   0x0000154c       0x20 src/ASF/sam/utils/cmsis/sam3x/source/templates/exceptions.o
 .debug_frame   0x0000156c       0x28 src/ASF/sam/utils/cmsis/sam3x/source/templates/gcc/startup_sam3x.o
 .debug_frame   0x00001594       0x40 src/ASF/sam/utils/cmsis/sam3x/source/templates/system_sam3x.o
 .debug_frame   0x000015d4       0xa8 src/ASF/sam/utils/syscalls/gcc/syscalls.o
 .debug_frame   0x0000167c       0xa4 src/DSM2_Funkstrecke.o
 .debug_frame   0x00001720       0x2c c:/program files (x86)/atmel/studio/7.0/toolchain/arm/arm-gnu-toolchain/bin/../lib/gcc/arm-none-eabi/4.9.3/../../../../arm-none-eabi/lib/armv7-m\libc.a(lib_a-init.o)
 .debug_frame   0x0000174c       0x34 c:/program files (x86)/atmel/studio/7.0/toolchain/arm/arm-gnu-toolchain/bin/../lib/gcc/arm-none-eabi/4.9.3/../../../../arm-none-eabi/lib/armv7-m\libc.a(lib_a-memset.o)
 .debug_frame   0x00001780       0x20 c:/program files (x86)/atmel/studio/7.0/toolchain/arm/arm-gnu-toolchain/bin/../lib/gcc/arm-none-eabi/4.9.3/../../../../arm-none-eabi/lib/armv7-m\libc.a(lib_a-setbuf.o)
 .debug_frame   0x000017a0       0x30 c:/program files (x86)/atmel/studio/7.0/toolchain/arm/arm-gnu-toolchain/bin/../lib/gcc/arm-none-eabi/4.9.3/../../../../arm-none-eabi/lib/armv7-m\libc.a(lib_a-setvbuf.o)
 .debug_frame   0x000017d0       0x50 c:/program files (x86)/atmel/studio/7.0/toolchain/arm/arm-gnu-toolchain/bin/../lib/gcc/arm-none-eabi/4.9.3/../../../../arm-none-eabi/lib/armv7-m\libc.a(lib_a-__call_atexit.o)
 .debug_frame   0x00001820       0x20 c:/program files (x86)/atmel/studio/7.0/toolchain/arm/arm-gnu-toolchain/bin/../lib/gcc/arm-none-eabi/4.9.3/../../../../arm-none-eabi/lib/armv7-m\libc.a(lib_a-atexit.o)
 .debug_frame   0x00001840       0x6c c:/program files (x86)/atmel/studio/7.0/toolchain/arm/arm-gnu-toolchain/bin/../lib/gcc/arm-none-eabi/4.9.3/../../../../arm-none-eabi/lib/armv7-m\libc.a(lib_a-fflush.o)
 .debug_frame   0x000018ac      0x124 c:/program files (x86)/atmel/studio/7.0/toolchain/arm/arm-gnu-toolchain/bin/../lib/gcc/arm-none-eabi/4.9.3/../../../../arm-none-eabi/lib/armv7-m\libc.a(lib_a-findfp.o)
 .debug_frame   0x000019d0       0x34 c:/program files (x86)/atmel/studio/7.0/toolchain/arm/arm-gnu-toolchain/bin/../lib/gcc/arm-none-eabi/4.9.3/../../../../arm-none-eabi/lib/armv7-m\libc.a(lib_a-fini.o)
 .debug_frame   0x00001a04       0x74 c:/program files (x86)/atmel/studio/7.0/toolchain/arm/arm-gnu-toolchain/bin/../lib/gcc/arm-none-eabi/4.9.3/../../../../arm-none-eabi/lib/armv7-m\libc.a(lib_a-freer.o)
 .debug_frame   0x00001a78       0x54 c:/program files (x86)/atmel/studio/7.0/toolchain/arm/arm-gnu-toolchain/bin/../lib/gcc/arm-none-eabi/4.9.3/../../../../arm-none-eabi/lib/armv7-m\libc.a(lib_a-fwalk.o)
 .debug_frame   0x00001acc       0x30 c:/program files (x86)/atmel/studio/7.0/toolchain/arm/arm-gnu-toolchain/bin/../lib/gcc/arm-none-eabi/4.9.3/../../../../arm-none-eabi/lib/armv7-m\libc.a(lib_a-malloc.o)
 .debug_frame   0x00001afc       0x54 c:/program files (x86)/atmel/studio/7.0/toolchain/arm/arm-gnu-toolchain/bin/../lib/gcc/arm-none-eabi/4.9.3/../../../../arm-none-eabi/lib/armv7-m\libc.a(lib_a-mallocr.o)
 .debug_frame   0x00001b50       0x30 c:/program files (x86)/atmel/studio/7.0/toolchain/arm/arm-gnu-toolchain/bin/../lib/gcc/arm-none-eabi/4.9.3/../../../../arm-none-eabi/lib/armv7-m\libc.a(lib_a-mlock.o)
 .debug_frame   0x00001b80       0x2c c:/program files (x86)/atmel/studio/7.0/toolchain/arm/arm-gnu-toolchain/bin/../lib/gcc/arm-none-eabi/4.9.3/../../../../arm-none-eabi/lib/armv7-m\libc.a(lib_a-sbrkr.o)
 .debug_frame   0x00001bac       0x88 c:/program files (x86)/atmel/studio/7.0/toolchain/arm/arm-gnu-toolchain/bin/../lib/gcc/arm-none-eabi/4.9.3/../../../../arm-none-eabi/lib/armv7-m\libc.a(lib_a-stdio.o)
 .debug_frame   0x00001c34       0x2c c:/program files (x86)/atmel/studio/7.0/toolchain/arm/arm-gnu-toolchain/bin/../lib/gcc/arm-none-eabi/4.9.3/../../../../arm-none-eabi/lib/armv7-m\libc.a(lib_a-writer.o)
 .debug_frame   0x00001c60       0x34 c:/program files (x86)/atmel/studio/7.0/toolchain/arm/arm-gnu-toolchain/bin/../lib/gcc/arm-none-eabi/4.9.3/../../../../arm-none-eabi/lib/armv7-m\libc.a(lib_a-__atexit.o)
 .debug_frame   0x00001c94       0x2c c:/program files (x86)/atmel/studio/7.0/toolchain/arm/arm-gnu-toolchain/bin/../lib/gcc/arm-none-eabi/4.9.3/../../../../arm-none-eabi/lib/armv7-m\libc.a(lib_a-closer.o)
 .debug_frame   0x00001cc0       0x44 c:/program files (x86)/atmel/studio/7.0/toolchain/arm/arm-gnu-toolchain/bin/../lib/gcc/arm-none-eabi/4.9.3/../../../../arm-none-eabi/lib/armv7-m\libc.a(lib_a-fclose.o)
 .debug_frame   0x00001d04       0x2c c:/program files (x86)/atmel/studio/7.0/toolchain/arm/arm-gnu-toolchain/bin/../lib/gcc/arm-none-eabi/4.9.3/../../../../arm-none-eabi/lib/armv7-m\libc.a(lib_a-lseekr.o)
 .debug_frame   0x00001d30       0x2c c:/program files (x86)/atmel/studio/7.0/toolchain/arm/arm-gnu-toolchain/bin/../lib/gcc/arm-none-eabi/4.9.3/../../../../arm-none-eabi/lib/armv7-m\libc.a(lib_a-readr.o)
 .debug_frame   0x00001d5c       0x58 c:/program files (x86)/atmel/studio/7.0/toolchain/arm/arm-gnu-toolchain/bin/../lib/gcc/arm-none-eabi/4.9.3/../../../../arm-none-eabi/lib/armv7-m\libc.a(lib_a-reent.o)

Cross Reference Table

Symbol                                            File
ADC_Handler                                       src/DSM2_Funkstrecke.o
                                                  src/ASF/sam/utils/cmsis/sam3x/source/templates/exceptions.o
                                                  src/ASF/sam/utils/cmsis/sam3x/source/templates/gcc/startup_sam3x.o
BusFault_Handler                                  src/ASF/sam/utils/cmsis/sam3x/source/templates/exceptions.o
                                                  src/ASF/sam/utils/cmsis/sam3x/source/templates/gcc/startup_sam3x.o
CAN0_Handler                                      src/ASF/sam/utils/cmsis/sam3x/source/templates/exceptions.o
                                                  src/ASF/sam/utils/cmsis/sam3x/source/templates/gcc/startup_sam3x.o
CAN1_Handler                                      src/ASF/sam/utils/cmsis/sam3x/source/templates/exceptions.o
                                                  src/ASF/sam/utils/cmsis/sam3x/source/templates/gcc/startup_sam3x.o
DACC_Handler                                      src/ASF/sam/utils/cmsis/sam3x/source/templates/exceptions.o
                                                  src/ASF/sam/utils/cmsis/sam3x/source/templates/gcc/startup_sam3x.o
DMAC_Handler                                      src/ASF/sam/utils/cmsis/sam3x/source/templates/exceptions.o
                                                  src/ASF/sam/utils/cmsis/sam3x/source/templates/gcc/startup_sam3x.o
DSM2_Data                                         src/DSM2_Funkstrecke.o
DebugMon_Handler                                  src/ASF/sam/utils/cmsis/sam3x/source/templates/exceptions.o
                                                  src/ASF/sam/utils/cmsis/sam3x/source/templates/gcc/startup_sam3x.o
Dummy_Handler                                     src/ASF/sam/utils/cmsis/sam3x/source/templates/exceptions.o
EFC0_Handler                                      src/ASF/sam/utils/cmsis/sam3x/source/templates/exceptions.o
                                                  src/ASF/sam/utils/cmsis/sam3x/source/templates/gcc/startup_sam3x.o
EFC1_Handler                                      src/ASF/sam/utils/cmsis/sam3x/source/templates/exceptions.o
                                                  src/ASF/sam/utils/cmsis/sam3x/source/templates/gcc/startup_sam3x.o
EMAC_Handler                                      src/ASF/sam/utils/cmsis/sam3x/source/templates/exceptions.o
                                                  src/ASF/sam/utils/cmsis/sam3x/source/templates/gcc/startup_sam3x.o
HSMCI_Handler                                     src/ASF/sam/utils/cmsis/sam3x/source/templates/exceptions.o
                                                  src/ASF/sam/utils/cmsis/sam3x/source/templates/gcc/startup_sam3x.o
HardFault_Handler                                 src/ASF/sam/utils/cmsis/sam3x/source/templates/exceptions.o
                                                  src/ASF/sam/utils/cmsis/sam3x/source/templates/gcc/startup_sam3x.o
MemManage_Handler                                 src/ASF/sam/utils/cmsis/sam3x/source/templates/exceptions.o
                                                  src/ASF/sam/utils/cmsis/sam3x/source/templates/gcc/startup_sam3x.o
NMI_Handler                                       src/ASF/sam/utils/cmsis/sam3x/source/templates/exceptions.o
                                                  src/ASF/sam/utils/cmsis/sam3x/source/templates/gcc/startup_sam3x.o
PIOA_Handler                                      src/ASF/sam/drivers/pio/pio_handler.o
                                                  src/ASF/sam/utils/cmsis/sam3x/source/templates/gcc/startup_sam3x.o
PIOB_Handler                                      src/ASF/sam/drivers/pio/pio_handler.o
                                                  src/ASF/sam/utils/cmsis/sam3x/source/templates/gcc/startup_sam3x.o
PIOC_Handler                                      src/ASF/sam/drivers/pio/pio_handler.o
                                                  src/ASF/sam/utils/cmsis/sam3x/source/templates/gcc/startup_sam3x.o
PIOD_Handler                                      src/ASF/sam/drivers/pio/pio_handler.o
                                                  src/ASF/sam/utils/cmsis/sam3x/source/templates/gcc/startup_sam3x.o
PMC_Handler                                       src/ASF/sam/utils/cmsis/sam3x/source/templates/exceptions.o
                                                  src/ASF/sam/utils/cmsis/sam3x/source/templates/gcc/startup_sam3x.o
PWM_Handler                                       src/ASF/sam/utils/cmsis/sam3x/source/templates/exceptions.o
                                                  src/ASF/sam/utils/cmsis/sam3x/source/templates/gcc/startup_sam3x.o
PendSV_Handler                                    src/ASF/sam/utils/cmsis/sam3x/source/templates/exceptions.o
                                                  src/ASF/sam/utils/cmsis/sam3x/source/templates/gcc/startup_sam3x.o
RSTC_Handler                                      src/ASF/sam/utils/cmsis/sam3x/source/templates/exceptions.o
                                                  src/ASF/sam/utils/cmsis/sam3x/source/templates/gcc/startup_sam3x.o
RTC_Handler                                       src/ASF/sam/utils/cmsis/sam3x/source/templates/exceptions.o
                                                  src/ASF/sam/utils/cmsis/sam3x/source/templates/gcc/startup_sam3x.o
RTT_Handler                                       src/ASF/sam/utils/cmsis/sam3x/source/templates/exceptions.o
                                                  src/ASF/sam/utils/cmsis/sam3x/source/templates/gcc/startup_sam3x.o
Reset_Handler                                     src/ASF/sam/utils/cmsis/sam3x/source/templates/gcc/startup_sam3x.o
SMC_Handler                                       src/ASF/sam/utils/cmsis/sam3x/source/templates/exceptions.o
                                                  src/ASF/sam/utils/cmsis/sam3x/source/templates/gcc/startup_sam3x.o
SPI0_Handler                                      src/ASF/sam/utils/cmsis/sam3x/source/templates/exceptions.o
                                                  src/ASF/sam/utils/cmsis/sam3x/source/templates/gcc/startup_sam3x.o
SSC_Handler                                       src/ASF/sam/utils/cmsis/sam3x/source/templates/exceptions.o
                                                  src/ASF/sam/utils/cmsis/sam3x/source/templates/gcc/startup_sam3x.o
SUPC_Handler                                      src/ASF/sam/utils/cmsis/sam3x/source/templates/exceptions.o
                                                  src/ASF/sam/utils/cmsis/sam3x/source/templates/gcc/startup_sam3x.o
SVC_Handler                                       src/ASF/sam/utils/cmsis/sam3x/source/templates/exceptions.o
                                                  src/ASF/sam/utils/cmsis/sam3x/source/templates/gcc/startup_sam3x.o
SysTick_Handler                                   src/ASF/sam/utils/cmsis/sam3x/source/templates/exceptions.o
                                                  src/ASF/sam/utils/cmsis/sam3x/source/templates/gcc/startup_sam3x.o
SystemCoreClock                                   src/ASF/sam/utils/cmsis/sam3x/source/templates/system_sam3x.o
SystemCoreClockUpdate                             src/ASF/sam/utils/cmsis/sam3x/source/templates/system_sam3x.o
                                                  src/ASF/common/services/clock/sam3x/sysclk.o
SystemInit                                        src/ASF/sam/utils/cmsis/sam3x/source/templates/system_sam3x.o
TC0_Handler                                       src/ASF/sam/utils/cmsis/sam3x/source/templates/exceptions.o
                                                  src/ASF/sam/utils/cmsis/sam3x/source/templates/gcc/startup_sam3x.o
TC1_Handler                                       src/ASF/sam/utils/cmsis/sam3x/source/templates/exceptions.o
                                                  src/ASF/sam/utils/cmsis/sam3x/source/templates/gcc/startup_sam3x.o
TC2_Handler                                       src/ASF/sam/utils/cmsis/sam3x/source/templates/exceptions.o
                                                  src/ASF/sam/utils/cmsis/sam3x/source/templates/gcc/startup_sam3x.o
TC3_Handler                                       src/DSM2_Funkstrecke.o
                                                  src/ASF/sam/utils/cmsis/sam3x/source/templates/exceptions.o
                                                  src/ASF/sam/utils/cmsis/sam3x/source/templates/gcc/startup_sam3x.o
TC4_Handler                                       src/ASF/sam/utils/cmsis/sam3x/source/templates/exceptions.o
                                                  src/ASF/sam/utils/cmsis/sam3x/source/templates/gcc/startup_sam3x.o
TC5_Handler                                       src/ASF/sam/utils/cmsis/sam3x/source/templates/exceptions.o
                                                  src/ASF/sam/utils/cmsis/sam3x/source/templates/gcc/startup_sam3x.o
TC6_Handler                                       src/ASF/sam/utils/cmsis/sam3x/source/templates/exceptions.o
                                                  src/ASF/sam/utils/cmsis/sam3x/source/templates/gcc/startup_sam3x.o
TC7_Handler                                       src/ASF/sam/utils/cmsis/sam3x/source/templates/exceptions.o
                                                  src/ASF/sam/utils/cmsis/sam3x/source/templates/gcc/startup_sam3x.o
TC8_Handler                                       src/ASF/sam/utils/cmsis/sam3x/source/templates/exceptions.o
                                                  src/ASF/sam/utils/cmsis/sam3x/source/templates/gcc/startup_sam3x.o
TRNG_Handler                                      src/ASF/sam/utils/cmsis/sam3x/source/templates/exceptions.o
                                                  src/ASF/sam/utils/cmsis/sam3x/source/templates/gcc/startup_sam3x.o
TWI0_Handler                                      src/ASF/sam/utils/cmsis/sam3x/source/templates/exceptions.o
                                                  src/ASF/sam/utils/cmsis/sam3x/source/templates/gcc/startup_sam3x.o
TWI1_Handler                                      src/ASF/sam/utils/cmsis/sam3x/source/templates/exceptions.o
                                                  src/ASF/sam/utils/cmsis/sam3x/source/templates/gcc/startup_sam3x.o
UART_Handler                                      src/ASF/sam/utils/cmsis/sam3x/source/templates/exceptions.o
                                                  src/ASF/sam/utils/cmsis/sam3x/source/templates/gcc/startup_sam3x.o
UOTGHS_Handler                                    src/ASF/sam/utils/cmsis/sam3x/source/templates/exceptions.o
                                                  src/ASF/sam/utils/cmsis/sam3x/source/templates/gcc/startup_sam3x.o
USART0_Handler                                    src/ASF/sam/utils/cmsis/sam3x/source/templates/exceptions.o
                                                  src/ASF/sam/utils/cmsis/sam3x/source/templates/gcc/startup_sam3x.o
USART1_Handler                                    src/ASF/sam/utils/cmsis/sam3x/source/templates/exceptions.o
                                                  src/ASF/sam/utils/cmsis/sam3x/source/templates/gcc/startup_sam3x.o
USART2_Handler                                    src/ASF/sam/utils/cmsis/sam3x/source/templates/exceptions.o
                                                  src/ASF/sam/utils/cmsis/sam3x/source/templates/gcc/startup_sam3x.o
USART3_Handler                                    src/ASF/sam/utils/cmsis/sam3x/source/templates/exceptions.o
                                                  src/ASF/sam/utils/cmsis/sam3x/source/templates/gcc/startup_sam3x.o
UsageFault_Handler                                src/ASF/sam/utils/cmsis/sam3x/source/templates/exceptions.o
                                                  src/ASF/sam/utils/cmsis/sam3x/source/templates/gcc/startup_sam3x.o
WDT_Handler                                       src/ASF/sam/utils/cmsis/sam3x/source/templates/exceptions.o
                                                  src/ASF/sam/utils/cmsis/sam3x/source/templates/gcc/startup_sam3x.o
_Jv_RegisterClasses                               c:/program files (x86)/atmel/studio/7.0/toolchain/arm/arm-gnu-toolchain/bin/../lib/gcc/arm-none-eabi/4.9.3/armv7-m/crtbegin.o
_PathLocale                                       c:/program files (x86)/atmel/studio/7.0/toolchain/arm/arm-gnu-toolchain/bin/../lib/gcc/arm-none-eabi/4.9.3/../../../../arm-none-eabi/lib/armv7-m\libc.a(lib_a-locale.o)
__aeabi_idiv0                                     c:/program files (x86)/atmel/studio/7.0/toolchain/arm/arm-gnu-toolchain/bin/../lib/gcc/arm-none-eabi/4.9.3/armv7-m\libgcc.a(_dvmd_tls.o)
__aeabi_ldiv0                                     c:/program files (x86)/atmel/studio/7.0/toolchain/arm/arm-gnu-toolchain/bin/../lib/gcc/arm-none-eabi/4.9.3/armv7-m\libgcc.a(_dvmd_tls.o)
                                                  c:/program files (x86)/atmel/studio/7.0/toolchain/arm/arm-gnu-toolchain/bin/../lib/gcc/arm-none-eabi/4.9.3/armv7-m\libgcc.a(_aeabi_uldivmod.o)
__aeabi_uldivmod                                  c:/program files (x86)/atmel/studio/7.0/toolchain/arm/arm-gnu-toolchain/bin/../lib/gcc/arm-none-eabi/4.9.3/armv7-m\libgcc.a(_aeabi_uldivmod.o)
                                                  c:/program files (x86)/atmel/studio/7.0/toolchain/arm/arm-gnu-toolchain/bin/../lib/gcc/arm-none-eabi/4.9.3/../../../../arm-none-eabi/lib/armv7-m\libc.a(lib_a-vfiprintf.o)
__ascii_wctomb                                    c:/program files (x86)/atmel/studio/7.0/toolchain/arm/arm-gnu-toolchain/bin/../lib/gcc/arm-none-eabi/4.9.3/../../../../arm-none-eabi/lib/armv7-m\libc.a(lib_a-wctomb_r.o)
__bss_end__                                       c:/program files (x86)/atmel/studio/7.0/toolchain/arm/arm-gnu-toolchain/bin/../lib/gcc/arm-none-eabi/4.9.3/../../../../arm-none-eabi/lib/armv7-m/crt0.o
__bss_start__                                     c:/program files (x86)/atmel/studio/7.0/toolchain/arm/arm-gnu-toolchain/bin/../lib/gcc/arm-none-eabi/4.9.3/../../../../arm-none-eabi/lib/armv7-m/crt0.o
__call_exitprocs                                  c:/program files (x86)/atmel/studio/7.0/toolchain/arm/arm-gnu-toolchain/bin/../lib/gcc/arm-none-eabi/4.9.3/../../../../arm-none-eabi/lib/armv7-m\libc.a(lib_a-__call_atexit.o)
                                                  c:/program files (x86)/atmel/studio/7.0/toolchain/arm/arm-gnu-toolchain/bin/../lib/gcc/arm-none-eabi/4.9.3/../../../../arm-none-eabi/lib/armv7-m\libc.a(lib_a-exit.o)
__deregister_frame_info                           c:/program files (x86)/atmel/studio/7.0/toolchain/arm/arm-gnu-toolchain/bin/../lib/gcc/arm-none-eabi/4.9.3/armv7-m/crtbegin.o
__divdi3                                          c:/program files (x86)/atmel/studio/7.0/toolchain/arm/arm-gnu-toolchain/bin/../lib/gcc/arm-none-eabi/4.9.3/armv7-m\libgcc.a(_divdi3.o)
                                                  c:/program files (x86)/atmel/studio/7.0/toolchain/arm/arm-gnu-toolchain/bin/../lib/gcc/arm-none-eabi/4.9.3/armv7-m\libgcc.a(bpabi.o)
__dso_handle                                      c:/program files (x86)/atmel/studio/7.0/toolchain/arm/arm-gnu-toolchain/bin/../lib/gcc/arm-none-eabi/4.9.3/armv7-m/crtbegin.o
__fini_array_end                                  c:/program files (x86)/atmel/studio/7.0/toolchain/arm/arm-gnu-toolchain/bin/../lib/gcc/arm-none-eabi/4.9.3/../../../../arm-none-eabi/lib/armv7-m\libc.a(lib_a-fini.o)
__fini_array_start                                c:/program files (x86)/atmel/studio/7.0/toolchain/arm/arm-gnu-toolchain/bin/../lib/gcc/arm-none-eabi/4.9.3/../../../../arm-none-eabi/lib/armv7-m\libc.a(lib_a-fini.o)
__fp_lock_all                                     c:/program files (x86)/atmel/studio/7.0/toolchain/arm/arm-gnu-toolchain/bin/../lib/gcc/arm-none-eabi/4.9.3/../../../../arm-none-eabi/lib/armv7-m\libc.a(lib_a-findfp.o)
__fp_unlock_all                                   c:/program files (x86)/atmel/studio/7.0/toolchain/arm/arm-gnu-toolchain/bin/../lib/gcc/arm-none-eabi/4.9.3/../../../../arm-none-eabi/lib/armv7-m\libc.a(lib_a-findfp.o)
__fputwc                                          c:/program files (x86)/atmel/studio/7.0/toolchain/arm/arm-gnu-toolchain/bin/../lib/gcc/arm-none-eabi/4.9.3/../../../../arm-none-eabi/lib/armv7-m\libc.a(lib_a-fputwc.o)
__gnu_ldivmod_helper                              c:/program files (x86)/atmel/studio/7.0/toolchain/arm/arm-gnu-toolchain/bin/../lib/gcc/arm-none-eabi/4.9.3/armv7-m\libgcc.a(bpabi.o)
__gnu_uldivmod_helper                             c:/program files (x86)/atmel/studio/7.0/toolchain/arm/arm-gnu-toolchain/bin/../lib/gcc/arm-none-eabi/4.9.3/armv7-m\libgcc.a(bpabi.o)
                                                  c:/program files (x86)/atmel/studio/7.0/toolchain/arm/arm-gnu-toolchain/bin/../lib/gcc/arm-none-eabi/4.9.3/armv7-m\libgcc.a(_aeabi_uldivmod.o)
__init_array_end                                  c:/program files (x86)/atmel/studio/7.0/toolchain/arm/arm-gnu-toolchain/bin/../lib/gcc/arm-none-eabi/4.9.3/../../../../arm-none-eabi/lib/armv7-m\libc.a(lib_a-init.o)
__init_array_start                                c:/program files (x86)/atmel/studio/7.0/toolchain/arm/arm-gnu-toolchain/bin/../lib/gcc/arm-none-eabi/4.9.3/../../../../arm-none-eabi/lib/armv7-m\libc.a(lib_a-init.o)
__libc_fini                                       c:/program files (x86)/atmel/studio/7.0/toolchain/arm/arm-gnu-toolchain/bin/../lib/gcc/arm-none-eabi/4.9.3/../../../../arm-none-eabi/lib/armv7-m\libc.a(lib_a-__call_atexit.o)
__libc_fini_array                                 c:/program files (x86)/atmel/studio/7.0/toolchain/arm/arm-gnu-toolchain/bin/../lib/gcc/arm-none-eabi/4.9.3/../../../../arm-none-eabi/lib/armv7-m\libc.a(lib_a-fini.o)
                                                  c:/program files (x86)/atmel/studio/7.0/toolchain/arm/arm-gnu-toolchain/bin/../lib/gcc/arm-none-eabi/4.9.3/../../../../arm-none-eabi/lib/armv7-m\libc.a(lib_a-__call_atexit.o)
                                                  c:/program files (x86)/atmel/studio/7.0/toolchain/arm/arm-gnu-toolchain/bin/../lib/gcc/arm-none-eabi/4.9.3/../../../../arm-none-eabi/lib/armv7-m/crt0.o
__libc_init_array                                 c:/program files (x86)/atmel/studio/7.0/toolchain/arm/arm-gnu-toolchain/bin/../lib/gcc/arm-none-eabi/4.9.3/../../../../arm-none-eabi/lib/armv7-m\libc.a(lib_a-init.o)
                                                  src/ASF/sam/utils/cmsis/sam3x/source/templates/gcc/startup_sam3x.o
                                                  c:/program files (x86)/atmel/studio/7.0/toolchain/arm/arm-gnu-toolchain/bin/../lib/gcc/arm-none-eabi/4.9.3/../../../../arm-none-eabi/lib/armv7-m/crt0.o
__locale_charset                                  c:/program files (x86)/atmel/studio/7.0/toolchain/arm/arm-gnu-toolchain/bin/../lib/gcc/arm-none-eabi/4.9.3/../../../../arm-none-eabi/lib/armv7-m\libc.a(lib_a-locale.o)
                                                  c:/program files (x86)/atmel/studio/7.0/toolchain/arm/arm-gnu-toolchain/bin/../lib/gcc/arm-none-eabi/4.9.3/../../../../arm-none-eabi/lib/armv7-m\libc.a(lib_a-wctomb_r.o)
                                                  c:/program files (x86)/atmel/studio/7.0/toolchain/arm/arm-gnu-toolchain/bin/../lib/gcc/arm-none-eabi/4.9.3/../../../../arm-none-eabi/lib/armv7-m\libc.a(lib_a-wcrtomb.o)
__locale_cjk_lang                                 c:/program files (x86)/atmel/studio/7.0/toolchain/arm/arm-gnu-toolchain/bin/../lib/gcc/arm-none-eabi/4.9.3/../../../../arm-none-eabi/lib/armv7-m\libc.a(lib_a-locale.o)
__locale_mb_cur_max                               c:/program files (x86)/atmel/studio/7.0/toolchain/arm/arm-gnu-toolchain/bin/../lib/gcc/arm-none-eabi/4.9.3/../../../../arm-none-eabi/lib/armv7-m\libc.a(lib_a-locale.o)
                                                  c:/program files (x86)/atmel/studio/7.0/toolchain/arm/arm-gnu-toolchain/bin/../lib/gcc/arm-none-eabi/4.9.3/../../../../arm-none-eabi/lib/armv7-m\libc.a(lib_a-fputwc.o)
__locale_msgcharset                               c:/program files (x86)/atmel/studio/7.0/toolchain/arm/arm-gnu-toolchain/bin/../lib/gcc/arm-none-eabi/4.9.3/../../../../arm-none-eabi/lib/armv7-m\libc.a(lib_a-locale.o)
__malloc_av_                                      c:/program files (x86)/atmel/studio/7.0/toolchain/arm/arm-gnu-toolchain/bin/../lib/gcc/arm-none-eabi/4.9.3/../../../../arm-none-eabi/lib/armv7-m\libc.a(lib_a-mallocr.o)
                                                  c:/program files (x86)/atmel/studio/7.0/toolchain/arm/arm-gnu-toolchain/bin/../lib/gcc/arm-none-eabi/4.9.3/../../../../arm-none-eabi/lib/armv7-m\libc.a(lib_a-reallocr.o)
                                                  c:/program files (x86)/atmel/studio/7.0/toolchain/arm/arm-gnu-toolchain/bin/../lib/gcc/arm-none-eabi/4.9.3/../../../../arm-none-eabi/lib/armv7-m\libc.a(lib_a-freer.o)
__malloc_current_mallinfo                         c:/program files (x86)/atmel/studio/7.0/toolchain/arm/arm-gnu-toolchain/bin/../lib/gcc/arm-none-eabi/4.9.3/../../../../arm-none-eabi/lib/armv7-m\libc.a(lib_a-mallocr.o)
                                                  c:/program files (x86)/atmel/studio/7.0/toolchain/arm/arm-gnu-toolchain/bin/../lib/gcc/arm-none-eabi/4.9.3/../../../../arm-none-eabi/lib/armv7-m\libc.a(lib_a-freer.o)
__malloc_lock                                     c:/program files (x86)/atmel/studio/7.0/toolchain/arm/arm-gnu-toolchain/bin/../lib/gcc/arm-none-eabi/4.9.3/../../../../arm-none-eabi/lib/armv7-m\libc.a(lib_a-mlock.o)
                                                  c:/program files (x86)/atmel/studio/7.0/toolchain/arm/arm-gnu-toolchain/bin/../lib/gcc/arm-none-eabi/4.9.3/../../../../arm-none-eabi/lib/armv7-m\libc.a(lib_a-reallocr.o)
                                                  c:/program files (x86)/atmel/studio/7.0/toolchain/arm/arm-gnu-toolchain/bin/../lib/gcc/arm-none-eabi/4.9.3/../../../../arm-none-eabi/lib/armv7-m\libc.a(lib_a-mallocr.o)
                                                  c:/program files (x86)/atmel/studio/7.0/toolchain/arm/arm-gnu-toolchain/bin/../lib/gcc/arm-none-eabi/4.9.3/../../../../arm-none-eabi/lib/armv7-m\libc.a(lib_a-freer.o)
__malloc_max_sbrked_mem                           c:/program files (x86)/atmel/studio/7.0/toolchain/arm/arm-gnu-toolchain/bin/../lib/gcc/arm-none-eabi/4.9.3/../../../../arm-none-eabi/lib/armv7-m\libc.a(lib_a-mallocr.o)
__malloc_max_total_mem                            c:/program files (x86)/atmel/studio/7.0/toolchain/arm/arm-gnu-toolchain/bin/../lib/gcc/arm-none-eabi/4.9.3/../../../../arm-none-eabi/lib/armv7-m\libc.a(lib_a-mallocr.o)
__malloc_sbrk_base                                c:/program files (x86)/atmel/studio/7.0/toolchain/arm/arm-gnu-toolchain/bin/../lib/gcc/arm-none-eabi/4.9.3/../../../../arm-none-eabi/lib/armv7-m\libc.a(lib_a-mallocr.o)
                                                  c:/program files (x86)/atmel/studio/7.0/toolchain/arm/arm-gnu-toolchain/bin/../lib/gcc/arm-none-eabi/4.9.3/../../../../arm-none-eabi/lib/armv7-m\libc.a(lib_a-freer.o)
__malloc_top_pad                                  c:/program files (x86)/atmel/studio/7.0/toolchain/arm/arm-gnu-toolchain/bin/../lib/gcc/arm-none-eabi/4.9.3/../../../../arm-none-eabi/lib/armv7-m\libc.a(lib_a-mallocr.o)
                                                  c:/program files (x86)/atmel/studio/7.0/toolchain/arm/arm-gnu-toolchain/bin/../lib/gcc/arm-none-eabi/4.9.3/../../../../arm-none-eabi/lib/armv7-m\libc.a(lib_a-freer.o)
__malloc_trim_threshold                           c:/program files (x86)/atmel/studio/7.0/toolchain/arm/arm-gnu-toolchain/bin/../lib/gcc/arm-none-eabi/4.9.3/../../../../arm-none-eabi/lib/armv7-m\libc.a(lib_a-mallocr.o)
                                                  c:/program files (x86)/atmel/studio/7.0/toolchain/arm/arm-gnu-toolchain/bin/../lib/gcc/arm-none-eabi/4.9.3/../../../../arm-none-eabi/lib/armv7-m\libc.a(lib_a-freer.o)
__malloc_unlock                                   c:/program files (x86)/atmel/studio/7.0/toolchain/arm/arm-gnu-toolchain/bin/../lib/gcc/arm-none-eabi/4.9.3/../../../../arm-none-eabi/lib/armv7-m\libc.a(lib_a-mlock.o)