Archive member included because of file (symbol)

c:/program files (x86)/atmel/studio/7.0/toolchain/arm/arm-gnu-toolchain/bin/../lib/gcc/arm-none-eabi/4.9.3/../../../../arm-none-eabi/lib/armv7-m\libc.a(lib_a-exit.o)
                              c:/program files (x86)/atmel/studio/7.0/toolchain/arm/arm-gnu-toolchain/bin/../lib/gcc/arm-none-eabi/4.9.3/../../../../arm-none-eabi/lib/armv7-m/crt0.o (exit)
c:/program files (x86)/atmel/studio/7.0/toolchain/arm/arm-gnu-toolchain/bin/../lib/gcc/arm-none-eabi/4.9.3/../../../../arm-none-eabi/lib/armv7-m\libc.a(lib_a-impure.o)
                              c:/program files (x86)/atmel/studio/7.0/toolchain/arm/arm-gnu-toolchain/bin/../lib/gcc/arm-none-eabi/4.9.3/../../../../arm-none-eabi/lib/armv7-m\libc.a(lib_a-exit.o) (_global_impure_ptr)
c:/program files (x86)/atmel/studio/7.0/toolchain/arm/arm-gnu-toolchain/bin/../lib/gcc/arm-none-eabi/4.9.3/../../../../arm-none-eabi/lib/armv7-m\libc.a(lib_a-init.o)
                              c:/program files (x86)/atmel/studio/7.0/toolchain/arm/arm-gnu-toolchain/bin/../lib/gcc/arm-none-eabi/4.9.3/../../../../arm-none-eabi/lib/armv7-m/crt0.o (__libc_init_array)
c:/program files (x86)/atmel/studio/7.0/toolchain/arm/arm-gnu-toolchain/bin/../lib/gcc/arm-none-eabi/4.9.3/../../../../arm-none-eabi/lib/armv7-m\libc.a(lib_a-iprintf.o)
                              src/ASF/sam/utils/syscalls/gcc/syscalls.o (iprintf)
c:/program files (x86)/atmel/studio/7.0/toolchain/arm/arm-gnu-toolchain/bin/../lib/gcc/arm-none-eabi/4.9.3/../../../../arm-none-eabi/lib/armv7-m\libc.a(lib_a-memset.o)
                              c:/program files (x86)/atmel/studio/7.0/toolchain/arm/arm-gnu-toolchain/bin/../lib/gcc/arm-none-eabi/4.9.3/../../../../arm-none-eabi/lib/armv7-m/crt0.o (memset)
c:/program files (x86)/atmel/studio/7.0/toolchain/arm/arm-gnu-toolchain/bin/../lib/gcc/arm-none-eabi/4.9.3/../../../../arm-none-eabi/lib/armv7-m\libc.a(lib_a-setbuf.o)
                              src/usart_serial_example_pdc.o (setbuf)
c:/program files (x86)/atmel/studio/7.0/toolchain/arm/arm-gnu-toolchain/bin/../lib/gcc/arm-none-eabi/4.9.3/../../../../arm-none-eabi/lib/armv7-m\libc.a(lib_a-setvbuf.o)
                              c:/program files (x86)/atmel/studio/7.0/toolchain/arm/arm-gnu-toolchain/bin/../lib/gcc/arm-none-eabi/4.9.3/../../../../arm-none-eabi/lib/armv7-m\libc.a(lib_a-setbuf.o) (setvbuf)
c:/program files (x86)/atmel/studio/7.0/toolchain/arm/arm-gnu-toolchain/bin/../lib/gcc/arm-none-eabi/4.9.3/../../../../arm-none-eabi/lib/armv7-m\libc.a(lib_a-vfiprintf.o)
                              c:/program files (x86)/atmel/studio/7.0/toolchain/arm/arm-gnu-toolchain/bin/../lib/gcc/arm-none-eabi/4.9.3/../../../../arm-none-eabi/lib/armv7-m\libc.a(lib_a-iprintf.o) (_vfiprintf_r)
c:/program files (x86)/atmel/studio/7.0/toolchain/arm/arm-gnu-toolchain/bin/../lib/gcc/arm-none-eabi/4.9.3/../../../../arm-none-eabi/lib/armv7-m\libc.a(lib_a-wsetup.o)
                              c:/program files (x86)/atmel/studio/7.0/toolchain/arm/arm-gnu-toolchain/bin/../lib/gcc/arm-none-eabi/4.9.3/../../../../arm-none-eabi/lib/armv7-m\libc.a(lib_a-vfiprintf.o) (__swsetup_r)
c:/program files (x86)/atmel/studio/7.0/toolchain/arm/arm-gnu-toolchain/bin/../lib/gcc/arm-none-eabi/4.9.3/../../../../arm-none-eabi/lib/armv7-m\libc.a(lib_a-__call_atexit.o)
                              c:/program files (x86)/atmel/studio/7.0/toolchain/arm/arm-gnu-toolchain/bin/../lib/gcc/arm-none-eabi/4.9.3/../../../../arm-none-eabi/lib/armv7-m\libc.a(lib_a-exit.o) (__call_exitprocs)
c:/program files (x86)/atmel/studio/7.0/toolchain/arm/arm-gnu-toolchain/bin/../lib/gcc/arm-none-eabi/4.9.3/../../../../arm-none-eabi/lib/armv7-m\libc.a(lib_a-atexit.o)
                              c:/program files (x86)/atmel/studio/7.0/toolchain/arm/arm-gnu-toolchain/bin/../lib/gcc/arm-none-eabi/4.9.3/../../../../arm-none-eabi/lib/armv7-m\libc.a(lib_a-__call_atexit.o) (atexit)
c:/program files (x86)/atmel/studio/7.0/toolchain/arm/arm-gnu-toolchain/bin/../lib/gcc/arm-none-eabi/4.9.3/../../../../arm-none-eabi/lib/armv7-m\libc.a(lib_a-fflush.o)
                              c:/program files (x86)/atmel/studio/7.0/toolchain/arm/arm-gnu-toolchain/bin/../lib/gcc/arm-none-eabi/4.9.3/../../../../arm-none-eabi/lib/armv7-m\libc.a(lib_a-setvbuf.o) (_fflush_r)
c:/program files (x86)/atmel/studio/7.0/toolchain/arm/arm-gnu-toolchain/bin/../lib/gcc/arm-none-eabi/4.9.3/../../../../arm-none-eabi/lib/armv7-m\libc.a(lib_a-findfp.o)
                              c:/program files (x86)/atmel/studio/7.0/toolchain/arm/arm-gnu-toolchain/bin/../lib/gcc/arm-none-eabi/4.9.3/../../../../arm-none-eabi/lib/armv7-m\libc.a(lib_a-setvbuf.o) (_cleanup_r)
c:/program files (x86)/atmel/studio/7.0/toolchain/arm/arm-gnu-toolchain/bin/../lib/gcc/arm-none-eabi/4.9.3/../../../../arm-none-eabi/lib/armv7-m\libc.a(lib_a-fini.o)
[...]
Memory Configuration

Name             Origin             Length             Attributes
rom              0x00080000         0x00080000         xr
sram0            0x20000000         0x00010000         xrw
sram1            0x20080000         0x00008000         xrw
ram              0x20070000         0x00018000         xrw
*default*        0x00000000         0xffffffff

Linker script and memory map

LOAD c:/program files (x86)/atmel/studio/7.0/toolchain/arm/arm-gnu-toolchain/bin/../lib/gcc/arm-none-eabi/4.9.3/armv7-m/crti.o
LOAD c:/program files (x86)/atmel/studio/7.0/toolchain/arm/arm-gnu-toolchain/bin/../lib/gcc/arm-none-eabi/4.9.3/armv7-m/crtbegin.o
LOAD c:/program files (x86)/atmel/studio/7.0/toolchain/arm/arm-gnu-toolchain/bin/../lib/gcc/arm-none-eabi/4.9.3/../../../../arm-none-eabi/lib/armv7-m/crt0.o
LOAD src/ASF/common/services/clock/sam3x/sysclk.o
LOAD src/ASF/common/services/serial/usart_serial.o
LOAD src/ASF/common/utils/interrupt/interrupt_sam_nvic.o
LOAD src/ASF/common/utils/stdio/read.o
LOAD src/ASF/common/utils/stdio/write.o
LOAD src/ASF/sam/boards/arduino_due_x/init.o
LOAD src/ASF/sam/drivers/pdc/pdc.o
LOAD src/ASF/sam/drivers/pio/pio.o
LOAD src/ASF/sam/drivers/pio/pio_handler.o
LOAD src/ASF/sam/drivers/pmc/pmc.o
LOAD src/ASF/sam/drivers/pmc/sleep.o
LOAD src/ASF/sam/drivers/tc/tc.o
LOAD src/ASF/sam/drivers/uart/uart.o
LOAD src/ASF/sam/drivers/usart/usart.o
LOAD src/ASF/sam/utils/cmsis/sam3x/source/templates/exceptions.o
LOAD src/ASF/sam/utils/cmsis/sam3x/source/templates/gcc/startup_sam3x.o
LOAD src/ASF/sam/utils/cmsis/sam3x/source/templates/system_sam3x.o
LOAD src/ASF/sam/utils/syscalls/gcc/syscalls.o
LOAD src/usart_serial_example_pdc.o
START GROUP
LOAD ../src/ASF/thirdparty/CMSIS/Lib/GCC\libarm_cortexM3l_math.a
LOAD c:/program files (x86)/atmel/studio/7.0/toolchain/arm/arm-gnu-toolchain/bin/../lib/gcc/arm-none-eabi/4.9.3/../../../../arm-none-eabi/lib/armv7-m\libm.a
END GROUP
START GROUP
LOAD c:/program files (x86)/atmel/studio/7.0/toolchain/arm/arm-gnu-toolchain/bin/../lib/gcc/arm-none-eabi/4.9.3/armv7-m\libgcc.a
LOAD c:/program files (x86)/atmel/studio/7.0/toolchain/arm/arm-gnu-toolchain/bin/../lib/gcc/arm-none-eabi/4.9.3/../../../../arm-none-eabi/lib/armv7-m\libc.a
END GROUP
LOAD c:/program files (x86)/atmel/studio/7.0/toolchain/arm/arm-gnu-toolchain/bin/../lib/gcc/arm-none-eabi/4.9.3/armv7-m/crtend.o
LOAD c:/program files (x86)/atmel/studio/7.0/toolchain/arm/arm-gnu-toolchain/bin/../lib/gcc/arm-none-eabi/4.9.3/armv7-m/crtn.o
                0x00002000                __stack_size__ = DEFINED (__stack_size__)?__stack_size__:0x2000
                0x20087ffc                __ram_end__ = ((ORIGIN (ram) + 0x18000) - 0x4)

.text           0x00080000     0x1d2c
                0x00080000                . = ALIGN (0x4)
                0x00080000                _sfixed = .
 *(.vectors .vectors.*)
 .vectors       0x00080000       0xf4 src/ASF/sam/utils/cmsis/sam3x/source/templates/gcc/startup_sam3x.o
                0x00080000                exception_table
 *(.text .text.* .gnu.linkonce.t.*)
 .text          0x000800f4       0x5c c:/program files (x86)/atmel/studio/7.0/toolchain/arm/arm-gnu-toolchain/bin/../lib/gcc/arm-none-eabi/4.9.3/armv7-m/crtbegin.o
 .text.sysclk_init
                0x00080150       0x64 src/ASF/common/services/clock/sam3x/sysclk.o
                0x00080150                sysclk_init
 .text._read    0x000801b4       0x3c src/ASF/common/utils/stdio/read.o
                0x000801b4                _read
 .text._write   0x000801f0       0x50 src/ASF/common/utils/stdio/write.o
                0x000801f0                _write
 .text.board_init
                0x00080240       0x80 src/ASF/sam/boards/arduino_due_x/init.o
                0x00080240                board_init
 .text.pio_set_peripheral
                0x000802c0       0x40 src/ASF/sam/drivers/pio/pio.o
                0x000802c0                pio_set_peripheral
 .text.pio_set_input
                0x00080300       0x34 src/ASF/sam/drivers/pio/pio.o
                0x00080300                pio_set_input
 .text.pio_set_output
                0x00080334       0x28 src/ASF/sam/drivers/pio/pio.o
                0x00080334                pio_set_output
 .text.pio_get_interrupt_status
                0x0008035c        0x4 src/ASF/sam/drivers/pio/pio.o
                0x0008035c                pio_get_interrupt_status
 .text.pio_get_interrupt_mask
                0x00080360        0x4 src/ASF/sam/drivers/pio/pio.o
                0x00080360                pio_get_interrupt_mask
 .text.pio_configure_pin
                0x00080364       0xd4 src/ASF/sam/drivers/pio/pio.o
                0x00080364                pio_configure_pin
 .text.pio_configure_pin_group
                0x00080438       0xa0 src/ASF/sam/drivers/pio/pio.o
                0x00080438                pio_configure_pin_group
 .text.pio_handler_process
                0x000804d8       0x50 src/ASF/sam/drivers/pio/pio_handler.o
                0x000804d8                pio_handler_process
 .text.PIOA_Handler
                0x00080528       0x14 src/ASF/sam/drivers/pio/pio_handler.o
                0x00080528                PIOA_Handler
 .text.PIOB_Handler
                0x0008053c       0x14 src/ASF/sam/drivers/pio/pio_handler.o
                0x0008053c                PIOB_Handler
 .text.PIOC_Handler
                0x00080550       0x14 src/ASF/sam/drivers/pio/pio_handler.o
                0x00080550                PIOC_Handler
 .text.PIOD_Handler
                0x00080564       0x14 src/ASF/sam/drivers/pio/pio_handler.o
                0x00080564                PIOD_Handler
 .text.pmc_switch_mck_to_pllack
                0x00080578       0x68 src/ASF/sam/drivers/pmc/pmc.o
                0x00080578                pmc_switch_mck_to_pllack
 .text.pmc_switch_mainck_to_xtal
                0x000805e0       0x54 src/ASF/sam/drivers/pmc/pmc.o
                0x000805e0                pmc_switch_mainck_to_xtal
 .text.pmc_osc_is_ready_mainck
                0x00080634       0x10 src/ASF/sam/drivers/pmc/pmc.o
                0x00080634                pmc_osc_is_ready_mainck
 .text.pmc_disable_pllack
                0x00080644       0x10 src/ASF/sam/drivers/pmc/pmc.o
                0x00080644                pmc_disable_pllack
 .text.pmc_is_locked_pllack
                0x00080654       0x10 src/ASF/sam/drivers/pmc/pmc.o
                0x00080654                pmc_is_locked_pllack
 .text.pmc_enable_periph_clk
                0x00080664       0x54 src/ASF/sam/drivers/pmc/pmc.o
                0x00080664                pmc_enable_periph_clk
 .text.tc_init  0x000806b8       0x1c src/ASF/sam/drivers/tc/tc.o
                0x000806b8                tc_init
 .text.tc_start
                0x000806d4        0x8 src/ASF/sam/drivers/tc/tc.o
                0x000806d4                tc_start
 .text.tc_write_rc
                0x000806dc        0x8 src/ASF/sam/drivers/tc/tc.o
                0x000806dc                tc_write_rc
 .text.tc_enable_interrupt
                0x000806e4        0x8 src/ASF/sam/drivers/tc/tc.o
                0x000806e4                tc_enable_interrupt
 .text.tc_get_status
                0x000806ec        0x8 src/ASF/sam/drivers/tc/tc.o
                0x000806ec                tc_get_status
 .text.tc_find_mck_divisor
                0x000806f4       0x74 src/ASF/sam/drivers/tc/tc.o
                0x000806f4                tc_find_mck_divisor
 .text.uart_init
                0x00080768       0x38 src/ASF/sam/drivers/uart/uart.o
                0x00080768                uart_init
 .text.uart_write
                0x000807a0       0x10 src/ASF/sam/drivers/uart/uart.o
                0x000807a0                uart_write
 .text.uart_read
                0x000807b0       0x14 src/ASF/sam/drivers/uart/uart.o
                0x000807b0                uart_read
 .text.usart_set_async_baudrate
                0x000807c4       0x64 src/ASF/sam/drivers/usart/usart.o
                0x000807c4                usart_set_async_baudrate
 .text.usart_reset
                0x00080828       0x28 src/ASF/sam/drivers/usart/usart.o
                0x00080828                usart_reset
 .text.usart_init_rs232
                0x00080850       0x54 src/ASF/sam/drivers/usart/usart.o
                0x00080850                usart_init_rs232
 .text.usart_enable_tx
                0x000808a4        0x8 src/ASF/sam/drivers/usart/usart.o
                0x000808a4                usart_enable_tx
 .text.usart_disable_interrupt
                0x000808ac        0x4 src/ASF/sam/drivers/usart/usart.o
                0x000808ac                usart_disable_interrupt
 .text.usart_write
                0x000808b0       0x14 src/ASF/sam/drivers/usart/usart.o
                0x000808b0                usart_write
 .text.usart_putchar
                0x000808c4       0x14 src/ASF/sam/drivers/usart/usart.o
                0x000808c4                usart_putchar
 .text.usart_read
                0x000808d8       0x18 src/ASF/sam/drivers/usart/usart.o
                0x000808d8                usart_read
 .text.Dummy_Handler
                0x000808f0        0x4 src/ASF/sam/utils/cmsis/sam3x/source/templates/exceptions.o
                0x000808f0                DACC_Handler
                0x000808f0                DebugMon_Handler
                0x000808f0                DMAC_Handler
                0x000808f0                TRNG_Handler
                0x000808f0                HardFault_Handler
                0x000808f0                TC2_Handler
                0x000808f0                SysTick_Handler
                0x000808f0                USART3_Handler
                0x000808f0                TWI1_Handler
                0x000808f0                PendSV_Handler
                0x000808f0                NMI_Handler
                0x000808f0                TC7_Handler
                0x000808f0                ADC_Handler
                0x000808f0                SMC_Handler
                0x000808f0                USART0_Handler
                0x000808f0                RTT_Handler
                0x000808f0                EFC1_Handler
                0x000808f0                RTC_Handler
                0x000808f0                UsageFault_Handler
                0x000808f0                TC6_Handler
                0x000808f0                WDT_Handler
                0x000808f0                CAN0_Handler
                0x000808f0                TC4_Handler
                0x000808f0                TC1_Handler
                0x000808f0                HSMCI_Handler
                0x000808f0                Dummy_Handler
                0x000808f0                TWI0_Handler
                0x000808f0                USART1_Handler
                0x000808f0                SSC_Handler
                0x000808f0                EFC0_Handler
                0x000808f0                PMC_Handler
                0x000808f0                PWM_Handler
                0x000808f0                CAN1_Handler
                0x000808f0                MemManage_Handler
                0x000808f0                SUPC_Handler
                0x000808f0                SVC_Handler
                0x000808f0                TC8_Handler
                0x000808f0                USART2_Handler
                0x000808f0                EMAC_Handler
                0x000808f0                UART_Handler
                0x000808f0                BusFault_Handler
                0x000808f0                RSTC_Handler
                0x000808f0                TC0_Handler
                0x000808f0                TC5_Handler
                0x000808f0                UOTGHS_Handler
                0x000808f0                SPI0_Handler
 .text.Reset_Handler
                0x000808f4       0xb0 src/ASF/sam/utils/cmsis/sam3x/source/templates/gcc/startup_sam3x.o
                0x000808f4                Reset_Handler
 .text.SystemCoreClockUpdate
                0x000809a4      0x11c src/ASF/sam/utils/cmsis/sam3x/source/templates/system_sam3x.o
                0x000809a4                SystemCoreClockUpdate
 .text._sbrk    0x00080ac0       0x34 src/ASF/sam/utils/syscalls/gcc/syscalls.o
                0x00080ac0                _sbrk
 .text._close   0x00080af4        0x8 src/ASF/sam/utils/syscalls/gcc/syscalls.o
                0x00080af4                _close
 .text._lseek   0x00080afc        0x4 src/ASF/sam/utils/syscalls/gcc/syscalls.o
                0x00080afc                _lseek
 .text.usart_serial_getchar
                0x00080b00       0xa8 src/usart_serial_example_pdc.o
 .text.usart_serial_putchar
                0x00080ba8       0x9c src/usart_serial_example_pdc.o
 .text.TC3_Handler
                0x00080c44       0x68 src/usart_serial_example_pdc.o
                0x00080c44                TC3_Handler
 .text.main     0x00080cac      0x14c src/usart_serial_example_pdc.o
                0x00080cac                main
 .text.__libc_init_array
                0x00080df8       0x50 c:/program files (x86)/atmel/studio/7.0/toolchain/arm/arm-gnu-toolchain/bin/../lib/gcc/arm-none-eabi/4.9.3/../../../../arm-none-eabi/lib/armv7-m\libc.a(lib_a-init.o)
                0x00080df8                __libc_init_array
 .text.memset   0x00080e48       0x9c c:/program files (x86)/atmel/studio/7.0/toolchain/arm/arm-gnu-toolchain/bin/../lib/gcc/arm-none-eabi/4.9.3/../../../../arm-none-eabi/lib/armv7-m\libc.a(lib_a-memset.o)
                0x00080e48                memset
 .text.setbuf   0x00080ee4       0x10 c:/program files (x86)/atmel/studio/7.0/toolchain/arm/arm-gnu-toolchain/bin/../lib/gcc/arm-none-eabi/4.9.3/../../../../arm-none-eabi/lib/armv7-m\libc.a(lib_a-setbuf.o)
                0x00080ee4                setbuf
 .text.setvbuf  0x00080ef4       0xf8 c:/program files (x86)/atmel/studio/7.0/toolchain/arm/arm-gnu-toolchain/bin/../lib/gcc/arm-none-eabi/4.9.3/../../../../arm-none-eabi/lib/armv7-m\libc.a(lib_a-setvbuf.o)
                0x00080ef4                setvbuf
 .text.startup.register_fini
                0x00080fec       0x14 c:/program files (x86)/atmel/studio/7.0/toolchain/arm/arm-gnu-toolchain/bin/../lib/gcc/arm-none-eabi/4.9.3/../../../../arm-none-eabi/lib/armv7-m\libc.a(lib_a-__call_atexit.o)
 .text.atexit   0x00081000        0xc c:/program files (x86)/atmel/studio/7.0/toolchain/arm/arm-gnu-toolchain/bin/../lib/gcc/arm-none-eabi/4.9.3/../../../../arm-none-eabi/lib/armv7-m\libc.a(lib_a-atexit.o)
                0x00081000                atexit
 .text.__sflush_r
                0x0008100c      0x148 c:/program files (x86)/atmel/studio/7.0/toolchain/arm/arm-gnu-toolchain/bin/../lib/gcc/arm-none-eabi/4.9.3/../../../../arm-none-eabi/lib/armv7-m\libc.a(lib_a-fflush.o)
                0x0008100c                __sflush_r
 .text._fflush_r
                0x00081154       0x2c c:/program files (x86)/atmel/studio/7.0/toolchain/arm/arm-gnu-toolchain/bin/../lib/gcc/arm-none-eabi/4.9.3/../../../../arm-none-eabi/lib/armv7-m\libc.a(lib_a-fflush.o)
                0x00081154                _fflush_r
 .text._cleanup_r
                0x00081180        0xc c:/program files (x86)/atmel/studio/7.0/toolchain/arm/arm-gnu-toolchain/bin/../lib/gcc/arm-none-eabi/4.9.3/../../../../arm-none-eabi/lib/armv7-m\libc.a(lib_a-findfp.o)
                0x00081180                _cleanup_r
 .text.__sinit.part.1
                0x0008118c       0xf0 c:/program files (x86)/atmel/studio/7.0/toolchain/arm/arm-gnu-toolchain/bin/../lib/gcc/arm-none-eabi/4.9.3/../../../../arm-none-eabi/lib/armv7-m\libc.a(lib_a-findfp.o)
 .text.__sinit  0x0008127c        0xc c:/program files (x86)/atmel/studio/7.0/toolchain/arm/arm-gnu-toolchain/bin/../lib/gcc/arm-none-eabi/4.9.3/../../../../arm-none-eabi/lib/armv7-m\libc.a(lib_a-findfp.o)
                0x0008127c                __sinit
 .text.__sfp_lock_acquire
                0x00081288        0x4 c:/program files (x86)/atmel/studio/7.0/toolchain/arm/arm-gnu-toolchain/bin/../lib/gcc/arm-none-eabi/4.9.3/../../../../arm-none-eabi/lib/armv7-m\libc.a(lib_a-findfp.o)
                0x00081288                __sfp_lock_acquire
 .text.__sfp_lock_release
                0x0008128c        0x4 c:/program files (x86)/atmel/studio/7.0/toolchain/arm/arm-gnu-toolchain/bin/../lib/gcc/arm-none-eabi/4.9.3/../../../../arm-none-eabi/lib/armv7-m\libc.a(lib_a-findfp.o)
                0x0008128c                __sfp_lock_release
 .text.__libc_fini_array
                0x00081290       0x2c c:/program files (x86)/atmel/studio/7.0/toolchain/arm/arm-gnu-toolchain/bin/../lib/gcc/arm-none-eabi/4.9.3/../../../../arm-none-eabi/lib/armv7-m\libc.a(lib_a-fini.o)
                0x00081290                __libc_fini_array
 .text._malloc_trim_r
                0x000812bc       0x9c c:/program files (x86)/atmel/studio/7.0/toolchain/arm/arm-gnu-toolchain/bin/../lib/gcc/arm-none-eabi/4.9.3/../../../../arm-none-eabi/lib/armv7-m\libc.a(lib_a-freer.o)
                0x000812bc                _malloc_trim_r
 .text._free_r  0x00081358      0x1b0 c:/program files (x86)/atmel/studio/7.0/toolchain/arm/arm-gnu-toolchain/bin/../lib/gcc/arm-none-eabi/4.9.3/../../../../arm-none-eabi/lib/armv7-m\libc.a(lib_a-freer.o)
                0x00081358                _free_r
 .text._fwalk_reent
                0x00081508       0x50 c:/program files (x86)/atmel/studio/7.0/toolchain/arm/arm-gnu-toolchain/bin/../lib/gcc/arm-none-eabi/4.9.3/../../../../arm-none-eabi/lib/armv7-m\libc.a(lib_a-fwalk.o)
                0x00081508                _fwalk_reent
 .text.malloc   0x00081558       0x10 c:/program files (x86)/atmel/studio/7.0/toolchain/arm/arm-gnu-toolchain/bin/../lib/gcc/arm-none-eabi/4.9.3/../../../../arm-none-eabi/lib/armv7-m\libc.a(lib_a-malloc.o)
                0x00081558                malloc
 .text._malloc_r
                0x00081568      0x50c c:/program files (x86)/atmel/studio/7.0/toolchain/arm/arm-gnu-toolchain/bin/../lib/gcc/arm-none-eabi/4.9.3/../../../../arm-none-eabi/lib/armv7-m\libc.a(lib_a-mallocr.o)
                0x00081568                _malloc_r
 .text.__malloc_lock
                0x00081a74        0x4 c:/program files (x86)/atmel/studio/7.0/toolchain/arm/arm-gnu-toolchain/bin/../lib/gcc/arm-none-eabi/4.9.3/../../../../arm-none-eabi/lib/armv7-m\libc.a(lib_a-mlock.o)
                0x00081a74                __malloc_lock
 .text.__malloc_unlock
                0x00081a78        0x4 c:/program files (x86)/atmel/studio/7.0/toolchain/arm/arm-gnu-toolchain/bin/../lib/gcc/arm-none-eabi/4.9.3/../../../../arm-none-eabi/lib/armv7-m\libc.a(lib_a-mlock.o)
                0x00081a78                __malloc_unlock
 .text._sbrk_r  0x00081a7c       0x24 c:/program files (x86)/atmel/studio/7.0/toolchain/arm/arm-gnu-toolchain/bin/../lib/gcc/arm-none-eabi/4.9.3/../../../../arm-none-eabi/lib/armv7-m\libc.a(lib_a-sbrkr.o)
                0x00081a7c                _sbrk_r
 .text.__sread  0x00081aa0       0x24 c:/program files (x86)/atmel/studio/7.0/toolchain/arm/arm-gnu-toolchain/bin/../lib/gcc/arm-none-eabi/4.9.3/../../../../arm-none-eabi/lib/armv7-m\libc.a(lib_a-stdio.o)
                0x00081aa0                __sread
 .text.__swrite
                0x00081ac4       0x38 c:/program files (x86)/atmel/studio/7.0/toolchain/arm/arm-gnu-toolchain/bin/../lib/gcc/arm-none-eabi/4.9.3/../../../../arm-none-eabi/lib/armv7-m\libc.a(lib_a-stdio.o)
                0x00081ac4                __swrite
 .text.__sseek  0x00081afc       0x20 c:/program files (x86)/atmel/studio/7.0/toolchain/arm/arm-gnu-toolchain/bin/../lib/gcc/arm-none-eabi/4.9.3/../../../../arm-none-eabi/lib/armv7-m\libc.a(lib_a-stdio.o)
                0x00081afc                __sseek
 .text.__sclose
                0x00081b1c        0x8 c:/program files (x86)/atmel/studio/7.0/toolchain/arm/arm-gnu-toolchain/bin/../lib/gcc/arm-none-eabi/4.9.3/../../../../arm-none-eabi/lib/armv7-m\libc.a(lib_a-stdio.o)
                0x00081b1c                __sclose
 .text._write_r
                0x00081b24       0x28 c:/program files (x86)/atmel/studio/7.0/toolchain/arm/arm-gnu-toolchain/bin/../lib/gcc/arm-none-eabi/4.9.3/../../../../arm-none-eabi/lib/armv7-m\libc.a(lib_a-writer.o)
                0x00081b24                _write_r
 .text.__register_exitproc
                0x00081b4c       0xa4 c:/program files (x86)/atmel/studio/7.0/toolchain/arm/arm-gnu-toolchain/bin/../lib/gcc/arm-none-eabi/4.9.3/../../../../arm-none-eabi/lib/armv7-m\libc.a(lib_a-__atexit.o)
                0x00081b4c                __register_exitproc
 .text._close_r
                0x00081bf0       0x24 c:/program files (x86)/atmel/studio/7.0/toolchain/arm/arm-gnu-toolchain/bin/../lib/gcc/arm-none-eabi/4.9.3/../../../../arm-none-eabi/lib/armv7-m\libc.a(lib_a-closer.o)
                0x00081bf0                _close_r
 .text._fclose_r
                0x00081c14       0x84 c:/program files (x86)/atmel/studio/7.0/toolchain/arm/arm-gnu-toolchain/bin/../lib/gcc/arm-none-eabi/4.9.3/../../../../arm-none-eabi/lib/armv7-m\libc.a(lib_a-fclose.o)
                0x00081c14                _fclose_r
 .text._lseek_r
                0x00081c98       0x28 c:/program files (x86)/atmel/studio/7.0/toolchain/arm/arm-gnu-toolchain/bin/../lib/gcc/arm-none-eabi/4.9.3/../../../../arm-none-eabi/lib/armv7-m\libc.a(lib_a-lseekr.o)
                0x00081c98                _lseek_r
 .text._read_r  0x00081cc0       0x28 c:/program files (x86)/atmel/studio/7.0/toolchain/arm/arm-gnu-toolchain/bin/../lib/gcc/arm-none-eabi/4.9.3/../../../../arm-none-eabi/lib/armv7-m\libc.a(lib_a-readr.o)
                0x00081cc0                _read_r
 *(.glue_7t)
 .glue_7t       0x00000000        0x0 linker stubs
 *(.glue_7)
 .glue_7        0x00000000        0x0 linker stubs
 *(.rodata .rodata* .gnu.linkonce.r.*)
 .rodata        0x00081ce8       0x18 src/usart_serial_example_pdc.o
 .rodata.str1.4
                0x00081d00        0x4 c:/program files (x86)/atmel/studio/7.0/toolchain/arm/arm-gnu-toolchain/bin/../lib/gcc/arm-none-eabi/4.9.3/../../../../arm-none-eabi/lib/armv7-m\libc.a(lib_a-impure.o)
                                  0x2 (size before relaxing)
 .rodata._global_impure_ptr
                0x00081d04        0x4 c:/program files (x86)/atmel/studio/7.0/toolchain/arm/arm-gnu-toolchain/bin/../lib/gcc/arm-none-eabi/4.9.3/../../../../arm-none-eabi/lib/armv7-m\libc.a(lib_a-impure.o)
                0x00081d04                _global_impure_ptr
 *(.ARM.extab* .gnu.linkonce.armextab.*)
                0x00081d08                . = ALIGN (0x4)
 *(.init)
 .init          0x00081d08        0x4 c:/program files (x86)/atmel/studio/7.0/toolchain/arm/arm-gnu-toolchain/bin/../lib/gcc/arm-none-eabi/4.9.3/armv7-m/crti.o
                0x00081d08                _init
 .init          0x00081d0c        0x8 c:/program files (x86)/atmel/studio/7.0/toolchain/arm/arm-gnu-toolchain/bin/../lib/gcc/arm-none-eabi/4.9.3/armv7-m/crtn.o
                0x00081d14                . = ALIGN (0x4)
                0x00081d14                __preinit_array_start = .
 *(.preinit_array)
                0x00081d14                __preinit_array_end = .
                0x00081d14                . = ALIGN (0x4)
                0x00081d14                __init_array_start = .
 *(SORT(.init_array.*))
 .init_array.00000
                0x00081d14        0x4 c:/program files (x86)/atmel/studio/7.0/toolchain/arm/arm-gnu-toolchain/bin/../lib/gcc/arm-none-eabi/4.9.3/../../../../arm-none-eabi/lib/armv7-m\libc.a(lib_a-__call_atexit.o)
 *(.init_array)
 .init_array    0x00081d18        0x4 c:/program files (x86)/atmel/studio/7.0/toolchain/arm/arm-gnu-toolchain/bin/../lib/gcc/arm-none-eabi/4.9.3/armv7-m/crtbegin.o
                0x00081d1c                __init_array_end = .
                0x00081d1c                . = ALIGN (0x4)
 *crtbegin.o(.ctors)
 *(EXCLUDE_FILE(*crtend.o) .ctors)
 *(SORT(.ctors.*))
 *crtend.o(.ctors)
                0x00081d1c                . = ALIGN (0x4)
 *(.fini)
 .fini          0x00081d1c        0x4 c:/program files (x86)/atmel/studio/7.0/toolchain/arm/arm-gnu-toolchain/bin/../lib/gcc/arm-none-eabi/4.9.3/armv7-m/crti.o
                0x00081d1c                _fini
 .fini          0x00081d20        0x8 c:/program files (x86)/atmel/studio/7.0/toolchain/arm/arm-gnu-toolchain/bin/../lib/gcc/arm-none-eabi/4.9.3/armv7-m/crtn.o
                0x00081d28                . = ALIGN (0x4)
                0x00081d28                __fini_array_start = .
 *(.fini_array)
 .fini_array    0x00081d28        0x4 c:/program files (x86)/atmel/studio/7.0/toolchain/arm/arm-gnu-toolchain/bin/../lib/gcc/arm-none-eabi/4.9.3/armv7-m/crtbegin.o
 *(SORT(.fini_array.*))
                0x00081d2c                __fini_array_end = .
 *crtbegin.o(.dtors)
 *(EXCLUDE_FILE(*crtend.o) .dtors)
 *(SORT(.dtors.*))
 *crtend.o(.dtors)
                0x00081d2c                . = ALIGN (0x4)
                0x00081d2c                _efixed = .
                0x00081d2c                PROVIDE (__exidx_start, .)

.vfp11_veneer   0x00081d2c        0x0
 .vfp11_veneer  0x00000000        0x0 linker stubs

.v4_bx          0x00081d2c        0x0
 .v4_bx         0x00000000        0x0 linker stubs

.iplt           0x00081d2c        0x0
 .iplt          0x00000000        0x0 c:/program files (x86)/atmel/studio/7.0/toolchain/arm/arm-gnu-toolchain/bin/../lib/gcc/arm-none-eabi/4.9.3/armv7-m/crtbegin.o

.eh_frame       0x00081d2c        0x0
 .eh_frame      0x00081d2c        0x0 c:/program files (x86)/atmel/studio/7.0/toolchain/arm/arm-gnu-toolchain/bin/../lib/gcc/arm-none-eabi/4.9.3/armv7-m/crtbegin.o

.rel.dyn        0x00081d2c        0x0
 .rel.iplt      0x00000000        0x0 c:/program files (x86)/atmel/studio/7.0/toolchain/arm/arm-gnu-toolchain/bin/../lib/gcc/arm-none-eabi/4.9.3/armv7-m/crtbegin.o

.jcr            0x00081d2c        0x0
 .jcr           0x00081d2c        0x0 c:/program files (x86)/atmel/studio/7.0/toolchain/arm/arm-gnu-toolchain/bin/../lib/gcc/arm-none-eabi/4.9.3/armv7-m/crtbegin.o

.igot.plt       0x00081d2c        0x0
 .igot.plt      0x00000000        0x0 c:/program files (x86)/atmel/studio/7.0/toolchain/arm/arm-gnu-toolchain/bin/../lib/gcc/arm-none-eabi/4.9.3/armv7-m/crtbegin.o

.ARM.exidx
 *(.ARM.exidx* .gnu.linkonce.armexidx.*)
                0x00081d2c                PROVIDE (__exidx_end, .)
                0x00081d2c                . = ALIGN (0x4)
                0x00081d2c                _etext = .

.relocate       0x20070000      0x96c load address 0x00081d2c
                0x20070000                . = ALIGN (0x4)
                0x20070000                _srelocate = .
 *(.ramfunc .ramfunc.*)
 .ramfunc       0x20070000      0x12c src/ASF/sam/utils/cmsis/sam3x/source/templates/system_sam3x.o
                0x20070000                SystemInit
                0x200700a4                system_init_flash
 *(.data .data.*)
 .data.SystemCoreClock
                0x2007012c        0x4 src/ASF/sam/utils/cmsis/sam3x/source/templates/system_sam3x.o
                0x2007012c                SystemCoreClock
 .data.impure_data
                0x20070130      0x428 c:/program files (x86)/atmel/studio/7.0/toolchain/arm/arm-gnu-toolchain/bin/../lib/gcc/arm-none-eabi/4.9.3/../../../../arm-none-eabi/lib/armv7-m\libc.a(lib_a-impure.o)
 .data._impure_ptr
                0x20070558        0x4 c:/program files (x86)/atmel/studio/7.0/toolchain/arm/arm-gnu-toolchain/bin/../lib/gcc/arm-none-eabi/4.9.3/../../../../arm-none-eabi/lib/armv7-m\libc.a(lib_a-impure.o)
                0x20070558                _impure_ptr
 .data.__malloc_av_
                0x2007055c      0x408 c:/program files (x86)/atmel/studio/7.0/toolchain/arm/arm-gnu-toolchain/bin/../lib/gcc/arm-none-eabi/4.9.3/../../../../arm-none-eabi/lib/armv7-m\libc.a(lib_a-mallocr.o)
                0x2007055c                __malloc_av_
 .data.__malloc_trim_threshold
                0x20070964        0x4 c:/program files (x86)/atmel/studio/7.0/toolchain/arm/arm-gnu-toolchain/bin/../lib/gcc/arm-none-eabi/4.9.3/../../../../arm-none-eabi/lib/armv7-m\libc.a(lib_a-mallocr.o)
                0x20070964                __malloc_trim_threshold
 .data.__malloc_sbrk_base
                0x20070968        0x4 c:/program files (x86)/atmel/studio/7.0/toolchain/arm/arm-gnu-toolchain/bin/../lib/gcc/arm-none-eabi/4.9.3/../../../../arm-none-eabi/lib/armv7-m\libc.a(lib_a-mallocr.o)
                0x20070968                __malloc_sbrk_base
                0x2007096c                . = ALIGN (0x4)
                0x2007096c                _erelocate = .

.bss            0x2007096c       0xec load address 0x00082698
                0x2007096c                . = ALIGN (0x4)
                0x2007096c                _sbss = .
                0x2007096c                _szero = .
 *(.bss .bss.*)
 .bss           0x2007096c       0x1c c:/program files (x86)/atmel/studio/7.0/toolchain/arm/arm-gnu-toolchain/bin/../lib/gcc/arm-none-eabi/4.9.3/armv7-m/crtbegin.o
 .bss.gs_interrupt_sources
                0x20070988       0x70 src/ASF/sam/drivers/pio/pio_handler.o
 .bss.ul_reg_val.7313
                0x200709f8        0x4 src/ASF/sam/drivers/usart/usart.o
 .bss.heap.5212
                0x200709fc        0x4 src/ASF/sam/utils/syscalls/gcc/syscalls.o
 .bss.ul_sysclk.8373
                0x20070a00        0x4 src/usart_serial_example_pdc.o
 .bss.__malloc_max_total_mem
                0x20070a04        0x4 c:/program files (x86)/atmel/studio/7.0/toolchain/arm/arm-gnu-toolchain/bin/../lib/gcc/arm-none-eabi/4.9.3/../../../../arm-none-eabi/lib/armv7-m\libc.a(lib_a-mallocr.o)
                0x20070a04                __malloc_max_total_mem
 .bss.__malloc_max_sbrked_mem
                0x20070a08        0x4 c:/program files (x86)/atmel/studio/7.0/toolchain/arm/arm-gnu-toolchain/bin/../lib/gcc/arm-none-eabi/4.9.3/../../../../arm-none-eabi/lib/armv7-m\libc.a(lib_a-mallocr.o)
                0x20070a08                __malloc_max_sbrked_mem
 .bss.__malloc_top_pad
                0x20070a0c        0x4 c:/program files (x86)/atmel/studio/7.0/toolchain/arm/arm-gnu-toolchain/bin/../lib/gcc/arm-none-eabi/4.9.3/../../../../arm-none-eabi/lib/armv7-m\libc.a(lib_a-mallocr.o)
                0x20070a0c                __malloc_top_pad
 .bss.__malloc_current_mallinfo
                0x20070a10       0x28 c:/program files (x86)/atmel/studio/7.0/toolchain/arm/arm-gnu-toolchain/bin/../lib/gcc/arm-none-eabi/4.9.3/../../../../arm-none-eabi/lib/armv7-m\libc.a(lib_a-mallocr.o)
                0x20070a10                __malloc_current_mallinfo
 *(COMMON)
 COMMON         0x20070a38        0x4 src/ASF/common/utils/stdio/read.o
                0x20070a38                ptr_get
 COMMON         0x20070a3c        0x8 src/ASF/common/utils/stdio/write.o
                0x20070a3c                ptr_put
                0x20070a40                stdio_base
 COMMON         0x20070a44        0xe src/usart_serial_example_pdc.o
                0x20070a44                DSM2_Data
 *fill*         0x20070a52        0x2 
 COMMON         0x20070a54        0x4 c:/program files (x86)/atmel/studio/7.0/toolchain/arm/arm-gnu-toolchain/bin/../lib/gcc/arm-none-eabi/4.9.3/../../../../arm-none-eabi/lib/armv7-m\libc.a(lib_a-reent.o)
                0x20070a54                errno
                0x20070a58                . = ALIGN (0x4)
                0x20070a58                _ebss = .
                0x20070a58                _ezero = .

.stack          0x20070a58     0x2000 load address 0x00082784
                0x20070a58                . = ALIGN (0x8)
                0x20070a58                _sstack = .
                0x20072a58                . = (. + __stack_size__)
 *fill*         0x20070a58     0x2000 
                0x20072a58                . = ALIGN (0x8)
                0x20072a58                _estack = .
                0x20072a58                . = ALIGN (0x4)
                0x20072a58                _end = .
OUTPUT(USART_USART_SERIAL_EXAMPLE2.elf elf32-littlearm)

.ARM.attributes
                0x00000000       0x29
 .ARM.attributes
                0x00000000       0x1d c:/program files (x86)/atmel/studio/7.0/toolchain/arm/arm-gnu-toolchain/bin/../lib/gcc/arm-none-eabi/4.9.3/armv7-m/crti.o
 .ARM.attributes
                0x0000001d       0x2d c:/program files (x86)/atmel/studio/7.0/toolchain/arm/arm-gnu-toolchain/bin/../lib/gcc/arm-none-eabi/4.9.3/armv7-m/crtbegin.o
 .ARM.attributes
                0x0000004a       0x33 src/ASF/common/services/clock/sam3x/sysclk.o
 .ARM.attributes
                0x0000007d       0x33 src/ASF/common/utils/stdio/read.o
 .ARM.attributes
                0x000000b0       0x33 src/ASF/common/utils/stdio/write.o
 .ARM.attributes
                0x000000e3       0x33 src/ASF/sam/boards/arduino_due_x/init.o
 .ARM.attributes
                0x00000116       0x33 src/ASF/sam/drivers/pio/pio.o
 .ARM.attributes
                0x00000149       0x33 src/ASF/sam/drivers/pio/pio_handler.o
 .ARM.attributes
                0x0000017c       0x33 src/ASF/sam/drivers/pmc/pmc.o
 .ARM.attributes
                0x000001af       0x33 src/ASF/sam/drivers/tc/tc.o
 .ARM.attributes
                0x000001e2       0x33 src/ASF/sam/drivers/uart/uart.o
 .ARM.attributes
                0x00000215       0x33 src/ASF/sam/drivers/usart/usart.o
 .ARM.attributes
                0x00000248       0x33 src/ASF/sam/utils/cmsis/sam3x/source/templates/exceptions.o
 .ARM.attributes
                0x0000027b       0x33 src/ASF/sam/utils/cmsis/sam3x/source/templates/gcc/startup_sam3x.o
 .ARM.attributes
                0x000002ae       0x33 src/ASF/sam/utils/cmsis/sam3x/source/templates/system_sam3x.o
 .ARM.attributes
                0x000002e1       0x33 src/ASF/sam/utils/syscalls/gcc/syscalls.o
 .ARM.attributes
                0x00000314       0x33 src/usart_serial_example_pdc.o
 .ARM.attributes
                0x00000347       0x2d c:/program files (x86)/atmel/studio/7.0/toolchain/arm/arm-gnu-toolchain/bin/../lib/gcc/arm-none-eabi/4.9.3/../../../../arm-none-eabi/lib/armv7-m\libc.a(lib_a-impure.o)
 .ARM.attributes
                0x00000374       0x2d c:/program files (x86)/atmel/studio/7.0/toolchain/arm/arm-gnu-toolchain/bin/../lib/gcc/arm-none-eabi/4.9.3/../../../../arm-none-eabi/lib/armv7-m\libc.a(lib_a-init.o)
 .ARM.attributes
                0x000003a1       0x2d c:/program files (x86)/atmel/studio/7.0/toolchain/arm/arm-gnu-toolchain/bin/../lib/gcc/arm-none-eabi/4.9.3/../../../../arm-none-eabi/lib/armv7-m\libc.a(lib_a-memset.o)
 .ARM.attributes
                0x000003ce       0x2d c:/program files (x86)/atmel/studio/7.0/toolchain/arm/arm-gnu-toolchain/bin/../lib/gcc/arm-none-eabi/4.9.3/../../../../arm-none-eabi/lib/armv7-m\libc.a(lib_a-setbuf.o)
 .ARM.attributes
                0x000003fb       0x2d c:/program files (x86)/atmel/studio/7.0/toolchain/arm/arm-gnu-toolchain/bin/../lib/gcc/arm-none-eabi/4.9.3/../../../../arm-none-eabi/lib/armv7-m\libc.a(lib_a-setvbuf.o)
 .ARM.attributes
                0x00000428       0x2d c:/program files (x86)/atmel/studio/7.0/toolchain/arm/arm-gnu-toolchain/bin/../lib/gcc/arm-none-eabi/4.9.3/../../../../arm-none-eabi/lib/armv7-m\libc.a(lib_a-__call_atexit.o)
 .ARM.attributes
                0x00000455       0x2d c:/program files (x86)/atmel/studio/7.0/toolchain/arm/arm-gnu-toolchain/bin/../lib/gcc/arm-none-eabi/4.9.3/../../../../arm-none-eabi/lib/armv7-m\libc.a(lib_a-atexit.o)
 .ARM.attributes
                0x00000482       0x2d c:/program files (x86)/atmel/studio/7.0/toolchain/arm/arm-gnu-toolchain/bin/../lib/gcc/arm-none-eabi/4.9.3/../../../../arm-none-eabi/lib/armv7-m\libc.a(lib_a-fflush.o)
 .ARM.attributes
                0x000004af       0x2d c:/program files (x86)/atmel/studio/7.0/toolchain/arm/arm-gnu-toolchain/bin/../lib/gcc/arm-none-eabi/4.9.3/../../../../arm-none-eabi/lib/armv7-m\libc.a(lib_a-findfp.o)
 .ARM.attributes
                0x000004dc       0x2d c:/program files (x86)/atmel/studio/7.0/toolchain/arm/arm-gnu-toolchain/bin/../lib/gcc/arm-none-eabi/4.9.3/../../../../arm-none-eabi/lib/armv7-m\libc.a(lib_a-fini.o)
 .ARM.attributes
                0x00000509       0x2d c:/program files (x86)/atmel/studio/7.0/toolchain/arm/arm-gnu-toolchain/bin/../lib/gcc/arm-none-eabi/4.9.3/../../../../arm-none-eabi/lib/armv7-m\libc.a(lib_a-freer.o)
 .ARM.attributes
                0x00000536       0x2d c:/program files (x86)/atmel/studio/7.0/toolchain/arm/arm-gnu-toolchain/bin/../lib/gcc/arm-none-eabi/4.9.3/../../../../arm-none-eabi/lib/armv7-m\libc.a(lib_a-fwalk.o)
 .ARM.attributes
                0x00000563       0x2d c:/program files (x86)/atmel/studio/7.0/toolchain/arm/arm-gnu-toolchain/bin/../lib/gcc/arm-none-eabi/4.9.3/../../../../arm-none-eabi/lib/armv7-m\libc.a(lib_a-malloc.o)
 .ARM.attributes
                0x00000590       0x2d c:/program files (x86)/atmel/studio/7.0/toolchain/arm/arm-gnu-toolchain/bin/../lib/gcc/arm-none-eabi/4.9.3/../../../../arm-none-eabi/lib/armv7-m\libc.a(lib_a-mallocr.o)
 .ARM.attributes
                0x000005bd       0x2d c:/program files (x86)/atmel/studio/7.0/toolchain/arm/arm-gnu-toolchain/bin/../lib/gcc/arm-none-eabi/4.9.3/../../../../arm-none-eabi/lib/armv7-m\libc.a(lib_a-mlock.o)
 .ARM.attributes
                0x000005ea       0x2d c:/program files (x86)/atmel/studio/7.0/toolchain/arm/arm-gnu-toolchain/bin/../lib/gcc/arm-none-eabi/4.9.3/../../../../arm-none-eabi/lib/armv7-m\libc.a(lib_a-sbrkr.o)
 .ARM.attributes
                0x00000617       0x2d c:/program files (x86)/atmel/studio/7.0/toolchain/arm/arm-gnu-toolchain/bin/../lib/gcc/arm-none-eabi/4.9.3/../../../../arm-none-eabi/lib/armv7-m\libc.a(lib_a-stdio.o)
 .ARM.attributes
                0x00000644       0x2d c:/program files (x86)/atmel/studio/7.0/toolchain/arm/arm-gnu-toolchain/bin/../lib/gcc/arm-none-eabi/4.9.3/../../../../arm-none-eabi/lib/armv7-m\libc.a(lib_a-writer.o)
 .ARM.attributes
                0x00000671       0x2d c:/program files (x86)/atmel/studio/7.0/toolchain/arm/arm-gnu-toolchain/bin/../lib/gcc/arm-none-eabi/4.9.3/../../../../arm-none-eabi/lib/armv7-m\libc.a(lib_a-__atexit.o)
 .ARM.attributes
                0x0000069e       0x2d c:/program files (x86)/atmel/studio/7.0/toolchain/arm/arm-gnu-toolchain/bin/../lib/gcc/arm-none-eabi/4.9.3/../../../../arm-none-eabi/lib/armv7-m\libc.a(lib_a-closer.o)
 .ARM.attributes
                0x000006cb       0x2d c:/program files (x86)/atmel/studio/7.0/toolchain/arm/arm-gnu-toolchain/bin/../lib/gcc/arm-none-eabi/4.9.3/../../../../arm-none-eabi/lib/armv7-m\libc.a(lib_a-fclose.o)
 .ARM.attributes
                0x000006f8       0x2d c:/program files (x86)/atmel/studio/7.0/toolchain/arm/arm-gnu-toolchain/bin/../lib/gcc/arm-none-eabi/4.9.3/../../../../arm-none-eabi/lib/armv7-m\libc.a(lib_a-lseekr.o)
 .ARM.attributes
                0x00000725       0x2d c:/program files (x86)/atmel/studio/7.0/toolchain/arm/arm-gnu-toolchain/bin/../lib/gcc/arm-none-eabi/4.9.3/../../../../arm-none-eabi/lib/armv7-m\libc.a(lib_a-readr.o)
 .ARM.attributes
                0x00000752       0x2d c:/program files (x86)/atmel/studio/7.0/toolchain/arm/arm-gnu-toolchain/bin/../lib/gcc/arm-none-eabi/4.9.3/../../../../arm-none-eabi/lib/armv7-m\libc.a(lib_a-reent.o)
 .ARM.attributes
                0x0000077f       0x1d c:/program files (x86)/atmel/studio/7.0/toolchain/arm/arm-gnu-toolchain/bin/../lib/gcc/arm-none-eabi/4.9.3/armv7-m/crtn.o

.comment        0x00000000       0x5b
 .comment       0x00000000       0x5b src/ASF/common/services/clock/sam3x/sysclk.o
                                 0x5c (size before relaxing)
 .comment       0x00000000       0x5c src/ASF/common/utils/stdio/read.o
 .comment       0x00000000       0x5c src/ASF/common/utils/stdio/write.o
 .comment       0x00000000       0x5c src/ASF/sam/boards/arduino_due_x/init.o
 .comment       0x00000000       0x5c src/ASF/sam/drivers/pio/pio.o
 .comment       0x00000000       0x5c src/ASF/sam/drivers/pio/pio_handler.o
 .comment       0x00000000       0x5c src/ASF/sam/drivers/pmc/pmc.o
 .comment       0x00000000       0x5c src/ASF/sam/drivers/tc/tc.o
 .comment       0x00000000       0x5c src/ASF/sam/drivers/uart/uart.o
 .comment       0x00000000       0x5c src/ASF/sam/drivers/usart/usart.o
 .comment       0x00000000       0x5c src/ASF/sam/utils/cmsis/sam3x/source/templates/exceptions.o
 .comment       0x00000000       0x5c src/ASF/sam/utils/cmsis/sam3x/source/templates/gcc/startup_sam3x.o
 .comment       0x00000000       0x5c src/ASF/sam/utils/cmsis/sam3x/source/templates/system_sam3x.o
 .comment       0x00000000       0x5c src/ASF/sam/utils/syscalls/gcc/syscalls.o
 .comment       0x00000000       0x5c src/usart_serial_example_pdc.o

.debug_info     0x00000000     0x9b20
 .debug_info    0x00000000      0x742 src/ASF/common/services/clock/sam3x/sysclk.o
 .debug_info    0x00000742      0x1be src/ASF/common/utils/stdio/read.o
 .debug_info    0x00000900      0x1c0 src/ASF/common/utils/stdio/write.o
 .debug_info    0x00000ac0      0x75a src/ASF/sam/boards/arduino_due_x/init.o
 .debug_info    0x0000121a     0x1391 src/ASF/sam/drivers/pio/pio.o
 .debug_info    0x000025ab      0xe51 src/ASF/sam/drivers/pio/pio_handler.o
 .debug_info    0x000033fc     0x1078 src/ASF/sam/drivers/pmc/pmc.o
 .debug_info    0x00004474      0x959 src/ASF/sam/drivers/tc/tc.o
 .debug_info    0x00004dcd      0x889 src/ASF/sam/drivers/uart/uart.o
 .debug_info    0x00005656     0x1bfa src/ASF/sam/drivers/usart/usart.o
 .debug_info    0x00007250      0x124 src/ASF/sam/utils/cmsis/sam3x/source/templates/exceptions.o
 .debug_info    0x00007374      0x3bd src/ASF/sam/utils/cmsis/sam3x/source/templates/gcc/startup_sam3x.o
 .debug_info    0x00007731      0x4c6 src/ASF/sam/utils/cmsis/sam3x/source/templates/system_sam3x.o
 .debug_info    0x00007bf7      0x43f src/ASF/sam/utils/syscalls/gcc/syscalls.o
 .debug_info    0x00008036     0x1aea src/usart_serial_example_pdc.o

.debug_abbrev   0x00000000     0x1bf0
 .debug_abbrev  0x00000000      0x227 src/ASF/common/services/clock/sam3x/sysclk.o
 .debug_abbrev  0x00000227      0x101 src/ASF/common/utils/stdio/read.o
 .debug_abbrev  0x00000328       0xf5 src/ASF/common/utils/stdio/write.o
 .debug_abbrev  0x0000041d      0x16f src/ASF/sam/boards/arduino_due_x/init.o
 .debug_abbrev  0x0000058c      0x2d5 src/ASF/sam/drivers/pio/pio.o
 .debug_abbrev  0x00000861      0x257 src/ASF/sam/drivers/pio/pio_handler.o
 .debug_abbrev  0x00000ab8      0x268 src/ASF/sam/drivers/pmc/pmc.o
 .debug_abbrev  0x00000d20      0x1ca src/ASF/sam/drivers/tc/tc.o
 .debug_abbrev  0x00000eea      0x1bd src/ASF/sam/drivers/uart/uart.o
 .debug_abbrev  0x000010a7      0x325 src/ASF/sam/drivers/usart/usart.o
 .debug_abbrev  0x000013cc       0x8c src/ASF/sam/utils/cmsis/sam3x/source/templates/exceptions.o
 .debug_abbrev  0x00001458      0x118 src/ASF/sam/utils/cmsis/sam3x/source/templates/gcc/startup_sam3x.o
 .debug_abbrev  0x00001570      0x115 src/ASF/sam/utils/cmsis/sam3x/source/templates/system_sam3x.o
 .debug_abbrev  0x00001685      0x14e src/ASF/sam/utils/syscalls/gcc/syscalls.o
 .debug_abbrev  0x000017d3      0x41d src/usart_serial_example_pdc.o

.debug_loc      0x00000000     0x4099
 .debug_loc     0x00000000       0xed src/ASF/common/services/clock/sam3x/sysclk.o
 .debug_loc     0x000000ed      0x107 src/ASF/common/utils/stdio/read.o
 .debug_loc     0x000001f4      0x15d src/ASF/common/utils/stdio/write.o
 .debug_loc     0x00000351       0x20 src/ASF/sam/boards/arduino_due_x/init.o
 .debug_loc     0x00000371      0xb20 src/ASF/sam/drivers/pio/pio.o
 .debug_loc     0x00000e91      0x573 src/ASF/sam/drivers/pio/pio_handler.o
 .debug_loc     0x00001404      0xccc src/ASF/sam/drivers/pmc/pmc.o
 .debug_loc     0x000020d0      0x6ab src/ASF/sam/drivers/tc/tc.o
 .debug_loc     0x0000277b      0x242 src/ASF/sam/drivers/uart/uart.o
 .debug_loc     0x000029bd     0x1206 src/ASF/sam/drivers/usart/usart.o
 .debug_loc     0x00003bc3       0x5e src/ASF/sam/utils/cmsis/sam3x/source/templates/gcc/startup_sam3x.o
 .debug_loc     0x00003c21      0x12b src/ASF/sam/utils/syscalls/gcc/syscalls.o
 .debug_loc     0x00003d4c      0x34d src/usart_serial_example_pdc.o

.debug_aranges  0x00000000      0x998
 .debug_aranges
                0x00000000       0x30 src/ASF/common/services/clock/sam3x/sysclk.o
 .debug_aranges
                0x00000030       0x20 src/ASF/common/utils/stdio/read.o
 .debug_aranges
                0x00000050       0x20 src/ASF/common/utils/stdio/write.o
 .debug_aranges
                0x00000070       0x20 src/ASF/sam/boards/arduino_due_x/init.o
 .debug_aranges
                0x00000090      0x148 src/ASF/sam/drivers/pio/pio.o
 .debug_aranges
                0x000001d8       0x58 src/ASF/sam/drivers/pio/pio_handler.o
 .debug_aranges
                0x00000230      0x200 src/ASF/sam/drivers/pmc/pmc.o
 .debug_aranges
                0x00000430       0xd0 src/ASF/sam/drivers/tc/tc.o
 .debug_aranges
                0x00000500       0xe8 src/ASF/sam/drivers/uart/uart.o
 .debug_aranges
                0x000005e8      0x2a8 src/ASF/sam/drivers/usart/usart.o
 .debug_aranges
                0x00000890       0x20 src/ASF/sam/utils/cmsis/sam3x/source/templates/exceptions.o
 .debug_aranges
                0x000008b0       0x20 src/ASF/sam/utils/cmsis/sam3x/source/templates/gcc/startup_sam3x.o
 .debug_aranges
                0x000008d0       0x30 src/ASF/sam/utils/cmsis/sam3x/source/templates/system_sam3x.o
 .debug_aranges
                0x00000900       0x60 src/ASF/sam/utils/syscalls/gcc/syscalls.o
 .debug_aranges
                0x00000960       0x38 src/usart_serial_example_pdc.o

.debug_ranges   0x00000000      0x8a8
 .debug_ranges  0x00000000       0x20 src/ASF/common/services/clock/sam3x/sysclk.o
 .debug_ranges  0x00000020       0x10 src/ASF/common/utils/stdio/read.o
 .debug_ranges  0x00000030       0x10 src/ASF/common/utils/stdio/write.o
 .debug_ranges  0x00000040       0x10 src/ASF/sam/boards/arduino_due_x/init.o
 .debug_ranges  0x00000050      0x138 src/ASF/sam/drivers/pio/pio.o
 .debug_ranges  0x00000188       0x48 src/ASF/sam/drivers/pio/pio_handler.o
 .debug_ranges  0x000001d0      0x1f0 src/ASF/sam/drivers/pmc/pmc.o
 .debug_ranges  0x000003c0       0xc0 src/ASF/sam/drivers/tc/tc.o
 .debug_ranges  0x00000480       0xd8 src/ASF/sam/drivers/uart/uart.o
 .debug_ranges  0x00000558      0x298 src/ASF/sam/drivers/usart/usart.o
 .debug_ranges  0x000007f0       0x10 src/ASF/sam/utils/cmsis/sam3x/source/templates/exceptions.o
 .debug_ranges  0x00000800       0x10 src/ASF/sam/utils/cmsis/sam3x/source/templates/gcc/startup_sam3x.o
 .debug_ranges  0x00000810       0x20 src/ASF/sam/utils/cmsis/sam3x/source/templates/system_sam3x.o
 .debug_ranges  0x00000830       0x50 src/ASF/sam/utils/syscalls/gcc/syscalls.o
 .debug_ranges  0x00000880       0x28 src/usart_serial_example_pdc.o

.debug_macro    0x00000000    0x16dc5
 .debug_macro   0x00000000      0x554 src/ASF/common/services/clock/sam3x/sysclk.o
 .debug_macro   0x00000554      0x892 src/ASF/common/services/clock/sam3x/sysclk.o
 .debug_macro   0x00000de6      0x636 src/ASF/common/services/clock/sam3x/sysclk.o
 .debug_macro   0x0000141c       0x28 src/ASF/common/services/clock/sam3x/sysclk.o
 .debug_macro   0x00001444      0x166 src/ASF/common/services/clock/sam3x/sysclk.o
 .debug_macro   0x000015aa       0x76 src/ASF/common/services/clock/sam3x/sysclk.o
 .debug_macro   0x00001620       0x16 src/ASF/common/services/clock/sam3x/sysclk.o
 .debug_macro   0x00001636      0x6e4 src/ASF/common/services/clock/sam3x/sysclk.o
 .debug_macro   0x00001d1a       0x22 src/ASF/common/services/clock/sam3x/sysclk.o
 .debug_macro   0x00001d3c       0x44 src/ASF/common/services/clock/sam3x/sysclk.o
 .debug_macro   0x00001d80       0x58 src/ASF/common/services/clock/sam3x/sysclk.o
 .debug_macro   0x00001dd8       0x22 src/ASF/common/services/clock/sam3x/sysclk.o
 .debug_macro   0x00001dfa      0x1df src/ASF/common/services/clock/sam3x/sysclk.o
 .debug_macro   0x00001fd9       0x20 src/ASF/common/services/clock/sam3x/sysclk.o
 .debug_macro   0x00001ff9       0x3a src/ASF/common/services/clock/sam3x/sysclk.o
 .debug_macro   0x00002033       0x2d src/ASF/common/services/clock/sam3x/sysclk.o
 .debug_macro   0x00002060      0xbb1 src/ASF/common/services/clock/sam3x/sysclk.o
 .debug_macro   0x00002c11      0xab6 src/ASF/common/services/clock/sam3x/sysclk.o
 .debug_macro   0x000036c7      0x569 src/ASF/common/services/clock/sam3x/sysclk.o
 .debug_macro   0x00003c30      0x2b5 src/ASF/common/services/clock/sam3x/sysclk.o
 .debug_macro   0x00003ee5      0x31a src/ASF/common/services/clock/sam3x/sysclk.o
 .debug_macro   0x000041ff      0x74f src/ASF/common/services/clock/sam3x/sysclk.o
 .debug_macro   0x0000494e       0x82 src/ASF/common/services/clock/sam3x/sysclk.o
 .debug_macro   0x000049d0      0x57b src/ASF/common/services/clock/sam3x/sysclk.o
 .debug_macro   0x00004f4b       0x1c src/ASF/common/services/clock/sam3x/sysclk.o
 .debug_macro   0x00004f67      0x6b7 src/ASF/common/services/clock/sam3x/sysclk.o
 .debug_macro   0x0000561e      0x52d src/ASF/common/services/clock/sam3x/sysclk.o
 .debug_macro   0x00005b4b       0xbe src/ASF/common/services/clock/sam3x/sysclk.o
 .debug_macro   0x00005c09     0x2342 src/ASF/common/services/clock/sam3x/sysclk.o
 .debug_macro   0x00007f4b      0x85d src/ASF/common/services/clock/sam3x/sysclk.o
 .debug_macro   0x000087a8      0xdc9 src/ASF/common/services/clock/sam3x/sysclk.o
 .debug_macro   0x00009571       0x7c src/ASF/common/services/clock/sam3x/sysclk.o
 .debug_macro   0x000095ed      0x263 src/ASF/common/services/clock/sam3x/sysclk.o
 .debug_macro   0x00009850       0x58 src/ASF/common/services/clock/sam3x/sysclk.o
 .debug_macro   0x000098a8      0x9a7 src/ASF/common/services/clock/sam3x/sysclk.o
 .debug_macro   0x0000a24f      0x248 src/ASF/common/services/clock/sam3x/sysclk.o
 .debug_macro   0x0000a497      0x4df src/ASF/common/services/clock/sam3x/sysclk.o
 .debug_macro   0x0000a976      0x6b3 src/ASF/common/services/clock/sam3x/sysclk.o
 .debug_macro   0x0000b029      0x59f src/ASF/common/services/clock/sam3x/sysclk.o
 .debug_macro   0x0000b5c8       0x46 src/ASF/common/services/clock/sam3x/sysclk.o
 .debug_macro   0x0000b60e      0x34d src/ASF/common/services/clock/sam3x/sysclk.o
 .debug_macro   0x0000b95b      0x28c src/ASF/common/services/clock/sam3x/sysclk.o
 .debug_macro   0x0000bbe7     0x14d7 src/ASF/common/services/clock/sam3x/sysclk.o
 .debug_macro   0x0000d0be      0x7ba src/ASF/common/services/clock/sam3x/sysclk.o
 .debug_macro   0x0000d878       0x76 src/ASF/common/services/clock/sam3x/sysclk.o
 .debug_macro   0x0000d8ee       0x82 src/ASF/common/services/clock/sam3x/sysclk.o
 .debug_macro   0x0000d970       0x76 src/ASF/common/services/clock/sam3x/sysclk.o
 .debug_macro   0x0000d9e6       0x4c src/ASF/common/services/clock/sam3x/sysclk.o
 .debug_macro   0x0000da32      0x105 src/ASF/common/services/clock/sam3x/sysclk.o
 .debug_macro   0x0000db37      0x105 src/ASF/common/services/clock/sam3x/sysclk.o
 .debug_macro   0x0000dc3c      0x105 src/ASF/common/services/clock/sam3x/sysclk.o
 .debug_macro   0x0000dd41       0x88 src/ASF/common/services/clock/sam3x/sysclk.o
 .debug_macro   0x0000ddc9       0x88 src/ASF/common/services/clock/sam3x/sysclk.o
 .debug_macro   0x0000de51      0x3b4 src/ASF/common/services/clock/sam3x/sysclk.o
 .debug_macro   0x0000e205       0xb8 src/ASF/common/services/clock/sam3x/sysclk.o
 .debug_macro   0x0000e2bd       0xb8 src/ASF/common/services/clock/sam3x/sysclk.o
 .debug_macro   0x0000e375       0xb8 src/ASF/common/services/clock/sam3x/sysclk.o
 .debug_macro   0x0000e42d       0xb8 src/ASF/common/services/clock/sam3x/sysclk.o
 .debug_macro   0x0000e4e5      0x2b8 src/ASF/common/services/clock/sam3x/sysclk.o
 .debug_macro   0x0000e79d      0x125 src/ASF/common/services/clock/sam3x/sysclk.o
 .debug_macro   0x0000e8c2      0x225 src/ASF/common/services/clock/sam3x/sysclk.o
 .debug_macro   0x0000eae7      0x225 src/ASF/common/services/clock/sam3x/sysclk.o
 .debug_macro   0x0000ed0c       0x2e src/ASF/common/services/clock/sam3x/sysclk.o
 .debug_macro   0x0000ed3a       0xac src/ASF/common/services/clock/sam3x/sysclk.o
 .debug_macro   0x0000ede6      0x14d src/ASF/common/services/clock/sam3x/sysclk.o
 .debug_macro   0x0000ef33       0x7c src/ASF/common/services/clock/sam3x/sysclk.o
 .debug_macro   0x0000efaf      0x205 src/ASF/common/services/clock/sam3x/sysclk.o
 .debug_macro   0x0000f1b4       0x64 src/ASF/common/services/clock/sam3x/sysclk.o
 .debug_macro   0x0000f218       0xa6 src/ASF/common/services/clock/sam3x/sysclk.o
 .debug_macro   0x0000f2be       0x7c src/ASF/common/services/clock/sam3x/sysclk.o
 .debug_macro   0x0000f33a       0x16 src/ASF/common/services/clock/sam3x/sysclk.o
 .debug_macro   0x0000f350       0x22 src/ASF/common/services/clock/sam3x/sysclk.o
 .debug_macro   0x0000f372       0x22 src/ASF/common/services/clock/sam3x/sysclk.o
 .debug_macro   0x0000f394      0x115 src/ASF/common/services/clock/sam3x/sysclk.o
 .debug_macro   0x0000f4a9      0x115 src/ASF/common/services/clock/sam3x/sysclk.o
 .debug_macro   0x0000f5be      0x115 src/ASF/common/services/clock/sam3x/sysclk.o
 .debug_macro   0x0000f6d3      0x115 src/ASF/common/services/clock/sam3x/sysclk.o
 .debug_macro   0x0000f7e8       0x1c src/ASF/common/services/clock/sam3x/sysclk.o
 .debug_macro   0x0000f804       0x2e src/ASF/common/services/clock/sam3x/sysclk.o
 .debug_macro   0x0000f832       0x22 src/ASF/common/services/clock/sam3x/sysclk.o
 .debug_macro   0x0000f854       0x1c src/ASF/common/services/clock/sam3x/sysclk.o
 .debug_macro   0x0000f870       0x58 src/ASF/common/services/clock/sam3x/sysclk.o
 .debug_macro   0x0000f8c8       0x10 src/ASF/common/services/clock/sam3x/sysclk.o
 .debug_macro   0x0000f8d8      0x273 src/ASF/common/services/clock/sam3x/sysclk.o
 .debug_macro   0x0000fb4b      0xd43 src/ASF/common/services/clock/sam3x/sysclk.o
 .debug_macro   0x0001088e      0x131 src/ASF/common/services/clock/sam3x/sysclk.o
 .debug_macro   0x000109bf       0x58 src/ASF/common/services/clock/sam3x/sysclk.o
 .debug_macro   0x00010a17       0x35 src/ASF/common/services/clock/sam3x/sysclk.o
 .debug_macro   0x00010a4c       0x9c src/ASF/common/services/clock/sam3x/sysclk.o
 .debug_macro   0x00010ae8       0x16 src/ASF/common/services/clock/sam3x/sysclk.o
 .debug_macro   0x00010afe       0x35 src/ASF/common/services/clock/sam3x/sysclk.o
 .debug_macro   0x00010b33      0x29d src/ASF/common/services/clock/sam3x/sysclk.o
 .debug_macro   0x00010dd0       0x10 src/ASF/common/services/clock/sam3x/sysclk.o
 .debug_macro   0x00010de0       0x52 src/ASF/common/services/clock/sam3x/sysclk.o
 .debug_macro   0x00010e32       0x16 src/ASF/common/services/clock/sam3x/sysclk.o
 .debug_macro   0x00010e48       0x43 src/ASF/common/services/clock/sam3x/sysclk.o
 .debug_macro   0x00010e8b      0x180 src/ASF/common/services/clock/sam3x/sysclk.o
 .debug_macro   0x0001100b       0x10 src/ASF/common/services/clock/sam3x/sysclk.o
 .debug_macro   0x0001101b       0x22 src/ASF/common/services/clock/sam3x/sysclk.o
 .debug_macro   0x0001103d       0xbe src/ASF/common/services/clock/sam3x/sysclk.o
 .debug_macro   0x000110fb       0x16 src/ASF/common/services/clock/sam3x/sysclk.o
 .debug_macro   0x00011111      0x197 src/ASF/common/services/clock/sam3x/sysclk.o
 .debug_macro   0x000112a8       0x22 src/ASF/common/services/clock/sam3x/sysclk.o
 .debug_macro   0x000112ca       0x16 src/ASF/common/services/clock/sam3x/sysclk.o
 .debug_macro   0x000112e0       0x16 src/ASF/common/services/clock/sam3x/sysclk.o
 .debug_macro   0x000112f6       0x29 src/ASF/common/services/clock/sam3x/sysclk.o
 .debug_macro   0x0001131f       0x6e src/ASF/common/services/clock/sam3x/sysclk.o
 .debug_macro   0x0001138d       0x45 src/ASF/common/services/clock/sam3x/sysclk.o
 .debug_macro   0x000113d2      0x3ca src/ASF/common/services/clock/sam3x/sysclk.o
 .debug_macro   0x0001179c      0x288 src/ASF/common/services/clock/sam3x/sysclk.o
 .debug_macro   0x00011a24      0x790 src/ASF/common/services/clock/sam3x/sysclk.o
 .debug_macro   0x000121b4       0x5e src/ASF/common/services/clock/sam3x/sysclk.o
 .debug_macro   0x00012212       0x64 src/ASF/common/services/clock/sam3x/sysclk.o
 .debug_macro   0x00012276       0x5f src/ASF/common/services/clock/sam3x/sysclk.o
 .debug_macro   0x000122d5       0x90 src/ASF/common/services/clock/sam3x/sysclk.o
 .debug_macro   0x00012365      0x4d4 src/ASF/common/utils/stdio/read.o
 .debug_macro   0x00012839      0x4d4 src/ASF/common/utils/stdio/write.o
 .debug_macro   0x00012d0d      0x593 src/ASF/sam/boards/arduino_due_x/init.o
 .debug_macro   0x000132a0       0x1c src/ASF/sam/boards/arduino_due_x/init.o
 .debug_macro   0x000132bc       0x94 src/ASF/sam/boards/arduino_due_x/init.o
 .debug_macro   0x00013350       0x40 src/ASF/sam/boards/arduino_due_x/init.o
 .debug_macro   0x00013390       0x6a src/ASF/sam/boards/arduino_due_x/init.o
 .debug_macro   0x000133fa      0x4ef src/ASF/sam/drivers/pio/pio.o
 .debug_macro   0x000138e9       0x8e src/ASF/sam/drivers/pio/pio.o
 .debug_macro   0x00013977      0x4f3 src/ASF/sam/drivers/pio/pio_handler.o
 .debug_macro   0x00013e6a      0x4e9 src/ASF/sam/drivers/pmc/pmc.o
 .debug_macro   0x00014353       0x58 src/ASF/sam/drivers/pmc/pmc.o
 .debug_macro   0x000143ab      0x4f0 src/ASF/sam/drivers/tc/tc.o
 .debug_macro   0x0001489b       0x16 src/ASF/sam/drivers/tc/tc.o
 .debug_macro   0x000148b1       0x4a src/ASF/sam/drivers/tc/tc.o
 .debug_macro   0x000148fb       0x1c src/ASF/sam/drivers/tc/tc.o
 .debug_macro   0x00014917      0x4e3 src/ASF/sam/drivers/uart/uart.o
 .debug_macro   0x00014dfa       0x16 src/ASF/sam/drivers/uart/uart.o
 .debug_macro   0x00014e10      0x51f src/ASF/sam/drivers/usart/usart.o
 .debug_macro   0x0001532f       0x28 src/ASF/sam/drivers/usart/usart.o
 .debug_macro   0x00015357      0x4e8 src/ASF/sam/utils/cmsis/sam3x/source/templates/exceptions.o
 .debug_macro   0x0001583f      0x4f6 src/ASF/sam/utils/cmsis/sam3x/source/templates/gcc/startup_sam3x.o
 .debug_macro   0x00015d35      0x4f6 src/ASF/sam/utils/cmsis/sam3x/source/templates/system_sam3x.o
 .debug_macro   0x0001622b       0x26 src/ASF/sam/utils/cmsis/sam3x/source/templates/system_sam3x.o
 .debug_macro   0x00016251      0x169 src/ASF/sam/utils/syscalls/gcc/syscalls.o
 .debug_macro   0x000163ba       0x97 src/ASF/sam/utils/syscalls/gcc/syscalls.o
 .debug_macro   0x00016451       0xef src/ASF/sam/utils/syscalls/gcc/syscalls.o
 .debug_macro   0x00016540       0x52 src/ASF/sam/utils/syscalls/gcc/syscalls.o
 .debug_macro   0x00016592       0x16 src/ASF/sam/utils/syscalls/gcc/syscalls.o
 .debug_macro   0x000165a8       0x10 src/ASF/sam/utils/syscalls/gcc/syscalls.o
 .debug_macro   0x000165b8       0x10 src/ASF/sam/utils/syscalls/gcc/syscalls.o
 .debug_macro   0x000165c8       0x10 src/ASF/sam/utils/syscalls/gcc/syscalls.o
 .debug_macro   0x000165d8       0x35 src/ASF/sam/utils/syscalls/gcc/syscalls.o
 .debug_macro   0x0001660d      0x122 src/ASF/sam/utils/syscalls/gcc/syscalls.o
 .debug_macro   0x0001672f      0x65e src/usart_serial_example_pdc.o
 .debug_macro   0x00016d8d       0x10 src/usart_serial_example_pdc.o
 .debug_macro   0x00016d9d       0x28 src/usart_serial_example_pdc.o

.debug_line     0x00000000     0xb6a6
 .debug_line    0x00000000      0xc0b src/ASF/common/services/clock/sam3x/sysclk.o
 .debug_line    0x00000c0b      0xaca src/ASF/common/utils/stdio/read.o
 .debug_line    0x000016d5      0xac0 src/ASF/common/utils/stdio/write.o
 .debug_line    0x00002195      0xcc8 src/ASF/sam/boards/arduino_due_x/init.o
 .debug_line    0x00002e5d      0xe2b src/ASF/sam/drivers/pio/pio.o
 .debug_line    0x00003c88      0xb71 src/ASF/sam/drivers/pio/pio_handler.o
 .debug_line    0x000047f9     0x105e src/ASF/sam/drivers/pmc/pmc.o
 .debug_line    0x00005857      0xc62 src/ASF/sam/drivers/tc/tc.o
 .debug_line    0x000064b9      0xc78 src/ASF/sam/drivers/uart/uart.o
 .debug_line    0x00007131     0x1193 src/ASF/sam/drivers/usart/usart.o
 .debug_line    0x000082c4      0xaa3 src/ASF/sam/utils/cmsis/sam3x/source/templates/exceptions.o
 .debug_line    0x00008d67      0xaed src/ASF/sam/utils/cmsis/sam3x/source/templates/gcc/startup_sam3x.o
 .debug_line    0x00009854      0xb08 src/ASF/sam/utils/cmsis/sam3x/source/templates/system_sam3x.o
 .debug_line    0x0000a35c      0x399 src/ASF/sam/utils/syscalls/gcc/syscalls.o
 .debug_line    0x0000a6f5      0xfb1 src/usart_serial_example_pdc.o

.debug_str      0x00000000    0x630e9
 .debug_str     0x00000000    0x5f0bb src/ASF/common/services/clock/sam3x/sysclk.o
                              0x5f400 (size before relaxing)
 .debug_str     0x0005f0bb       0x3f src/ASF/common/utils/stdio/read.o
                              0x5b591 (size before relaxing)
 .debug_str     0x0005f0fa       0x2e src/ASF/common/utils/stdio/write.o
                              0x5b593 (size before relaxing)
 .debug_str     0x0005f128      0xa89 src/ASF/sam/boards/arduino_due_x/init.o
                              0x5fbff (size before relaxing)
 .debug_str     0x0005fbb1      0x432 src/ASF/sam/drivers/pio/pio.o
                              0x5bf36 (size before relaxing)
 .debug_str     0x0005ffe3      0x45a src/ASF/sam/drivers/pio/pio_handler.o
                              0x5bf7e (size before relaxing)
 .debug_str     0x0006043d      0x691 src/ASF/sam/drivers/pmc/pmc.o
                              0x5bfac (size before relaxing)
 .debug_str     0x00060ace      0x39e src/ASF/sam/drivers/tc/tc.o
                              0x5b93a (size before relaxing)
 .debug_str     0x00060e6c      0x3b7 src/ASF/sam/drivers/uart/uart.o
                              0x5b957 (size before relaxing)
 .debug_str     0x00061223      0xb9d src/ASF/sam/drivers/usart/usart.o
                              0x5c208 (size before relaxing)
 .debug_str     0x00061dc0       0x4d src/ASF/sam/utils/cmsis/sam3x/source/templates/exceptions.o
                              0x5b5ab (size before relaxing)
 .debug_str     0x00061e0d       0xb2 src/ASF/sam/utils/cmsis/sam3x/source/templates/gcc/startup_sam3x.o
                              0x5b680 (size before relaxing)
 .debug_str     0x00061ebf      0x1cd src/ASF/sam/utils/cmsis/sam3x/source/templates/system_sam3x.o
                              0x5b893 (size before relaxing)
 .debug_str     0x0006208c      0x852 src/ASF/sam/utils/syscalls/gcc/syscalls.o
                               0x610a (size before relaxing)
 .debug_str     0x000628de      0x80b src/usart_serial_example_pdc.o
                              0x60955 (size before relaxing)

.debug_frame    0x00000000     0x1a7c
 .debug_frame   0x00000000       0x58 src/ASF/common/services/clock/sam3x/sysclk.o
 .debug_frame   0x00000058       0x38 src/ASF/common/utils/stdio/read.o
 .debug_frame   0x00000090       0x48 src/ASF/common/utils/stdio/write.o
 .debug_frame   0x000000d8       0x28 src/ASF/sam/boards/arduino_due_x/init.o
 .debug_frame   0x00000100      0x2b8 src/ASF/sam/drivers/pio/pio.o
 .debug_frame   0x000003b8       0xf8 src/ASF/sam/drivers/pio/pio_handler.o
 .debug_frame   0x000004b0      0x450 src/ASF/sam/drivers/pmc/pmc.o
 .debug_frame   0x00000900      0x1a4 src/ASF/sam/drivers/tc/tc.o
 .debug_frame   0x00000aa4      0x1bc src/ASF/sam/drivers/uart/uart.o
 .debug_frame   0x00000c60      0x5cc src/ASF/sam/drivers/usart/usart.o
 .debug_frame   0x0000122c       0x20 src/ASF/sam/utils/cmsis/sam3x/source/templates/exceptions.o
 .debug_frame   0x0000124c       0x28 src/ASF/sam/utils/cmsis/sam3x/source/templates/gcc/startup_sam3x.o
 .debug_frame   0x00001274       0x40 src/ASF/sam/utils/cmsis/sam3x/source/templates/system_sam3x.o
 .debug_frame   0x000012b4       0xa8 src/ASF/sam/utils/syscalls/gcc/syscalls.o
 .debug_frame   0x0000135c       0x8c src/usart_serial_example_pdc.o
 .debug_frame   0x000013e8       0x2c c:/program files (x86)/atmel/studio/7.0/toolchain/arm/arm-gnu-toolchain/bin/../lib/gcc/arm-none-eabi/4.9.3/../../../../arm-none-eabi/lib/armv7-m\libc.a(lib_a-init.o)
 .debug_frame   0x00001414       0x34 c:/program files (x86)/atmel/studio/7.0/toolchain/arm/arm-gnu-toolchain/bin/../lib/gcc/arm-none-eabi/4.9.3/../../../../arm-none-eabi/lib/armv7-m\libc.a(lib_a-memset.o)
 .debug_frame   0x00001448       0x20 c:/program files (x86)/atmel/studio/7.0/toolchain/arm/arm-gnu-toolchain/bin/../lib/gcc/arm-none-eabi/4.9.3/../../../../arm-none-eabi/lib/armv7-m\libc.a(lib_a-setbuf.o)
 .debug_frame   0x00001468       0x30 c:/program files (x86)/atmel/studio/7.0/toolchain/arm/arm-gnu-toolchain/bin/../lib/gcc/arm-none-eabi/4.9.3/../../../../arm-none-eabi/lib/armv7-m\libc.a(lib_a-setvbuf.o)
 .debug_frame   0x00001498       0x50 c:/program files (x86)/atmel/studio/7.0/toolchain/arm/arm-gnu-toolchain/bin/../lib/gcc/arm-none-eabi/4.9.3/../../../../arm-none-eabi/lib/armv7-m\libc.a(lib_a-__call_atexit.o)
 .debug_frame   0x000014e8       0x20 c:/program files (x86)/atmel/studio/7.0/toolchain/arm/arm-gnu-toolchain/bin/../lib/gcc/arm-none-eabi/4.9.3/../../../../arm-none-eabi/lib/armv7-m\libc.a(lib_a-atexit.o)
 .debug_frame   0x00001508       0x6c c:/program files (x86)/atmel/studio/7.0/toolchain/arm/arm-gnu-toolchain/bin/../lib/gcc/arm-none-eabi/4.9.3/../../../../arm-none-eabi/lib/armv7-m\libc.a(lib_a-fflush.o)
 .debug_frame   0x00001574      0x124 c:/program files (x86)/atmel/studio/7.0/toolchain/arm/arm-gnu-toolchain/bin/../lib/gcc/arm-none-eabi/4.9.3/../../../../arm-none-eabi/lib/armv7-m\libc.a(lib_a-findfp.o)
 .debug_frame   0x00001698       0x34 c:/program files (x86)/atmel/studio/7.0/toolchain/arm/arm-gnu-toolchain/bin/../lib/gcc/arm-none-eabi/4.9.3/../../../../arm-none-eabi/lib/armv7-m\libc.a(lib_a-fini.o)
 .debug_frame   0x000016cc       0x74 c:/program files (x86)/atmel/studio/7.0/toolchain/arm/arm-gnu-toolchain/bin/../lib/gcc/arm-none-eabi/4.9.3/../../../../arm-none-eabi/lib/armv7-m\libc.a(lib_a-freer.o)
 .debug_frame   0x00001740       0x54 c:/program files (x86)/atmel/studio/7.0/toolchain/arm/arm-gnu-toolchain/bin/../lib/gcc/arm-none-eabi/4.9.3/../../../../arm-none-eabi/lib/armv7-m\libc.a(lib_a-fwalk.o)
 .debug_frame   0x00001794       0x30 c:/program files (x86)/atmel/studio/7.0/toolchain/arm/arm-gnu-toolchain/bin/../lib/gcc/arm-none-eabi/4.9.3/../../../../arm-none-eabi/lib/armv7-m\libc.a(lib_a-malloc.o)
 .debug_frame   0x000017c4       0x54 c:/program files (x86)/atmel/studio/7.0/toolchain/arm/arm-gnu-toolchain/bin/../lib/gcc/arm-none-eabi/4.9.3/../../../../arm-none-eabi/lib/armv7-m\libc.a(lib_a-mallocr.o)
 .debug_frame   0x00001818       0x30 c:/program files (x86)/atmel/studio/7.0/toolchain/arm/arm-gnu-toolchain/bin/../lib/gcc/arm-none-eabi/4.9.3/../../../../arm-none-eabi/lib/armv7-m\libc.a(lib_a-mlock.o)
 .debug_frame   0x00001848       0x2c c:/program files (x86)/atmel/studio/7.0/toolchain/arm/arm-gnu-toolchain/bin/../lib/gcc/arm-none-eabi/4.9.3/../../../../arm-none-eabi/lib/armv7-m\libc.a(lib_a-sbrkr.o)
 .debug_frame   0x00001874       0x88 c:/program files (x86)/atmel/studio/7.0/toolchain/arm/arm-gnu-toolchain/bin/../lib/gcc/arm-none-eabi/4.9.3/../../../../arm-none-eabi/lib/armv7-m\libc.a(lib_a-stdio.o)
 .debug_frame   0x000018fc       0x2c c:/program files (x86)/atmel/studio/7.0/toolchain/arm/arm-gnu-toolchain/bin/../lib/gcc/arm-none-eabi/4.9.3/../../../../arm-none-eabi/lib/armv7-m\libc.a(lib_a-writer.o)
 .debug_frame   0x00001928       0x34 c:/program files (x86)/atmel/studio/7.0/toolchain/arm/arm-gnu-toolchain/bin/../lib/gcc/arm-none-eabi/4.9.3/../../../../arm-none-eabi/lib/armv7-m\libc.a(lib_a-__atexit.o)
 .debug_frame   0x0000195c       0x2c c:/program files (x86)/atmel/studio/7.0/toolchain/arm/arm-gnu-toolchain/bin/../lib/gcc/arm-none-eabi/4.9.3/../../../../arm-none-eabi/lib/armv7-m\libc.a(lib_a-closer.o)
 .debug_frame   0x00001988       0x44 c:/program files (x86)/atmel/studio/7.0/toolchain/arm/arm-gnu-toolchain/bin/../lib/gcc/arm-none-eabi/4.9.3/../../../../arm-none-eabi/lib/armv7-m\libc.a(lib_a-fclose.o)
 .debug_frame   0x000019cc       0x2c c:/program files (x86)/atmel/studio/7.0/toolchain/arm/arm-gnu-toolchain/bin/../lib/gcc/arm-none-eabi/4.9.3/../../../../arm-none-eabi/lib/armv7-m\libc.a(lib_a-lseekr.o)
 .debug_frame   0x000019f8       0x2c c:/program files (x86)/atmel/studio/7.0/toolchain/arm/arm-gnu-toolchain/bin/../lib/gcc/arm-none-eabi/4.9.3/../../../../arm-none-eabi/lib/armv7-m\libc.a(lib_a-readr.o)
 .debug_frame   0x00001a24       0x58 c:/program files (x86)/atmel/studio/7.0/toolchain/arm/arm-gnu-toolchain/bin/../lib/gcc/arm-none-eabi/4.9.3/../../../../arm-none-eabi/lib/armv7-m\libc.a(lib_a-reent.o)

Cross Reference Table

Symbol                                            File
ADC_Handler                                       src/ASF/sam/utils/cmsis/sam3x/source/templates/exceptions.o
                                                  src/ASF/sam/utils/cmsis/sam3x/source/templates/gcc/startup_sam3x.o
BusFault_Handler                                  src/ASF/sam/utils/cmsis/sam3x/source/templates/exceptions.o
                                                  src/ASF/sam/utils/cmsis/sam3x/source/templates/gcc/startup_sam3x.o
CAN0_Handler                                      src/ASF/sam/utils/cmsis/sam3x/source/templates/exceptions.o
                                                  src/ASF/sam/utils/cmsis/sam3x/source/templates/gcc/startup_sam3x.o
CAN1_Handler                                      src/ASF/sam/utils/cmsis/sam3x/source/templates/exceptions.o
                                                  src/ASF/sam/utils/cmsis/sam3x/source/templates/gcc/startup_sam3x.o
DACC_Handler                                      src/ASF/sam/utils/cmsis/sam3x/source/templates/exceptions.o
                                                  src/ASF/sam/utils/cmsis/sam3x/source/templates/gcc/startup_sam3x.o
DMAC_Handler                                      src/ASF/sam/utils/cmsis/sam3x/source/templates/exceptions.o
                                                  src/ASF/sam/utils/cmsis/sam3x/source/templates/gcc/startup_sam3x.o
DSM2_Data                                         src/usart_serial_example_pdc.o
DebugMon_Handler                                  src/ASF/sam/utils/cmsis/sam3x/source/templates/exceptions.o
                                                  src/ASF/sam/utils/cmsis/sam3x/source/templates/gcc/startup_sam3x.o
Dummy_Handler                                     src/ASF/sam/utils/cmsis/sam3x/source/templates/exceptions.o
EFC0_Handler                                      src/ASF/sam/utils/cmsis/sam3x/source/templates/exceptions.o
                                                  src/ASF/sam/utils/cmsis/sam3x/source/templates/gcc/startup_sam3x.o
EFC1_Handler                                      src/ASF/sam/utils/cmsis/sam3x/source/templates/exceptions.o
                                                  src/ASF/sam/utils/cmsis/sam3x/source/templates/gcc/startup_sam3x.o
EMAC_Handler                                      src/ASF/sam/utils/cmsis/sam3x/source/templates/exceptions.o
                                                  src/ASF/sam/utils/cmsis/sam3x/source/templates/gcc/startup_sam3x.o
HSMCI_Handler                                     src/ASF/sam/utils/cmsis/sam3x/source/templates/exceptions.o
                                                  src/ASF/sam/utils/cmsis/sam3x/source/templates/gcc/startup_sam3x.o
HardFault_Handler                                 src/ASF/sam/utils/cmsis/sam3x/source/templates/exceptions.o
                                                  src/ASF/sam/utils/cmsis/sam3x/source/templates/gcc/startup_sam3x.o
MemManage_Handler                                 src/ASF/sam/utils/cmsis/sam3x/source/templates/exceptions.o
                                                  src/ASF/sam/utils/cmsis/sam3x/source/templates/gcc/startup_sam3x.o
NMI_Handler                                       src/ASF/sam/utils/cmsis/sam3x/source/templates/exceptions.o
                                                  src/ASF/sam/utils/cmsis/sam3x/source/templates/gcc/startup_sam3x.o
PIOA_Handler                                      src/ASF/sam/drivers/pio/pio_handler.o
                                                  src/ASF/sam/utils/cmsis/sam3x/source/templates/gcc/startup_sam3x.o
PIOB_Handler                                      src/ASF/sam/drivers/pio/pio_handler.o
                                                  src/ASF/sam/utils/cmsis/sam3x/source/templates/gcc/startup_sam3x.o
PIOC_Handler                                      src/ASF/sam/drivers/pio/pio_handler.o
                                                  src/ASF/sam/utils/cmsis/sam3x/source/templates/gcc/startup_sam3x.o
PIOD_Handler                                      src/ASF/sam/drivers/pio/pio_handler.o
                                                  src/ASF/sam/utils/cmsis/sam3x/source/templates/gcc/startup_sam3x.o
PMC_Handler                                       src/ASF/sam/utils/cmsis/sam3x/source/templates/exceptions.o
                                                  src/ASF/sam/utils/cmsis/sam3x/source/templates/gcc/startup_sam3x.o
PWM_Handler                                       src/ASF/sam/utils/cmsis/sam3x/source/templates/exceptions.o
                                                  src/ASF/sam/utils/cmsis/sam3x/source/templates/gcc/startup_sam3x.o
PendSV_Handler                                    src/ASF/sam/utils/cmsis/sam3x/source/templates/exceptions.o
                                                  src/ASF/sam/utils/cmsis/sam3x/source/templates/gcc/startup_sam3x.o
RSTC_Handler                                      src/ASF/sam/utils/cmsis/sam3x/source/templates/exceptions.o
                                                  src/ASF/sam/utils/cmsis/sam3x/source/templates/gcc/startup_sam3x.o
RTC_Handler                                       src/ASF/sam/utils/cmsis/sam3x/source/templates/exceptions.o
                                                  src/ASF/sam/utils/cmsis/sam3x/source/templates/gcc/startup_sam3x.o
RTT_Handler                                       src/ASF/sam/utils/cmsis/sam3x/source/templates/exceptions.o
                                                  src/ASF/sam/utils/cmsis/sam3x/source/templates/gcc/startup_sam3x.o
Reset_Handler                                     src/ASF/sam/utils/cmsis/sam3x/source/templates/gcc/startup_sam3x.o
SMC_Handler                                       src/ASF/sam/utils/cmsis/sam3x/source/templates/exceptions.o
                                                  src/ASF/sam/utils/cmsis/sam3x/source/templates/gcc/startup_sam3x.o
SPI0_Handler                                      src/ASF/sam/utils/cmsis/sam3x/source/templates/exceptions.o
                                                  src/ASF/sam/utils/cmsis/sam3x/source/templates/gcc/startup_sam3x.o
SSC_Handler                                       src/ASF/sam/utils/cmsis/sam3x/source/templates/exceptions.o
                                                  src/ASF/sam/utils/cmsis/sam3x/source/templates/gcc/startup_sam3x.o
SUPC_Handler                                      src/ASF/sam/utils/cmsis/sam3x/source/templates/exceptions.o
                                                  src/ASF/sam/utils/cmsis/sam3x/source/templates/gcc/startup_sam3x.o
SVC_Handler                                       src/ASF/sam/utils/cmsis/sam3x/source/templates/exceptions.o
                                                  src/ASF/sam/utils/cmsis/sam3x/source/templates/gcc/startup_sam3x.o
SysTick_Handler                                   src/ASF/sam/utils/cmsis/sam3x/source/templates/exceptions.o
                                                  src/ASF/sam/utils/cmsis/sam3x/source/templates/gcc/startup_sam3x.o
SystemCoreClock                                   src/ASF/sam/utils/cmsis/sam3x/source/templates/system_sam3x.o
SystemCoreClockUpdate                             src/ASF/sam/utils/cmsis/sam3x/source/templates/system_sam3x.o
                                                  src/ASF/common/services/clock/sam3x/sysclk.o
SystemInit                                        src/ASF/sam/utils/cmsis/sam3x/source/templates/system_sam3x.o
TC0_Handler                                       src/ASF/sam/utils/cmsis/sam3x/source/templates/exceptions.o
                                                  src/ASF/sam/utils/cmsis/sam3x/source/templates/gcc/startup_sam3x.o
TC1_Handler                                       src/ASF/sam/utils/cmsis/sam3x/source/templates/exceptions.o
                                                  src/ASF/sam/utils/cmsis/sam3x/source/templates/gcc/startup_sam3x.o
TC2_Handler                                       src/ASF/sam/utils/cmsis/sam3x/source/templates/exceptions.o
                                                  src/ASF/sam/utils/cmsis/sam3x/source/templates/gcc/startup_sam3x.o
TC3_Handler                                       src/usart_serial_example_pdc.o
                                                  src/ASF/sam/utils/cmsis/sam3x/source/templates/exceptions.o
                                                  src/ASF/sam/utils/cmsis/sam3x/source/templates/gcc/startup_sam3x.o
TC4_Handler                                       src/ASF/sam/utils/cmsis/sam3x/source/templates/exceptions.o
                                                  src/ASF/sam/utils/cmsis/sam3x/source/templates/gcc/startup_sam3x.o
TC5_Handler                                       src/ASF/sam/utils/cmsis/sam3x/source/templates/exceptions.o
                                                  src/ASF/sam/utils/cmsis/sam3x/source/templates/gcc/startup_sam3x.o
TC6_Handler                                       src/ASF/sam/utils/cmsis/sam3x/source/templates/exceptions.o
                                                  src/ASF/sam/utils/cmsis/sam3x/source/templates/gcc/startup_sam3x.o
TC7_Handler                                       src/ASF/sam/utils/cmsis/sam3x/source/templates/exceptions.o
                                                  src/ASF/sam/utils/cmsis/sam3x/source/templates/gcc/startup_sam3x.o
TC8_Handler                                       src/ASF/sam/utils/cmsis/sam3x/source/templates/exceptions.o
                                                  src/ASF/sam/utils/cmsis/sam3x/source/templates/gcc/startup_sam3x.o
TRNG_Handler                                      src/ASF/sam/utils/cmsis/sam3x/source/templates/exceptions.o
                                                  src/ASF/sam/utils/cmsis/sam3x/source/templates/gcc/startup_sam3x.o
TWI0_Handler                                      src/ASF/sam/utils/cmsis/sam3x/source/templates/exceptions.o
                                                  src/ASF/sam/utils/cmsis/sam3x/source/templates/gcc/startup_sam3x.o
TWI1_Handler                                      src/ASF/sam/utils/cmsis/sam3x/source/templates/exceptions.o
                                                  src/ASF/sam/utils/cmsis/sam3x/source/templates/gcc/startup_sam3x.o
UART_Handler                                      src/ASF/sam/utils/cmsis/sam3x/source/templates/exceptions.o
                                                  src/ASF/sam/utils/cmsis/sam3x/source/templates/gcc/startup_sam3x.o
UOTGHS_Handler                                    src/ASF/sam/utils/cmsis/sam3x/source/templates/exceptions.o
                                                  src/ASF/sam/utils/cmsis/sam3x/source/templates/gcc/startup_sam3x.o
USART0_Handler                                    src/ASF/sam/utils/cmsis/sam3x/source/templates/exceptions.o
                                                  src/ASF/sam/utils/cmsis/sam3x/source/templates/gcc/startup_sam3x.o
USART1_Handler                                    src/ASF/sam/utils/cmsis/sam3x/source/templates/exceptions.o
                                                  src/ASF/sam/utils/cmsis/sam3x/source/templates/gcc/startup_sam3x.o
USART2_Handler                                    src/ASF/sam/utils/cmsis/sam3x/source/templates/exceptions.o
                                                  src/ASF/sam/utils/cmsis/sam3x/source/templates/gcc/startup_sam3x.o
USART3_Handler                                    src/ASF/sam/utils/cmsis/sam3x/source/templates/exceptions.o
                                                  src/ASF/sam/utils/cmsis/sam3x/source/templates/gcc/startup_sam3x.o
UsageFault_Handler                                src/ASF/sam/utils/cmsis/sam3x/source/templates/exceptions.o
                                                  src/ASF/sam/utils/cmsis/sam3x/source/templates/gcc/startup_sam3x.o
WDT_Handler                                       src/ASF/sam/utils/cmsis/sam3x/source/templates/exceptions.o
                                                  src/ASF/sam/utils/cmsis/sam3x/source/templates/gcc/startup_sam3x.o
_Jv_RegisterClasses                               c:/program files (x86)/atmel/studio/7.0/toolchain/arm/arm-gnu-toolchain/bin/../lib/gcc/arm-none-eabi/4.9.3/armv7-m/crtbegin.o
_PathLocale                                       c:/program files (x86)/atmel/studio/7.0/toolchain/arm/arm-gnu-toolchain/bin/../lib/gcc/arm-none-eabi/4.9.3/../../../../arm-none-eabi/lib/armv7-m\libc.a(lib_a-locale.o)
__aeabi_idiv0                                     c:/program files (x86)/atmel/studio/7.0/toolchain/arm/arm-gnu-toolchain/bin/../lib/gcc/arm-none-eabi/4.9.3/armv7-m\libgcc.a(_dvmd_tls.o)
__aeabi_ldiv0                                     c:/program files (x86)/atmel/studio/7.0/toolchain/arm/arm-gnu-toolchain/bin/../lib/gcc/arm-none-eabi/4.9.3/armv7-m\libgcc.a(_dvmd_tls.o)
                                                  c:/program files (x86)/atmel/studio/7.0/toolchain/arm/arm-gnu-toolchain/bin/../lib/gcc/arm-none-eabi/4.9.3/armv7-m\libgcc.a(_aeabi_uldivmod.o)
__aeabi_uldivmod                                  c:/program files (x86)/atmel/studio/7.0/toolchain/arm/arm-gnu-toolchain/bin/../lib/gcc/arm-none-eabi/4.9.3/armv7-m\libgcc.a(_aeabi_uldivmod.o)
                                                  c:/program files (x86)/atmel/studio/7.0/toolchain/arm/arm-gnu-toolchain/bin/../lib/gcc/arm-none-eabi/4.9.3/../../../../arm-none-eabi/lib/armv7-m\libc.a(lib_a-vfiprintf.o)
__ascii_wctomb                                    c:/program files (x86)/atmel/studio/7.0/toolchain/arm/arm-gnu-toolchain/bin/../lib/gcc/arm-none-eabi/4.9.3/../../../../arm-none-eabi/lib/armv7-m\libc.a(lib_a-wctomb_r.o)
__bss_end__                                       c:/program files (x86)/atmel/studio/7.0/toolchain/arm/arm-gnu-toolchain/bin/../lib/gcc/arm-none-eabi/4.9.3/../../../../arm-none-eabi/lib/armv7-m/crt0.o
__bss_start__                                     c:/program files (x86)/atmel/studio/7.0/toolchain/arm/arm-gnu-toolchain/bin/../lib/gcc/arm-none-eabi/4.9.3/../../../../arm-none-eabi/lib/armv7-m/crt0.o
__call_exitprocs                                  c:/program files (x86)/atmel/studio/7.0/toolchain/arm/arm-gnu-toolchain/bin/../lib/gcc/arm-none-eabi/4.9.3/../../../../arm-none-eabi/lib/armv7-m\libc.a(lib_a-__call_atexit.o)
                                                  c:/program files (x86)/atmel/studio/7.0/toolchain/arm/arm-gnu-toolchain/bin/../lib/gcc/arm-none-eabi/4.9.3/../../../../arm-none-eabi/lib/armv7-m\libc.a(lib_a-exit.o)
__deregister_frame_info                           c:/program files (x86)/atmel/studio/7.0/toolchain/arm/arm-gnu-toolchain/bin/../lib/gcc/arm-none-eabi/4.9.3/armv7-m/crtbegin.o
__divdi3                                          c:/program files (x86)/atmel/studio/7.0/toolchain/arm/arm-gnu-toolchain/bin/../lib/gcc/arm-none-eabi/4.9.3/armv7-m\libgcc.a(_divdi3.o)
                                                  c:/program files (x86)/atmel/studio/7.0/toolchain/arm/arm-gnu-toolchain/bin/../lib/gcc/arm-none-eabi/4.9.3/armv7-m\libgcc.a(bpabi.o)
__dso_handle                                      c:/program files (x86)/atmel/studio/7.0/toolchain/arm/arm-gnu-toolchain/bin/../lib/gcc/arm-none-eabi/4.9.3/armv7-m/crtbegin.o
__fini_array_end                                  c:/program files (x86)/atmel/studio/7.0/toolchain/arm/arm-gnu-toolchain/bin/../lib/gcc/arm-none-eabi/4.9.3/../../../../arm-none-eabi/lib/armv7-m\libc.a(lib_a-fini.o)
__fini_array_start                                c:/program files (x86)/atmel/studio/7.0/toolchain/arm/arm-gnu-toolchain/bin/../lib/gcc/arm-none-eabi/4.9.3/../../../../arm-none-eabi/lib/armv7-m\libc.a(lib_a-fini.o)
__fp_lock_all                                     c:/program files (x86)/atmel/studio/7.0/toolchain/arm/arm-gnu-toolchain/bin/../lib/gcc/arm-none-eabi/4.9.3/../../../../arm-none-eabi/lib/armv7-m\libc.a(lib_a-findfp.o)
__fp_unlock_all                                   c:/program files (x86)/atmel/studio/7.0/toolchain/arm/arm-gnu-toolchain/bin/../lib/gcc/arm-none-eabi/4.9.3/../../../../arm-none-eabi/lib/armv7-m\libc.a(lib_a-findfp.o)
__fputwc                                          c:/program files (x86)/atmel/studio/7.0/toolchain/arm/arm-gnu-toolchain/bin/../lib/gcc/arm-none-eabi/4.9.3/../../../../arm-none-eabi/lib/armv7-m\libc.a(lib_a-fputwc.o)
__gnu_ldivmod_helper                              c:/program files (x86)/atmel/studio/7.0/toolchain/arm/arm-gnu-toolchain/bin/../lib/gcc/arm-none-eabi/4.9.3/armv7-m\libgcc.a(bpabi.o)
__gnu_uldivmod_helper                             c:/program files (x86)/atmel/studio/7.0/toolchain/arm/arm-gnu-toolchain/bin/../lib/gcc/arm-none-eabi/4.9.3/armv7-m\libgcc.a(bpabi.o)
                                                  c:/program files (x86)/atmel/studio/7.0/toolchain/arm/arm-gnu-toolchain/bin/../lib/gcc/arm-none-eabi/4.9.3/armv7-m\libgcc.a(_aeabi_uldivmod.o)
__init_array_end                                  c:/program files (x86)/atmel/studio/7.0/toolchain/arm/arm-gnu-toolchain/bin/../lib/gcc/arm-none-eabi/4.9.3/../../../../arm-none-eabi/lib/armv7-m\libc.a(lib_a-init.o)
__init_array_start                                c:/program files (x86)/atmel/studio/7.0/toolchain/arm/arm-gnu-toolchain/bin/../lib/gcc/arm-none-eabi/4.9.3/../../../../arm-none-eabi/lib/armv7-m\libc.a(lib_a-init.o)
__libc_fini                                       c:/program files (x86)/atmel/studio/7.0/toolchain/arm/arm-gnu-toolchain/bin/../lib/gcc/arm-none-eabi/4.9.3/../../../../arm-none-eabi/lib/armv7-m\libc.a(lib_a-__call_atexit.o)
__libc_fini_array                                 c:/program files (x86)/atmel/studio/7.0/toolchain/arm/arm-gnu-toolchain/bin/../lib/gcc/arm-none-eabi/4.9.3/../../../../arm-none-eabi/lib/armv7-m\libc.a(lib_a-fini.o)
                                                  c:/program files (x86)/atmel/studio/7.0/toolchain/arm/arm-gnu-toolchain/bin/../lib/gcc/arm-none-eabi/4.9.3/../../../../arm-none-eabi/lib/armv7-m\libc.a(lib_a-__call_atexit.o)
                                                  c:/program files (x86)/atmel/studio/7.0/toolchain/arm/arm-gnu-toolchain/bin/../lib/gcc/arm-none-eabi/4.9.3/../../../../arm-none-eabi/lib/armv7-m/crt0.o
__libc_init_array                                 c:/program files (x86)/atmel/studio/7.0/toolchain/arm/arm-gnu-toolchain/bin/../lib/gcc/arm-none-eabi/4.9.3/../../../../arm-none-eabi/lib/armv7-m\libc.a(lib_a-init.o)
                                                  src/ASF/sam/utils/cmsis/sam3x/source/templates/gcc/startup_sam3x.o
                                                  c:/program files (x86)/atmel/studio/7.0/toolchain/arm/arm-gnu-toolchain/bin/../lib/gcc/arm-none-eabi/4.9.3/../../../../arm-none-eabi/lib/armv7-m/crt0.o
__locale_charset                                  c:/program files (x86)/atmel/studio/7.0/toolchain/arm/arm-gnu-toolchain/bin/../lib/gcc/arm-none-eabi/4.9.3/../../../../arm-none-eabi/lib/armv7-m\libc.a(lib_a-locale.o)
                                                  c:/program files (x86)/atmel/studio/7.0/toolchain/arm/arm-gnu-toolchain/bin/../lib/gcc/arm-none-eabi/4.9.3/../../../../arm-none-eabi/lib/armv7-m\libc.a(lib_a-wctomb_r.o)
                                                  c:/program files (x86)/atmel/studio/7.0/toolchain/arm/arm-gnu-toolchain/bin/../lib/gcc/arm-none-eabi/4.9.3/../../../../arm-none-eabi/lib/armv7-m\libc.a(lib_a-wcrtomb.o)
__locale_cjk_lang                                 c:/program files (x86)/atmel/studio/7.0/toolchain/arm/arm-gnu-toolchain/bin/../lib/gcc/arm-none-eabi/4.9.3/../../../../arm-none-eabi/lib/armv7-m\libc.a(lib_a-locale.o)
__locale_mb_cur_max                               c:/program files (x86)/atmel/studio/7.0/toolchain/arm/arm-gnu-toolchain/bin/../lib/gcc/arm-none-eabi/4.9.3/../../../../arm-none-eabi/lib/armv7-m\libc.a(lib_a-locale.o)
                                                  c:/program files (x86)/atmel/studio/7.0/toolchain/arm/arm-gnu-toolchain/bin/../lib/gcc/arm-none-eabi/4.9.3/../../../../arm-none-eabi/lib/armv7-m\libc.a(lib_a-fputwc.o)
__locale_msgcharset                               c:/program files (x86)/atmel/studio/7.0/toolchain/arm/arm-gnu-toolchain/bin/../lib/gcc/arm-none-eabi/4.9.3/../../../../arm-none-eabi/lib/armv7-m\libc.a(lib_a-locale.o)
__malloc_av_                                      c:/program files (x86)/atmel/studio/7.0/toolchain/arm/arm-gnu-toolchain/bin/../lib/gcc/arm-none-eabi/4.9.3/../../../../arm-none-eabi/lib/armv7-m\libc.a(lib_a-mallocr.o)
                                                  c:/program files (x86)/atmel/studio/7.0/toolchain/arm/arm-gnu-toolchain/bin/../lib/gcc/arm-none-eabi/4.9.3/../../../../arm-none-eabi/lib/armv7-m\libc.a(lib_a-reallocr.o)
                                                  c:/program files (x86)/atmel/studio/7.0/toolchain/arm/arm-gnu-toolchain/bin/../lib/gcc/arm-none-eabi/4.9.3/../../../../arm-none-eabi/lib/armv7-m\libc.a(lib_a-freer.o)
__malloc_current_mallinfo                         c:/program files (x86)/atmel/studio/7.0/toolchain/arm/arm-gnu-toolchain/bin/../lib/gcc/arm-none-eabi/4.9.3/../../../../arm-none-eabi/lib/armv7-m\libc.a(lib_a-mallocr.o)
                                                  c:/program files (x86)/atmel/studio/7.0/toolchain/arm/arm-gnu-toolchain/bin/../lib/gcc/arm-none-eabi/4.9.3/../../../../arm-none-eabi/lib/armv7-m\libc.a(lib_a-freer.o)
__malloc_lock                                     c:/program files (x86)/atmel/studio/7.0/toolchain/arm/arm-gnu-toolchain/bin/../lib/gcc/arm-none-eabi/4.9.3/../../../../arm-none-eabi/lib/armv7-m\libc.a(lib_a-mlock.o)
                                                  c:/program files (x86)/atmel/studio/7.0/toolchain/arm/arm-gnu-toolchain/bin/../lib/gcc/arm-none-eabi/4.9.3/../../../../arm-none-eabi/lib/armv7-m\libc.a(lib_a-reallocr.o)
                                                  c:/program files (x86)/atmel/studio/7.0/toolchain/arm/arm-gnu-toolchain/bin/../lib/gcc/arm-none-eabi/4.9.3/../../../../arm-none-eabi/lib/armv7-m\libc.a(lib_a-mallocr.o)
                                                  c:/program files (x86)/atmel/studio/7.0/toolchain/arm/arm-gnu-toolchain/bin/../lib/gcc/arm-none-eabi/4.9.3/../../../../arm-none-eabi/lib/armv7-m\libc.a(lib_a-freer.o)
__malloc_max_sbrked_mem                           c:/program files (x86)/atmel/studio/7.0/toolchain/arm/arm-gnu-toolchain/bin/../lib/gcc/arm-none-eabi/4.9.3/../../../../arm-none-eabi/lib/armv7-m\libc.a(lib_a-mallocr.o)
__malloc_max_total_mem                            c:/program files (x86)/atmel/studio/7.0/toolchain/arm/arm-gnu-toolchain/bin/../lib/gcc/arm-none-eabi/4.9.3/../../../../arm-none-eabi/lib/armv7-m\libc.a(lib_a-mallocr.o)
__malloc_sbrk_base                                c:/program files (x86)/atmel/studio/7.0/toolchain/arm/arm-gnu-toolchain/bin/../lib/gcc/arm-none-eabi/4.9.3/../../../../arm-none-eabi/lib/armv7-m\libc.a(lib_a-mallocr.o)
                                                  c:/program files (x86)/atmel/studio/7.0/toolchain/arm/arm-gnu-toolchain/bin/../lib/gcc/arm-none-eabi/4.9.3/../../../../arm-none-eabi/lib/armv7-m\libc.a(lib_a-freer.o)
__malloc_top_pad                                  c:/program files (x86)/atmel/studio/7.0/toolchain/arm/arm-gnu-toolchain/bin/../lib/gcc/arm-none-eabi/4.9.3/../../../../arm-none-eabi/lib/armv7-m\libc.a(lib_a-mallocr.o)
                                                  c:/program files (x86)/atmel/studio/7.0/toolchain/arm/arm-gnu-toolchain/bin/../lib/gcc/arm-none-eabi/4.9.3/../../../../arm-none-eabi/lib/armv7-m\libc.a(lib_a-freer.o)
__malloc_trim_threshold                           c:/program files (x86)/atmel/studio/7.0/toolchain/arm/arm-gnu-toolchain/bin/../lib/gcc/arm-none-eabi/4.9.3/../../../../arm-none-eabi/lib/armv7-m\libc.a(lib_a-mallocr.o)
                                                  c:/program files (x86)/atmel/studio/7.0/toolchain/arm/arm-gnu-toolchain/bin/../lib/gcc/arm-none-eabi/4.9.3/../../../../arm-none-eabi/lib/armv7-m\libc.a(lib_a-freer.o)
__malloc_unlock                                   c:/program files (x86)/atmel/studio/7.0/toolchain/arm/arm-gnu-toolchain/bin/../lib/gcc/arm-none-eabi/4.9.3/../../../../arm-none-eabi/lib/armv7-m\libc.a(lib_a-mlock.o)
                                                  c:/program files (x86)/atmel/studio/7.0/toolchain/arm/arm-gnu-toolchain/bin/../lib/gcc/arm-none-eabi/4.9.3/../../../../arm-none-eabi/lib/armv7-m\libc.a(lib_a-reallocr.o)
                                                  c:/program files (x86)/atmel/studio/7.0/toolchain/arm/arm-gnu-toolchain/bin/../lib/gcc/arm-none-eabi/4.9.3/../../../../arm-none-eabi/lib/armv7-m\libc.a(lib_a-mallocr.o)
                                                  c:/program files (x86)/atmel/studio/7.0/toolchain/arm/arm-gnu-toolchain/bin/../lib/gcc/arm-none-eabi/4.9.3/../../../../arm-none-eabi/lib/armv7-m\libc.a(lib_a-freer.o)
__mb_cur_max                                      c:/program files (x86)/atmel/studio/7.0/toolchain/arm/arm-gnu-toolchain/bin/../lib/gcc/arm-none-eabi/4.9.3/../../../../arm-none-eabi/lib/armv7-m\libc.a(lib_a-locale.o)
__mlocale_changed                                 c:/program files (x86)/atmel/studio/7.0/toolchain/arm/arm-gnu-toolchain/bin/../lib/gcc/arm-none-eabi/4.9.3/../../../../arm-none-eabi/lib/armv7-m\libc.a(lib_a-locale.o)
__nlocale_changed                                 c:/program files (x86)/atmel/studio/7.0/toolchain/arm/arm-gnu-toolchain/bin/../lib/gcc/arm-none-eabi/4.9.3/../../../../arm-none-eabi/lib/armv7-m\libc.a(lib_a-locale.o)
__preinit_array_end                               c:/program files (x86)/atmel/studio/7.0/toolchain/arm/arm-gnu-toolchain/bin/../lib/gcc/arm-none-eabi/4.9.3/../../../../arm-none-eabi/lib/armv7-m\libc.a(lib_a-init.o)
__preinit_array_start                             c:/program files (x86)/atmel/studio/7.0/toolchain/arm/arm-gnu-toolchain/bin/../lib/gcc/arm-none-eabi/4.9.3/../../../../arm-none-eabi/lib/armv7-m\libc.a(lib_a-init.o)
__ram_end__                                       src/ASF/sam/utils/syscalls/gcc/syscalls.o
__register_exitproc                               c:/program files (x86)/atmel/studio/7.0/toolchain/arm/arm-gnu-toolchain/bin/../lib/gcc/arm-none-eabi/4.9.3/../../../../arm-none-eabi/lib/armv7-m\libc.a(lib_a-__atexit.o)
                                                  c:/program files (x86)/atmel/studio/7.0/toolchain/arm/arm-gnu-toolchain/bin/../lib/gcc/arm-none-eabi/4.9.3/../../../../arm-none-eabi/lib/armv7-m\libc.a(lib_a-atexit.o)